flow_datalink,l3_proto,src_ip,dst_ip,l4_proto,src_port,dst_port,flow_state,flow_src_packets_processed,flow_dst_packets_processed,flow_first_seen,flow_src_last_pkt_time,flow_dst_last_pkt_time,flow_src_min_l4_payload_len,flow_dst_min_l4_payload_len,flow_src_max_l4_payload_len,flow_dst_max_l4_payload_len,flow_src_tot_l4_payload_len,flow_dst_tot_l4_payload_len,midstream,iat_min,iat_avg,iat_max,iat_stddev,iat_var,iat_ent,iat_data,pktlen_min,pktlen_avg,pktlen_max,pktlen_stddev,pktlen_var,pktlen_ent,pktlen_data,bins_c_to_s,bins_s_to_c,directions,entropies,proto,proto_id,encrypted,breed,category,confidence_id,confidence,risks
1,ip4,10.2.25.102,193.252.22.84,tcp,57309,587,finished,13,19,1645830066121611,1645830074471734,1645830074471604,0,0,698,160,898,391,0,254,538713.4,3056402,774055.0,599161176064.0,3.7,"749523,749719,1106307,1106777,773,369838,370621,895,325625,326244,506,323,737,841210,842439,907,363,438,3054676,3056402,1628,247201,247778,521,1205120,1205575,420,442964,443628,704,254",40,80.8,738,121.9,14849.5,4.3,"52,44,40,94,61,40,200,52,40,58,72,40,42,40,58,56,40,42,40,80,77,40,86,73,40,87,46,40,48,79,40,738","8,4,0,0,0,0,0,0,0,0,0,0,0,0,0,0,0,0,0,0,0,1,0,0,0,0,0,0,0,0,0,0,0,0,0,0,0,0,0,0,0,0,0,0,0,0,0,0","14,4,0,0,0,1,0,0,0,0,0,0,0,0,0,0,0,0,0,0,0,0,0,0,0,0,0,0,0,0,0,0,0,0,0,0,0,0,0,0,0,0,0,0,0,0,0,0","0,1,0,1,0,1,1,0,1,1,0,1,0,1,1,0,1,0,1,1,0,1,1,0,1,1,0,1,1,0,1,0","4.644789696,4.953416348,4.981687069,5.477373600,5.387795925,4.784183979,5.738989830,5.361793995,4.834184170,5.487123966,5.654376030,4.784183979,4.955064297,4.734184265,5.288679600,5.421465874,4.784183979,4.859826565,4.784183979,5.343945503,5.557319641,4.765312195,5.392617702,5.626545429,4.834184170,5.525993347,5.097266674,4.834184170,5.095175266,5.329178810,4.784184456,5.639209747",SMTP,3,0,Acceptable,Email,6,DPI,""
1,ip4,10.3.29.101,104.161.127.22,tcp,56309,80,finished,12,20,1648563468993352,1648563469442201,1648563469442152,0,0,446,1361,446,24498,0,77,28956.4,204389,59845.4,3581476608.0,2.7,"115764,115896,335,518,204207,77,204389,352,224,565,217,228,441,212,496,705,246,220,470,115050,221,115302,340,251,573,9235,226,9483,474,242,690",40,820.0,1401,663.1,439751.8,4.4,"52,44,40,486,40,1401,1401,40,1401,1401,40,1401,1401,40,1401,1401,40,1401,1401,40,1401,1401,40,1401,1401,40,1401,1401,40,1401,1401,40","11,0,0,0,0,0,0,0,0,0,0,0,0,1,0,0,0,0,0,0,0,0,0,0,0,0,0,0,0,0,0,0,0,0,0,0,0,0,0,0,0,0,0,0,0,0,0,0","2,0,0,0,0,0,0,0,0,0,0,0,0,0,0,0,0,0,0,0,0,0,0,0,0,0,0,0,0,0,0,0,0,0,0,0,0,0,0,0,0,0,18,0,0,0,0,0","0,1,0,0,1,1,1,0,1,1,0,1,1,0,1,1,0,1,1,0,1,1,0,1,1,0,1,1,0,1,1,0","4.710365295,4.913976669,4.680641174,5.777981758,4.621928692,7.446667671,7.722211838,4.711769104,7.820096016,7.819649696,4.730641365,7.834948540,7.865209579,4.730641365,7.838735580,7.852061272,4.780641079,7.835340023,7.853207111,4.711769104,7.851351738,7.847233772,4.780641079,7.872184753,7.855648994,4.780641079,7.879763126,7.844507217,4.680641174,7.843948364,7.837398529,4.780641079",HTTP,7,0,Acceptable,Web,6,DPI,""
1,ip4,10.4.20.102,107.161.178.210,tcp,54319,80,finished,17,15,1650490398530577,1650490399009658,1650490399009514,0,0,225,1388,225,19432,0,40,30903.8,260940,65726.9,4320020480.0,3.0,"97254,97549,387,260940,260431,3204,3158,9543,9466,6236,69,6255,124,124,128,201,123,50,174,174,40,2646,2680,60630,60713,9884,9822,15114,15099,12868,12932",46,657.7,1428,680.4,462891.9,4.1,"52,48,46,265,1428,46,1428,46,1428,46,1428,1428,46,1428,46,1428,46,1428,46,1428,46,46,1428,46,1428,46,1428,46,1428,46,1428,46","16,0,0,0,0,0,0,1,0,0,0,0,0,0,0,0,0,0,0,0,0,0,0,0,0,0,0,0,0,0,0,0,0,0,0,0,0,0,0,0,0,0,0,0,0,0,0,0","1,0,0,0,0,0,0,0,0,0,0,0,0,0,0,0,0,0,0,0,0,0,0,0,0,0,0,0,0,0,0,0,0,0,0,0,0,0,0,0,0,0,0,14,0,0,0,0","0,1,0,0,1,0,1,0,1,0,1,1,0,1,0,1,0,1,0,1,0,0,1,0,1,0,1,0,1,0,1,0","4.633441925,5.001628399,4.330939770,5.702507019,4.791214466,4.390829086,5.521807671,4.303872585,6.000949860,4.347350597,5.983242989,6.243623734,4.347351074,5.943493843,4.390829086,4.384503365,4.390829086,4.537651062,4.347351074,4.500005245,4.390829086,4.390829086,4.575252056,4.390829086,4.522280216,4.390829086,4.470242500,4.347350597,4.561497688,4.347350597,4.580824375,4.390829086",HTTP,7,0,Acceptable,Web,6,DPI,"4"
1,ip4,10.4.25.101,77.105.36.156,tcp,49797,80,finished,10,22,1650905413858492,1650905414512477,1650905414512421,0,0,152,1388,152,26616,0,56,42190.8,292217,79641.8,6342810624.0,2.9,"184236,184528,232,171817,120639,81,116,292217,2662,111,117,90,2892,2739,117,70,3040,164670,68,120,164820,2817,118,71,3042,2918,68,119,165,3158,56",46,878.9,1428,652.6,425943.0,4.5,"52,52,46,192,46,612,1428,1428,46,1428,1428,1428,1100,46,1428,1428,1428,46,1428,1428,1428,46,1428,1428,1428,46,1428,1428,1428,1428,46,46","9,0,0,0,1,0,0,0,0,0,0,0,0,0,0,0,0,0,0,0,0,0,0,0,0,0,0,0,0,0,0,0,0,0,0,0,0,0,0,0,0,0,0,0,0,0,0,0","2,0,0,0,0,0,0,0,0,0,0,0,0,0,0,0,0,1,0,0,0,0,0,0,0,0,0,0,0,0,0,0,0,1,0,0,0,0,0,0,0,0,0,18,0,0,0,0","0,1,0,0,1,1,1,1,0,1,1,1,1,0,1,1,1,0,1,1,1,0,1,1,1,0,1,1,1,1,0,0","4.671903610,4.849197388,4.501398563,5.653024197,4.390829563,5.577536106,4.013392448,5.117209911,4.501398563,5.103430748,5.009723663,5.324585438,5.512314796,4.457919598,5.070570469,5.174447536,5.467666149,4.457920074,5.218022346,5.067547321,5.343363285,4.501398087,5.389601707,5.123095036,5.071803093,4.354552746,5.203499794,5.430387497,5.394243717,4.889959335,4.501398563,4.390829086",HTTP,7,0,Acceptable,Download,6,DPI,"4,11"
1,ip4,10.4.25.101,138.197.147.101,tcp,49803,443,info,14,18,1650905467542773,1650905469294827,1650905469297748,0,0,480,1388,722,19664,0,0,113130.0,1262510,287859.5,82863079424.0,2.7,"109372,109625,14139,123772,13228,122858,52674,132935,80275,6518,151937,1117119,71,165,1262510,58,2900,71,3072,96890,117,96947,3054,71,165,71,3262,0,116,2919,118",46,682.0,1428,663.2,439900.2,4.2,"52,52,46,189,46,1418,46,133,282,46,520,46,1428,1428,1428,46,46,1428,1428,52,1428,1428,60,1428,1428,1428,1428,60,60,60,1428,1428","11,0,1,0,1,0,0,0,0,0,0,0,0,0,0,1,0,0,0,0,0,0,0,0,0,0,0,0,0,0,0,0,0,0,0,0,0,0,0,0,0,0,0,0,0,0,0,0","3,0,0,0,0,0,0,1,0,0,0,0,0,0,0,0,0,0,0,0,0,0,0,0,0,0,0,0,0,0,0,0,0,0,0,0,0,0,0,0,0,0,0,14,0,0,0,0","0,1,0,0,1,1,0,0,1,0,0,1,1,1,1,0,0,1,1,0,1,1,0,1,1,1,1,0,0,0,1,1","4.661227226,4.908878326,4.501398087,5.357971191,4.609350681,7.499943256,4.609350204,5.862740993,7.080684185,4.501398087,7.521671295,4.522393703,7.860427856,7.879212856,7.876828194,4.501398087,4.501398087,7.862761021,7.872880459,4.974009037,7.863744259,7.867939472,5.142321110,7.869549751,7.874364853,7.859346390,7.876013756,5.142321110,5.142321110,5.142320633,7.842814445,7.873933792",,,,,,,,""
