flow_datalink,l3_proto,src_ip,dst_ip,l4_proto,src_port,dst_port,flow_state,flow_src_packets_processed,flow_dst_packets_processed,flow_first_seen,flow_src_last_pkt_time,flow_dst_last_pkt_time,flow_src_min_l4_payload_len,flow_dst_min_l4_payload_len,flow_src_max_l4_payload_len,flow_dst_max_l4_payload_len,flow_src_tot_l4_payload_len,flow_dst_tot_l4_payload_len,midstream,iat_min,iat_avg,iat_max,iat_stddev,iat_var,iat_ent,iat_data,pktlen_min,pktlen_avg,pktlen_max,pktlen_stddev,pktlen_var,pktlen_ent,pktlen_data,bins_c_to_s,bins_s_to_c,directions,entropies,proto,proto_id,encrypted,breed,category,confidence_id,confidence,risks
1,ip4,194.7.248.153,172.16.114.207,tcp,2127,25,finished,16,16,934028408568957,934028408659170,934028408659389,0,0,40,84,469,576,0,316,5827.3,55118,11962.2,143094448.0,3.2,"316,1134,19693,31096,24595,55118,2208,21382,1142,1166,1125,1230,1225,1086,1083,1063,1064,1068,1066,1077,1106,1085,1057,1068,1067,1048,1046,1060,1062,1055,1054",46,73.6,124,15.2,230.1,5.0,"46,46,46,124,46,62,46,66,62,84,76,83,79,78,79,78,80,79,79,78,79,78,80,79,78,77,77,76,80,79,78,77","5,11,0,0,0,0,0,0,0,0,0,0,0,0,0,0,0,0,0,0,0,0,0,0,0,0,0,0,0,0,0,0,0,0,0,0,0,0,0,0,0,0,0,0,0,0,0,0","3,12,1,0,0,0,0,0,0,0,0,0,0,0,0,0,0,0,0,0,0,0,0,0,0,0,0,0,0,0,0,0,0,0,0,0,0,0,0,0,0,0,0,0,0,0,0,0","0,1,0,1,0,0,1,1,0,1,0,1,0,1,0,1,0,1,0,1,0,1,0,1,0,1,0,1,0,1,0,1","4.217956066,4.965921402,4.414441109,5.606353760,4.414441109,5.401541233,4.398030758,5.373719692,5.366997719,5.482748032,5.540370464,5.525596142,5.518477440,5.566954136,5.471196175,5.560668945,5.565314293,5.578667164,5.537589550,5.586310863,5.547144890,5.611951351,5.485757828,5.482342720,5.493423939,5.506668091,5.516471386,5.546820641,5.505877972,5.562905312,5.524069786,5.501934052",SMTP,3,0,Acceptable,Email,6,DPI,""
