flow_datalink,l3_proto,src_ip,dst_ip,l4_proto,src_port,dst_port,flow_state,flow_src_packets_processed,flow_dst_packets_processed,flow_first_seen,flow_src_last_pkt_time,flow_dst_last_pkt_time,flow_src_min_l4_payload_len,flow_dst_min_l4_payload_len,flow_src_max_l4_payload_len,flow_dst_max_l4_payload_len,flow_src_tot_l4_payload_len,flow_dst_tot_l4_payload_len,midstream,iat_min,iat_avg,iat_max,iat_stddev,iat_var,iat_ent,iat_data,pktlen_min,pktlen_avg,pktlen_max,pktlen_stddev,pktlen_var,pktlen_ent,pktlen_data,bins_c_to_s,bins_s_to_c,directions,entropies,proto,proto_id,encrypted,breed,category,confidence_id,confidence,risks
1,ip4,192.168.2.100,52.223.198.7,tcp,58976,443,info,17,15,1643610288722000,1643610304703000,1643610304703000,0,0,1452,2904,4416,30419,1,0,1031032.2,15956000,3917522.5,15346982453248.0,1.0,"2000,15000,3000,0,16000,0,0,0,0,1000,1000,0,0,0,0,0,0,0,0,0,0,0,0,15941000,1000,15956000,5000,0,19000,1000,1000",40,1129.2,2944,1252.1,1567845.6,4.0,"1492,60,46,1492,2944,40,2944,40,40,2944,2871,40,40,40,40,1492,60,46,1492,2944,40,2944,40,2944,1492,60,46,1492,2944,40,2944,40","14,0,0,0,0,0,0,0,0,0,0,0,0,0,0,0,0,0,0,0,0,0,0,0,0,0,0,0,0,0,0,0,0,0,0,0,0,0,0,0,0,0,0,0,0,3,0,0","3,0,0,0,0,0,0,0,0,0,0,0,0,0,0,0,0,0,0,0,0,0,0,0,0,0,0,0,0,0,0,0,0,0,0,0,0,0,0,0,0,0,0,0,0,3,0,9","0,0,1,1,1,0,1,0,0,1,1,0,0,0,0,0,0,1,1,1,0,1,0,1,0,0,1,1,1,0,1,0","7.874306679,5.500818253,4.652828693,7.888679028,7.939795017,4.981687069,7.939328194,4.931686878,4.931686878,7.934259415,7.938295841,4.981687069,4.931687355,4.931687355,4.981687069,7.885500431,5.513399124,4.565871716,7.865909100,7.927158833,4.881687164,7.936643124,4.881687164,7.934941769,7.882087708,5.613399506,4.522394180,7.860544682,7.936390877,4.881687641,7.928893089,4.912815094",,,,,,,,""
