     DAEMON-EVENT: init
     DAEMON-EVENT: [Processed: 0 pkts][ZLib][compressions: 0|diff: 0 / 0]
     DAEMON-EVENT: [Flows][active: 0 / 0|skipped: 0|!detected: 0|guessed: 0|detection-updates: 0|updates: 0]
              new: [.....1] [ip4][..udp] [..10.28.168.253][.1985] -> [......224.0.0.2][.1985] 
         detected: [.....1] [ip4][..udp] [..10.28.168.253][.1985] -> [......224.0.0.2][.1985] [HSRP][Network][Acceptable]
              new: [.....2] [ip4][..udp] [..10.28.170.253][.1985] -> [......224.0.0.2][.1985] 
         detected: [.....2] [ip4][..udp] [..10.28.170.253][.1985] -> [......224.0.0.2][.1985] [HSRP][Network][Acceptable]
              new: [.....3] [ip4][..udp] [..10.28.171.253][.1985] -> [......224.0.0.2][.1985] 
         detected: [.....3] [ip4][..udp] [..10.28.171.253][.1985] -> [......224.0.0.2][.1985] [HSRP][Network][Acceptable]
              new: [.....4] [ip4][..udp] [..10.28.168.252][.1985] -> [......224.0.0.2][.1985] 
         detected: [.....4] [ip4][..udp] [..10.28.168.252][.1985] -> [......224.0.0.2][.1985] [HSRP][Network][Acceptable]
             idle: [.....3] [ip4][..udp] [..10.28.171.253][.1985] -> [......224.0.0.2][.1985] [HSRP][Network][Acceptable]
             idle: [.....2] [ip4][..udp] [..10.28.170.253][.1985] -> [......224.0.0.2][.1985] [HSRP][Network][Acceptable]
             idle: [.....4] [ip4][..udp] [..10.28.168.252][.1985] -> [......224.0.0.2][.1985] [HSRP][Network][Acceptable]
             idle: [.....1] [ip4][..udp] [..10.28.168.253][.1985] -> [......224.0.0.2][.1985] [HSRP][Network][Acceptable]
     DAEMON-EVENT: shutdown
