     DAEMON-EVENT: init
     DAEMON-EVENT: [Processed: 0 pkts][ZLib][compressions: 0|diff: 0 / 0]
     DAEMON-EVENT: [Flows][active: 0 / 0|skipped: 0|!detected: 0|guessed: 0|detection-updates: 0|updates: 0]
              new: [.....1] [ip4][..udp] [...82.110.36.84][.4569] -> [..192.168.2.120][.4566] 
         detected: [.....1] [ip4][..udp] [...82.110.36.84][.4569] -> [..192.168.2.120][.4566] [IAX][VoIP][Acceptable]
          analyse: [.....1] [ip4][..udp] [...82.110.36.84][.4569] -> [..192.168.2.120][.4566] [IAX][VoIP][Acceptable]
                   [min|max|avg|stddev|variance|entropy]
                   [IAT.........:     0.001|    0.051|    0.019|    0.011|  120.322|    0.000]
                   [PKTLEN......:    54.000|  214.000|  175.500|   59.500| 3538.200|    4.900]
                   [BINS(c->s)..: 3,0,1,0,0,23,0,0,0,0,0,0,0,0,0,0,0,0,0,0,0,0,0,0,0,0,0,0,0,0,0,0,0,0,0,0,0,0,0,0,0,0,0,0,0,0,0,0]
                   [BINS(s->c)..: 3,0,0,0,0,2,0,0,0,0,0,0,0,0,0,0,0,0,0,0,0,0,0,0,0,0,0,0,0,0,0,0,0,0,0,0,0,0,0,0,0,0,0,0,0,0,0,0]
                   [DIRECTIONS..: 0,1,1,0,1,0,0,0,1,0,1,0,0,0,0,0,0,0,0,0,0,0,0,0,0,0,0,0,0,0,0,0]
                   [IATS........: 2173,5097,7653,24399,24352,24724,16912,51403,9638,12261,14097,6869,22758,16765,31325,17887,20048,11489,43190,21320,13940,17067,22553,948,20517,34133,6854,21003,19904,17982,29140,0]
                   [PKTLENS.....: 108,54,54,60,54,60,206,214,214,60,206,206,206,206,206,206,206,206,206,206,206,206,206,206,206,206,206,206,206,206,206,206]
             idle: [.....1] [ip4][..udp] [...82.110.36.84][.4569] -> [..192.168.2.120][.4566] [IAX][VoIP][Acceptable]
     DAEMON-EVENT: shutdown
