     DAEMON-EVENT: init
     DAEMON-EVENT: [Processed: 0 pkts][ZLib][compressions: 0|diff: 0 / 0]
     DAEMON-EVENT: [Flows][active: 0 / 0|skipped: 0|!detected: 0|guessed: 0|detection-updates: 0|updates: 0]
              new: [.....1] [ip4][..udp] [...10.24.82.188][38448] -> [.....10.188.1.1][...53] 
         detected: [.....1] [ip4][..udp] [...10.24.82.188][38448] -> [.....10.188.1.1][...53] [DNS.KakaoTalk][Chat][Acceptable]
              new: [.....2] [ip4][..udp] [...10.24.82.188][35603] -> [.....10.188.1.1][...53] 
         detected: [.....2] [ip4][..udp] [...10.24.82.188][35603] -> [.....10.188.1.1][...53] [DNS.KakaoTalk][Chat][Acceptable]
              new: [.....3] [ip4][..udp] [...10.24.82.188][57816] -> [.....10.188.1.1][...53] 
         detected: [.....3] [ip4][..udp] [...10.24.82.188][57816] -> [.....10.188.1.1][...53] [DNS.KakaoTalk][Chat][Acceptable]
 detection-update: [.....2] [ip4][..udp] [...10.24.82.188][35603] -> [.....10.188.1.1][...53] [DNS.KakaoTalk][Chat][Acceptable]
 detection-update: [.....1] [ip4][..udp] [...10.24.82.188][38448] -> [.....10.188.1.1][...53] [DNS.KakaoTalk][Chat][Acceptable]
 detection-update: [.....3] [ip4][..udp] [...10.24.82.188][57816] -> [.....10.188.1.1][...53] [DNS.KakaoTalk][Chat][Acceptable]
              new: [.....4] [ip4][..udp] [...10.24.82.188][41909] -> [.....10.188.1.1][...53] 
         detected: [.....4] [ip4][..udp] [...10.24.82.188][41909] -> [.....10.188.1.1][...53] [DNS.KakaoTalk][Chat][Acceptable]
              new: [.....5] [ip4][..udp] [...10.24.82.188][12908] -> [.....10.188.1.1][...53] 
         detected: [.....5] [ip4][..udp] [...10.24.82.188][12908] -> [.....10.188.1.1][...53] [DNS.KakaoTalk][Chat][Acceptable]
              new: [.....6] [ip4][..udp] [...10.24.82.188][58810] -> [.....10.188.1.1][...53] 
         detected: [.....6] [ip4][..udp] [...10.24.82.188][58810] -> [.....10.188.1.1][...53] [DNS.KakaoTalk][Chat][Acceptable]
 detection-update: [.....6] [ip4][..udp] [...10.24.82.188][58810] -> [.....10.188.1.1][...53] [DNS.KakaoTalk][Chat][Acceptable]
 detection-update: [.....5] [ip4][..udp] [...10.24.82.188][12908] -> [.....10.188.1.1][...53] [DNS.KakaoTalk][Chat][Acceptable]
 detection-update: [.....4] [ip4][..udp] [...10.24.82.188][41909] -> [.....10.188.1.1][...53] [DNS.KakaoTalk][Chat][Acceptable]
              new: [.....7] [ip4][..udp] [...10.24.82.188][.5929] -> [.....10.188.1.1][...53] 
         detected: [.....7] [ip4][..udp] [...10.24.82.188][.5929] -> [.....10.188.1.1][...53] [DNS.KakaoTalk][Chat][Acceptable]
              new: [.....8] [ip4][..udp] [...10.24.82.188][.9094] -> [.....10.188.1.1][...53] 
         detected: [.....8] [ip4][..udp] [...10.24.82.188][.9094] -> [.....10.188.1.1][...53] [DNS.KakaoTalk][Chat][Acceptable]
              new: [.....9] [ip4][..udp] [...10.24.82.188][56820] -> [.....10.188.1.1][...53] 
         detected: [.....9] [ip4][..udp] [...10.24.82.188][56820] -> [.....10.188.1.1][...53] [DNS.KakaoTalk][Chat][Acceptable]
 detection-update: [.....7] [ip4][..udp] [...10.24.82.188][.5929] -> [.....10.188.1.1][...53] [DNS.KakaoTalk][Chat][Acceptable]
 detection-update: [.....8] [ip4][..udp] [...10.24.82.188][.9094] -> [.....10.188.1.1][...53] [DNS.KakaoTalk][Chat][Acceptable]
 detection-update: [.....9] [ip4][..udp] [...10.24.82.188][56820] -> [.....10.188.1.1][...53] [DNS.KakaoTalk][Chat][Acceptable]
              new: [....10] [ip4][..udp] [...10.24.82.188][29029] -> [.....10.188.1.1][...53] 
         detected: [....10] [ip4][..udp] [...10.24.82.188][29029] -> [.....10.188.1.1][...53] [DNS.KakaoTalk][Chat][Acceptable]
              new: [....11] [ip4][..udp] [...10.24.82.188][25117] -> [.....10.188.1.1][...53] 
         detected: [....11] [ip4][..udp] [...10.24.82.188][25117] -> [.....10.188.1.1][...53] [DNS.KakaoTalk][Chat][Acceptable]
              new: [....12] [ip4][..udp] [...10.24.82.188][43077] -> [.....10.188.1.1][...53] 
         detected: [....12] [ip4][..udp] [...10.24.82.188][43077] -> [.....10.188.1.1][...53] [DNS.KakaoTalk][Chat][Acceptable]
 detection-update: [....10] [ip4][..udp] [...10.24.82.188][29029] -> [.....10.188.1.1][...53] [DNS.KakaoTalk][Chat][Acceptable]
 detection-update: [....12] [ip4][..udp] [...10.24.82.188][43077] -> [.....10.188.1.1][...53] [DNS.KakaoTalk][Chat][Acceptable]
 detection-update: [....11] [ip4][..udp] [...10.24.82.188][25117] -> [.....10.188.1.1][...53] [DNS.KakaoTalk][Chat][Acceptable]
              new: [....13] [ip4][..tcp] [...10.24.82.188][51021] -> [.103.246.57.251][.8080] 
              new: [....14] [ip4][..tcp] [..216.58.221.10][...80] -> [...10.24.82.188][35922] [MIDSTREAM] 
              new: [....15] [ip4][..tcp] [...10.24.82.188][35503] -> [...173.252.97.2][..443] 
         detected: [....15] [ip4][..tcp] [...10.24.82.188][35503] -> [...173.252.97.2][..443] [TLS.Facebook][SocialNetwork][Fun]
                   RISK: Obsolete TLS (v1.1 or older)
              new: [....16] [ip4][..tcp] [..120.28.26.242][...80] -> [...10.24.82.188][34503] [MIDSTREAM] 
              new: [....17] [ip4][..udp] [...10.24.82.188][61011] -> [.....10.188.1.1][...53] 
         detected: [....17] [ip4][..udp] [...10.24.82.188][61011] -> [.....10.188.1.1][...53] [DNS.KakaoTalk][Chat][Acceptable]
              new: [....18] [ip4][..udp] [...10.24.82.188][61011] -> [...10.188.191.1][...53] 
         detected: [....18] [ip4][..udp] [...10.24.82.188][61011] -> [...10.188.191.1][...53] [DNS.KakaoTalk][Chat][Acceptable]
 detection-update: [....17] [ip4][..udp] [...10.24.82.188][61011] -> [.....10.188.1.1][...53] [DNS.KakaoTalk][Chat][Acceptable]
 detection-update: [....18] [ip4][..udp] [...10.24.82.188][61011] -> [...10.188.191.1][...53] [DNS.KakaoTalk][Chat][Acceptable]
              new: [....19] [ip4][.icmp] [...10.24.82.188] -> [...10.188.191.1] 
         detected: [....19] [ip4][.icmp] [...10.24.82.188] -> [...10.188.191.1] [ICMP][Network][Acceptable]
              new: [....20] [ip4][..tcp] [...10.24.82.188][37821] -> [.210.103.240.15][..443] 
         detected: [....20] [ip4][..tcp] [...10.24.82.188][37821] -> [.210.103.240.15][..443] [TLS][Web][Safe]
                   RISK: Obsolete TLS (v1.1 or older)
 detection-update: [....20] [ip4][..tcp] [...10.24.82.188][37821] -> [.210.103.240.15][..443] [TLS][Web][Safe]
                   RISK: Obsolete TLS (v1.1 or older), Weak TLS Cipher
 detection-update: [....20] [ip4][..tcp] [...10.24.82.188][37821] -> [.210.103.240.15][..443] [TLS.KakaoTalk][Chat][Acceptable]
                   RISK: Obsolete TLS (v1.1 or older), Weak TLS Cipher
              new: [....21] [ip4][..tcp] [...10.24.82.188][37553] -> [....31.13.68.84][...80] 
              new: [....22] [ip4][..tcp] [....31.13.68.73][..443] -> [...10.24.82.188][47007] [MIDSTREAM] 
         detected: [....22] [ip4][..tcp] [....31.13.68.73][..443] -> [...10.24.82.188][47007] [TLS.Facebook][SocialNetwork][Fun]
         detected: [....21] [ip4][..tcp] [...10.24.82.188][37553] -> [....31.13.68.84][...80] [HTTP.Facebook][SocialNetwork][Fun]
              new: [....23] [ip4][..udp] [...10.24.82.188][24596] -> [.....10.188.1.1][...53] 
         detected: [....23] [ip4][..udp] [...10.24.82.188][24596] -> [.....10.188.1.1][...53] [DNS.Facebook][SocialNetwork][Fun]
 detection-update: [....15] [ip4][..tcp] [...10.24.82.188][35503] -> [...173.252.97.2][..443] [TLS.Facebook][SocialNetwork][Fun]
                   RISK: Obsolete TLS (v1.1 or older)
 detection-update: [....15] [ip4][..tcp] [...10.24.82.188][35503] -> [...173.252.97.2][..443] [TLS.Facebook][SocialNetwork][Fun]
                   RISK: Obsolete TLS (v1.1 or older)
 detection-update: [....23] [ip4][..udp] [...10.24.82.188][24596] -> [.....10.188.1.1][...53] [DNS.Facebook][SocialNetwork][Fun]
              new: [....24] [ip4][..tcp] [...10.24.82.188][45209] -> [....31.13.68.84][..443] 
         detected: [....24] [ip4][..tcp] [...10.24.82.188][45209] -> [....31.13.68.84][..443] [TLS.Facebook][SocialNetwork][Fun]
                   RISK: TLS (probably) Not Carrying HTTPS
              new: [....25] [ip4][..udp] [...10.24.82.188][19582] -> [.....10.188.1.1][...53] 
         detected: [....25] [ip4][..udp] [...10.24.82.188][19582] -> [.....10.188.1.1][...53] [DNS.Facebook][SocialNetwork][Fun]
 detection-update: [....24] [ip4][..tcp] [...10.24.82.188][45209] -> [....31.13.68.84][..443] [TLS.Facebook][SocialNetwork][Fun]
                   RISK: TLS (probably) Not Carrying HTTPS
 detection-update: [....24] [ip4][..tcp] [...10.24.82.188][45209] -> [....31.13.68.84][..443] [TLS.Facebook][SocialNetwork][Fun]
                   RISK: TLS (probably) Not Carrying HTTPS
 detection-update: [....25] [ip4][..udp] [...10.24.82.188][19582] -> [.....10.188.1.1][...53] [DNS.Facebook][SocialNetwork][Fun]
              new: [....26] [ip4][..tcp] [...10.24.82.188][43581] -> [....31.13.68.70][..443] 
         detected: [....26] [ip4][..tcp] [...10.24.82.188][43581] -> [....31.13.68.70][..443] [TLS.Facebook][SocialNetwork][Fun]
                   RISK: TLS (probably) Not Carrying HTTPS
              new: [....27] [ip4][..udp] [...10.24.82.188][.4017] -> [.....10.188.1.1][...53] 
         detected: [....27] [ip4][..udp] [...10.24.82.188][.4017] -> [.....10.188.1.1][...53] [DNS.Facebook][SocialNetwork][Fun]
 detection-update: [....26] [ip4][..tcp] [...10.24.82.188][43581] -> [....31.13.68.70][..443] [TLS.Facebook][SocialNetwork][Fun]
                   RISK: TLS (probably) Not Carrying HTTPS
 detection-update: [....26] [ip4][..tcp] [...10.24.82.188][43581] -> [....31.13.68.70][..443] [TLS.Facebook][SocialNetwork][Fun]
                   RISK: TLS (probably) Not Carrying HTTPS
 detection-update: [....27] [ip4][..udp] [...10.24.82.188][.4017] -> [.....10.188.1.1][...53] [DNS.Facebook][SocialNetwork][Fun]
              new: [....28] [ip4][..udp] [...10.24.82.188][14650] -> [.....10.188.1.1][...53] 
         detected: [....28] [ip4][..udp] [...10.24.82.188][14650] -> [.....10.188.1.1][...53] [DNS][Network][Acceptable]
              new: [....29] [ip4][..tcp] [...10.24.82.188][45211] -> [....31.13.68.84][..443] 
 detection-update: [....28] [ip4][..udp] [...10.24.82.188][14650] -> [.....10.188.1.1][...53] [DNS][Network][Acceptable]
         detected: [....29] [ip4][..tcp] [...10.24.82.188][45211] -> [....31.13.68.84][..443] [TLS.Facebook][SocialNetwork][Fun]
                   RISK: TLS (probably) Not Carrying HTTPS
 detection-update: [....29] [ip4][..tcp] [...10.24.82.188][45211] -> [....31.13.68.84][..443] [TLS.Facebook][SocialNetwork][Fun]
                   RISK: TLS (probably) Not Carrying HTTPS
 detection-update: [....29] [ip4][..tcp] [...10.24.82.188][45211] -> [....31.13.68.84][..443] [TLS.Facebook][SocialNetwork][Fun]
                   RISK: TLS (probably) Not Carrying HTTPS
              new: [....30] [ip4][..tcp] [...10.24.82.188][58927] -> [.54.255.253.199][.5223] [MIDSTREAM] 
         detected: [....30] [ip4][..tcp] [...10.24.82.188][58927] -> [.54.255.253.199][.5223] [TLS.AmazonAWS][Cloud][Acceptable]
                   RISK: Known Proto on Non Std Port
          analyse: [....26] [ip4][..tcp] [...10.24.82.188][43581] -> [....31.13.68.70][..443] [TLS.Facebook][SocialNetwork][Fun]
                   [min|max|avg|stddev|variance|entropy]
                   [IAT.........:     0.000|    0.174|    0.038|    0.043| 1891.518|    0.000]
                   [PKTLEN......:    56.000| 1336.000|  272.100|  386.900|149674.200|    3.900]
                   [BINS(c->s)..: 10,3,0,0,0,0,0,0,0,0,0,0,0,0,0,0,0,1,0,0,0,0,0,0,1,0,0,0,0,0,0,1,0,0,0,0,0,0,0,0,0,0,0,0,0,0,0,0]
                   [BINS(s->c)..: 7,3,0,1,0,0,0,0,1,0,0,0,0,1,0,0,0,0,0,0,0,0,0,0,0,0,0,1,0,0,0,0,0,0,0,0,0,0,0,0,2,0,0,0,0,0,0,0]
                   [DIRECTIONS..: 0,1,0,0,1,1,1,1,0,0,1,1,0,0,0,1,1,1,1,0,0,0,0,0,0,1,0,1,0,1,1,1]
                   [IATS........: 36956,40344,305,47699,3998,72083,702,123993,153,15869,671,16632,152,12207,67230,35950,15778,732,105866,38147,60424,4517,92,3936,174316,67658,16785,16968,108490,672,81115,0]
                   [PKTLENS.....: 76,60,56,621,60,56,1336,174,56,56,1336,949,56,56,1053,56,314,113,101,56,56,109,846,103,93,101,56,477,56,56,56,56]
              new: [....31] [ip4][..tcp] [...10.24.82.188][42332] -> [.210.103.240.15][..443] [MIDSTREAM] 
              new: [....32] [ip4][..tcp] [...10.24.82.188][37557] -> [....31.13.68.84][...80] 
         detected: [....32] [ip4][..tcp] [...10.24.82.188][37557] -> [....31.13.68.84][...80] [HTTP.Facebook][SocialNetwork][Fun]
              new: [....33] [ip4][..tcp] [...10.24.82.188][45213] -> [....31.13.68.84][..443] 
         detected: [....33] [ip4][..tcp] [...10.24.82.188][45213] -> [....31.13.68.84][..443] [TLS.Facebook][SocialNetwork][Fun]
                   RISK: Obsolete TLS (v1.1 or older)
          analyse: [....15] [ip4][..tcp] [...10.24.82.188][35503] -> [...173.252.97.2][..443] 
                   [min|max|avg|stddev|variance|entropy]
                   [IAT.........:     0.004|    3.803|    0.501|    0.832|692202.045|    0.000]
                   [PKTLEN......:    56.000| 1336.000|  225.000|  352.300|124085.100|    3.900]
                   [BINS(c->s)..: 11,0,1,1,1,2,0,0,0,1,0,0,0,0,0,0,0,0,0,0,1,0,0,0,0,0,0,0,0,0,0,0,0,0,0,0,0,0,0,0,0,0,0,0,0,0,0,0]
                   [BINS(s->c)..: 9,2,0,0,0,0,0,0,0,0,0,0,0,0,0,0,0,0,0,0,0,0,0,0,0,0,0,0,0,0,1,0,0,0,0,0,0,0,0,0,2,0,0,0,0,0,0,0]
                   [DIRECTIONS..: 0,0,1,0,0,1,0,1,0,1,1,0,1,0,1,0,0,1,1,0,0,1,1,0,0,1,1,0,0,1,0,0]
                   [IATS........: 995911,1037903,49316,6684,695526,683563,56000,2329864,2320373,251618,299011,4547,4395,4089,3723,105469,239411,242157,376495,82611,125763,244537,287323,18128,164581,238983,428131,146027,274079,3802978,24719,0]
                   [PKTLENS.....: 76,76,60,56,240,60,56,60,240,56,1336,56,1336,56,1043,56,178,56,103,56,710,56,85,56,358,56,99,56,196,56,83,132]
 detection-update: [....15] [ip4][..tcp] [...10.24.82.188][35503] -> [...173.252.97.2][..443] [TLS.Facebook][SocialNetwork][Fun]
                   RISK: Obsolete TLS (v1.1 or older)
              new: [....34] [ip4][..tcp] [...10.24.82.188][35511] -> [...173.252.97.2][..443] 
         detected: [....34] [ip4][..tcp] [...10.24.82.188][35511] -> [...173.252.97.2][..443] [TLS.Facebook][SocialNetwork][Fun]
                   RISK: Obsolete TLS (v1.1 or older)
 detection-update: [....33] [ip4][..tcp] [...10.24.82.188][45213] -> [....31.13.68.84][..443] [TLS.Facebook][SocialNetwork][Fun]
                   RISK: Obsolete TLS (v1.1 or older)
 detection-update: [....33] [ip4][..tcp] [...10.24.82.188][45213] -> [....31.13.68.84][..443] [TLS.Facebook][SocialNetwork][Fun]
                   RISK: Obsolete TLS (v1.1 or older)
 detection-update: [....34] [ip4][..tcp] [...10.24.82.188][35511] -> [...173.252.97.2][..443] [TLS.Facebook][SocialNetwork][Fun]
                   RISK: Obsolete TLS (v1.1 or older)
 detection-update: [....34] [ip4][..tcp] [...10.24.82.188][35511] -> [...173.252.97.2][..443] [TLS.Facebook][SocialNetwork][Fun]
                   RISK: Obsolete TLS (v1.1 or older)
              new: [....35] [ip4][..tcp] [..139.150.0.125][..443] -> [...10.24.82.188][46947] [MIDSTREAM] 
              new: [....36] [ip4][..tcp] [...10.24.82.188][34686] -> [.173.194.72.188][.5228] [MIDSTREAM] 
         detected: [....36] [ip4][..tcp] [...10.24.82.188][34686] -> [.173.194.72.188][.5228] [TLS.Google][Web][Acceptable]
                   RISK: Known Proto on Non Std Port
              new: [....37] [ip4][..tcp] [...10.24.82.188][49217] -> [.216.58.220.174][..443] [MIDSTREAM] 
         detected: [....37] [ip4][..tcp] [...10.24.82.188][49217] -> [.216.58.220.174][..443] [TLS.Google][Web][Acceptable]
          analyse: [....34] [ip4][..tcp] [...10.24.82.188][35511] -> [...173.252.97.2][..443] [TLS.Facebook][SocialNetwork][Fun]
                   [min|max|avg|stddev|variance|entropy]
                   [IAT.........:     0.000|   27.031|    1.853|    6.601|43576507.498|    0.000]
                   [PKTLEN......:    56.000| 1336.000|  214.800|  348.100|121165.000|    3.900]
                   [BINS(c->s)..: 10,0,1,1,1,1,0,0,1,0,0,0,0,0,0,0,1,0,0,0,0,0,0,0,0,0,0,0,0,0,0,0,0,0,0,0,0,0,0,0,0,0,0,0,0,0,0,0]
                   [BINS(s->c)..: 11,2,0,0,0,0,0,0,0,0,0,0,0,0,0,0,0,0,0,0,0,0,0,0,0,0,0,0,0,0,1,0,0,0,0,0,0,0,0,0,2,0,0,0,0,0,0,0]
                   [DIRECTIONS..: 0,1,0,0,1,1,1,1,1,0,0,0,0,1,1,0,0,1,1,0,0,0,1,1,1,0,1,0,0,0,1,1]
                   [IATS........: 41748,45806,2228,39459,11261,448395,183,2868,498749,183,122,36927,124176,229920,321990,23011,161804,229858,405273,183,57404,108246,75989,156006,245086,67993,69489,26937805,56885,27030701,8087,0]
                   [PKTLENS.....: 76,60,56,240,60,56,1336,1336,1043,56,56,56,178,56,103,56,578,56,85,56,215,328,56,56,94,56,85,56,83,132,56,56]
           update: [....19] [ip4][.icmp] [...10.24.82.188] -> [...10.188.191.1] [ICMP][Network][Acceptable]
              new: [....38] [ip4][..tcp] [...10.24.82.188][58964] -> [.54.255.253.199][.5223] 
         detected: [....38] [ip4][..tcp] [...10.24.82.188][58964] -> [.54.255.253.199][.5223] [TLS.AmazonAWS][Cloud][Acceptable]
                   RISK: Known Proto on Non Std Port, Obsolete TLS (v1.1 or older)
             idle: [.....4] [ip4][..udp] [...10.24.82.188][41909] -> [.....10.188.1.1][...53] [DNS.KakaoTalk][Chat][Acceptable]
              end: [....21] [ip4][..tcp] [...10.24.82.188][37553] -> [....31.13.68.84][...80] [HTTP.Facebook][SocialNetwork][Fun]
              end: [....32] [ip4][..tcp] [...10.24.82.188][37557] -> [....31.13.68.84][...80] [HTTP.Facebook][SocialNetwork][Fun]
             idle: [....25] [ip4][..udp] [...10.24.82.188][19582] -> [.....10.188.1.1][...53] [DNS.Facebook][SocialNetwork][Fun]
             idle: [....26] [ip4][..tcp] [...10.24.82.188][43581] -> [....31.13.68.70][..443] [TLS.Facebook][SocialNetwork][Fun]
                   RISK: TLS (probably) Not Carrying HTTPS
             idle: [....15] [ip4][..tcp] [...10.24.82.188][35503] -> [...173.252.97.2][..443] [TLS.Facebook][SocialNetwork][Fun]
                   RISK: Obsolete TLS (v1.1 or older)
             idle: [....34] [ip4][..tcp] [...10.24.82.188][35511] -> [...173.252.97.2][..443] [TLS.Facebook][SocialNetwork][Fun]
                   RISK: Obsolete TLS (v1.1 or older)
              end: [....30] [ip4][..tcp] [...10.24.82.188][58927] -> [.54.255.253.199][.5223] 
             idle: [....38] [ip4][..tcp] [...10.24.82.188][58964] -> [.54.255.253.199][.5223] 
             idle: [.....6] [ip4][..udp] [...10.24.82.188][58810] -> [.....10.188.1.1][...53] [DNS.KakaoTalk][Chat][Acceptable]
             idle: [.....9] [ip4][..udp] [...10.24.82.188][56820] -> [.....10.188.1.1][...53] [DNS.KakaoTalk][Chat][Acceptable]
             idle: [.....1] [ip4][..udp] [...10.24.82.188][38448] -> [.....10.188.1.1][...53] [DNS.KakaoTalk][Chat][Acceptable]
             idle: [....18] [ip4][..udp] [...10.24.82.188][61011] -> [...10.188.191.1][...53] [DNS.KakaoTalk][Chat][Acceptable]
             idle: [....17] [ip4][..udp] [...10.24.82.188][61011] -> [.....10.188.1.1][...53] [DNS.KakaoTalk][Chat][Acceptable]
             idle: [.....7] [ip4][..udp] [...10.24.82.188][.5929] -> [.....10.188.1.1][...53] [DNS.KakaoTalk][Chat][Acceptable]
          guessed: [....16] [ip4][..tcp] [..120.28.26.242][...80] -> [...10.24.82.188][34503] [HTTP][Web][Acceptable]
              end: [....16] [ip4][..tcp] [..120.28.26.242][...80] -> [...10.24.82.188][34503] 
             idle: [....27] [ip4][..udp] [...10.24.82.188][.4017] -> [.....10.188.1.1][...53] [DNS.Facebook][SocialNetwork][Fun]
             idle: [....19] [ip4][.icmp] [...10.24.82.188] -> [...10.188.191.1] [ICMP][Network][Acceptable]
             idle: [....23] [ip4][..udp] [...10.24.82.188][24596] -> [.....10.188.1.1][...53] [DNS.Facebook][SocialNetwork][Fun]
             idle: [....12] [ip4][..udp] [...10.24.82.188][43077] -> [.....10.188.1.1][...53] [DNS.KakaoTalk][Chat][Acceptable]
             idle: [....37] [ip4][..tcp] [...10.24.82.188][49217] -> [.216.58.220.174][..443] [TLS.Google][Web][Acceptable]
          guessed: [....13] [ip4][..tcp] [...10.24.82.188][51021] -> [.103.246.57.251][.8080] [HTTP_Proxy][Web][Acceptable]
             idle: [....13] [ip4][..tcp] [...10.24.82.188][51021] -> [.103.246.57.251][.8080] 
              end: [....20] [ip4][..tcp] [...10.24.82.188][37821] -> [.210.103.240.15][..443] 
             idle: [....28] [ip4][..udp] [...10.24.82.188][14650] -> [.....10.188.1.1][...53] [DNS][Network][Acceptable]
             idle: [....10] [ip4][..udp] [...10.24.82.188][29029] -> [.....10.188.1.1][...53] [DNS.KakaoTalk][Chat][Acceptable]
             idle: [.....3] [ip4][..udp] [...10.24.82.188][57816] -> [.....10.188.1.1][...53] [DNS.KakaoTalk][Chat][Acceptable]
             idle: [....11] [ip4][..udp] [...10.24.82.188][25117] -> [.....10.188.1.1][...53] [DNS.KakaoTalk][Chat][Acceptable]
              end: [....22] [ip4][..tcp] [....31.13.68.73][..443] -> [...10.24.82.188][47007] [TLS.Facebook][SocialNetwork][Fun]
             idle: [....36] [ip4][..tcp] [...10.24.82.188][34686] -> [.173.194.72.188][.5228] 
             idle: [.....5] [ip4][..udp] [...10.24.82.188][12908] -> [.....10.188.1.1][...53] [DNS.KakaoTalk][Chat][Acceptable]
          guessed: [....31] [ip4][..tcp] [...10.24.82.188][42332] -> [.210.103.240.15][..443] [TLS][Web][Safe]
              end: [....31] [ip4][..tcp] [...10.24.82.188][42332] -> [.210.103.240.15][..443] 
             idle: [.....2] [ip4][..udp] [...10.24.82.188][35603] -> [.....10.188.1.1][...53] [DNS.KakaoTalk][Chat][Acceptable]
             idle: [....24] [ip4][..tcp] [...10.24.82.188][45209] -> [....31.13.68.84][..443] 
             idle: [....29] [ip4][..tcp] [...10.24.82.188][45211] -> [....31.13.68.84][..443] 
             idle: [....33] [ip4][..tcp] [...10.24.82.188][45213] -> [....31.13.68.84][..443] 
          guessed: [....14] [ip4][..tcp] [..216.58.221.10][...80] -> [...10.24.82.188][35922] [HTTP.Google][Web][Acceptable]
              end: [....14] [ip4][..tcp] [..216.58.221.10][...80] -> [...10.24.82.188][35922] 
          guessed: [....35] [ip4][..tcp] [..139.150.0.125][..443] -> [...10.24.82.188][46947] [TLS][Web][Safe]
             idle: [....35] [ip4][..tcp] [..139.150.0.125][..443] -> [...10.24.82.188][46947] 
             idle: [.....8] [ip4][..udp] [...10.24.82.188][.9094] -> [.....10.188.1.1][...53] [DNS.KakaoTalk][Chat][Acceptable]
     DAEMON-EVENT: shutdown
