Flow 1 risky: udp 61.68.110.153:53045 -> 212.32.214.39:61457
