Flow 1 risky: udp 192.168.2.100:58766 -> 47.245.143.85:22101
Flow 3 risky: udp 192.168.2.100:52575 -> 8.209.69.191:22101
