Flow 1 guessed: tcp 194.226.199.21:58155 -> 52.18.127.189:443
Flow 1 not-detected: tcp 194.226.199.21:58155 -> 52.18.127.189:443
Flow 3 guessed: tcp 194.226.199.61:27453 -> 35.241.9.150:443
Flow 3 not-detected: tcp 194.226.199.61:27453 -> 35.241.9.150:443
Flow 6 guessed: tcp 194.226.199.61:6946 -> 2.22.40.186:443
Flow 6 not-detected: tcp 194.226.199.61:6946 -> 2.22.40.186:443
Flow 5 guessed: tcp 194.226.199.103:62580 -> 217.69.139.59:443
Flow 5 not-detected: tcp 194.226.199.103:62580 -> 217.69.139.59:443
