Flow 8 risky: tcp 192.168.2.17:56996 -> 17.248.146.144:443
Flow 8 midstream: tcp 192.168.2.17:56996 -> 17.248.146.144:443
Flow 9 midstream: tcp 192.168.2.17:57017 -> 2.18.232.118:443
