Flow 4 risky: udp 192.168.0.10:3445 -> 192.168.0.253:50618
Flow 7 risky: udp 172.28.5.170:62058 -> 172.28.5.91:44618
