Flow 2 midstream: tcp 192.168.2.100:37780 -> 160.44.202.202:443
