Flow 1 risky: tcp 192.168.10.101:3967 -> 206.33.61.113:443
