Flow 29 midstream: tcp 192.168.2.100:42900 -> 44.192.202.74:4244
