00457{"daemon_event_id":1,"daemon_event_name":"init","thread_id":0,"packet_id":0,"source":"emotet.pcap","alias":"nDPId-test","max-flows-per-thread":2048,"max-idle-flows-per-thread":64,"tick-resolution":1000,"reader-thread-count":1,"flow-scan-interval":10000,"generic-max-idle-time":600000,"icmp-max-idle-time":120000,"udp-max-idle-time":180000,"tcp-max-idle-time":7560000,"max-packets-per-flow-to-send":3,"max-packets-per-flow-to-process":32,"global_ts_msec":0}
00546{"daemon_event_id":4,"daemon_event_name":"status","thread_id":0,"packet_id":1,"source":"emotet.pcap","alias":"nDPId-test","packets-captured":1,"packets-processed":0,"total-skipped-flows":0,"total-l4-payload-len":0,"total-not-detected-flows":0,"total-guessed-flows":0,"total-detected-flows":0,"total-detection-updates":0,"total-updates":0,"current-active-flows":0,"total-active-flows":0,"total-idle-flows":0,"total-compressions":0,"total-compression-diff":0,"current-compression-diff":0,"total-events-serialized":2,"global_ts_msec":1645830066121}
00688{"flow_event_id":1,"flow_event_name":"new","thread_id":0,"packet_id":1,"source":"emotet.pcap","alias":"nDPId-test","flow_id":1,"flow_state":"info","flow_src_packets_processed":1,"flow_dst_packets_processed":0,"flow_first_seen":1645830066121,"flow_last_seen":1645830066121,"flow_idle_time":7580000,"flow_src_min_l4_payload_len":0,"flow_dst_min_l4_payload_len":0,"flow_src_max_l4_payload_len":0,"flow_dst_max_l4_payload_len":0,"flow_src_tot_l4_payload_len":0,"flow_dst_tot_l4_payload_len":0,"midstream":0,"thread_ts_msec":1645830066121,"l3_proto":"ip4","src_ip":"10.2.25.102","dst_ip":"193.252.22.84","src_port":57309,"dst_port":587,"l4_proto":"tcp","flow_datalink":1,"flow_max_packets":3}
00464{"packet_event_id":2,"packet_event_name":"packet-flow","thread_id":0,"packet_id":1,"source":"emotet.pcap","alias":"nDPId-test","flow_id":1,"flow_packet_id":1,"flow_last_seen":1645830066121,"flow_idle_time":7580000,"pkt_oversize":false,"pkt_caplen":66,"pkt_type":2048,"pkt_l3_offset":14,"pkt_l4_offset":34,"pkt_len":66,"pkt_l4_len":32,"thread_ts_msec":1645830066121,"pkt":"IOUqtpPxAAgCHEeuCABFAAA0wBJAAIAGPvkKAhlmwfwWVN\/dAkvNIWS2AAAAAIAC+vBkZgAAAgQFtAEDAwgBAQQC"}
00456{"packet_event_id":2,"packet_event_name":"packet-flow","thread_id":0,"packet_id":2,"source":"emotet.pcap","alias":"nDPId-test","flow_id":1,"flow_packet_id":2,"flow_last_seen":1645830066871,"flow_idle_time":7580000,"pkt_oversize":false,"pkt_caplen":58,"pkt_type":2048,"pkt_l3_offset":14,"pkt_l4_offset":34,"pkt_len":58,"pkt_l4_len":24,"thread_ts_msec":1645830066871,"pkt":"AAgCHEeuIOUqtpPxCABFAAAsxzIAAIAGd+HB\/BZUCgIZZgJL392K6SffzSFkt2AS+vDaogAAAgQFtA=="}
00448{"packet_event_id":2,"packet_event_name":"packet-flow","thread_id":0,"packet_id":3,"source":"emotet.pcap","alias":"nDPId-test","flow_id":1,"flow_packet_id":3,"flow_last_seen":1645830066871,"flow_idle_time":7580000,"pkt_oversize":false,"pkt_caplen":54,"pkt_type":2048,"pkt_l3_offset":14,"pkt_l4_offset":34,"pkt_len":54,"pkt_l4_len":20,"thread_ts_msec":1645830066871,"pkt":"IOUqtpPxAAgCHEeuCABFAAAowBNAAIAGPwQKAhlmwfwWVN\/dAkvNIWS3iukn4FAQ+vDyXwAA"}
00785{"flow_event_id":6,"flow_event_name":"detected","thread_id":0,"packet_id":7,"source":"emotet.pcap","alias":"nDPId-test","flow_id":1,"flow_state":"info","flow_src_packets_processed":3,"flow_dst_packets_processed":4,"flow_first_seen":1645830066121,"flow_last_seen":1645830068348,"flow_idle_time":7580000,"flow_src_min_l4_payload_len":0,"flow_dst_min_l4_payload_len":0,"flow_src_max_l4_payload_len":21,"flow_dst_max_l4_payload_len":160,"flow_src_tot_l4_payload_len":21,"flow_dst_tot_l4_payload_len":214,"midstream":0,"thread_ts_msec":1645830068348,"l3_proto":"ip4","src_ip":"10.2.25.102","dst_ip":"193.252.22.84","src_port":57309,"dst_port":587,"l4_proto":"tcp","ndpi": {"confidence": {"6":"DPI"},"proto":"SMTP","breed":"Acceptable","category":"Email"},"smtp": {"user":"","password":""}}
00557{"daemon_event_id":4,"daemon_event_name":"status","thread_id":0,"packet_id":627,"source":"emotet.pcap","alias":"nDPId-test","packets-captured":627,"packets-processed":626,"total-skipped-flows":0,"total-l4-payload-len":404645,"total-not-detected-flows":0,"total-guessed-flows":0,"total-detected-flows":1,"total-detection-updates":0,"total-updates":0,"current-active-flows":1,"total-active-flows":1,"total-idle-flows":0,"total-compressions":0,"total-compression-diff":0,"current-compression-diff":0,"total-events-serialized":8,"global_ts_msec":1648563468993}
00690{"flow_event_id":1,"flow_event_name":"new","thread_id":0,"packet_id":627,"source":"emotet.pcap","alias":"nDPId-test","flow_id":2,"flow_state":"info","flow_src_packets_processed":1,"flow_dst_packets_processed":0,"flow_first_seen":1648563468993,"flow_last_seen":1648563468993,"flow_idle_time":7580000,"flow_src_min_l4_payload_len":0,"flow_dst_min_l4_payload_len":0,"flow_src_max_l4_payload_len":0,"flow_dst_max_l4_payload_len":0,"flow_src_tot_l4_payload_len":0,"flow_dst_tot_l4_payload_len":0,"midstream":0,"thread_ts_msec":1648563468993,"l3_proto":"ip4","src_ip":"10.3.29.101","dst_ip":"104.161.127.22","src_port":56309,"dst_port":80,"l4_proto":"tcp","flow_datalink":1,"flow_max_packets":3}
00466{"packet_event_id":2,"packet_event_name":"packet-flow","thread_id":0,"packet_id":627,"source":"emotet.pcap","alias":"nDPId-test","flow_id":2,"flow_packet_id":1,"flow_last_seen":1648563468993,"flow_idle_time":7580000,"pkt_oversize":false,"pkt_caplen":66,"pkt_type":2048,"pkt_l3_offset":14,"pkt_l4_offset":34,"pkt_len":66,"pkt_l4_len":32,"thread_ts_msec":1648563468993,"pkt":"IOUqtpPxAAgCHEeuCABFAAA0EddAAIAG2c0KAx1laKF\/Ftv1AFBvd7IvAAAAAIAC+vBnEwAAAgQFtAEDAwgBAQQC"}
00458{"packet_event_id":2,"packet_event_name":"packet-flow","thread_id":0,"packet_id":628,"source":"emotet.pcap","alias":"nDPId-test","flow_id":2,"flow_packet_id":2,"flow_last_seen":1648563469109,"flow_idle_time":7580000,"pkt_oversize":false,"pkt_caplen":58,"pkt_type":2048,"pkt_l3_offset":14,"pkt_l4_offset":34,"pkt_len":58,"pkt_l4_len":24,"thread_ts_msec":1648563469109,"pkt":"AAgCHEeuIOUqtpPxCABFAAAsoCoAAIAGi4JooX8WCgMdZQBQ2\/UuAEklb3eyMGAS+vAY8wAAAgQFtA=="}
00450{"packet_event_id":2,"packet_event_name":"packet-flow","thread_id":0,"packet_id":629,"source":"emotet.pcap","alias":"nDPId-test","flow_id":2,"flow_packet_id":3,"flow_last_seen":1648563469109,"flow_idle_time":7580000,"pkt_oversize":false,"pkt_caplen":54,"pkt_type":2048,"pkt_l3_offset":14,"pkt_l4_offset":34,"pkt_len":54,"pkt_l4_len":20,"thread_ts_msec":1648563469109,"pkt":"IOUqtpPxAAgCHEeuCABFAAAoEdhAAIAG2dgKAx1laKF\/Ftv1AFBvd7IwLgBJJlAQ+vAwsAAA"}
01008{"flow_event_id":6,"flow_event_name":"detected","thread_id":0,"packet_id":630,"source":"emotet.pcap","alias":"nDPId-test","flow_id":2,"flow_state":"info","flow_src_packets_processed":3,"flow_dst_packets_processed":1,"flow_first_seen":1648563468993,"flow_last_seen":1648563469109,"flow_idle_time":7580000,"flow_src_min_l4_payload_len":0,"flow_dst_min_l4_payload_len":0,"flow_src_max_l4_payload_len":446,"flow_dst_max_l4_payload_len":0,"flow_src_tot_l4_payload_len":446,"flow_dst_tot_l4_payload_len":0,"midstream":0,"thread_ts_msec":1648563469109,"l3_proto":"ip4","src_ip":"10.3.29.101","dst_ip":"104.161.127.22","src_port":56309,"dst_port":80,"l4_proto":"tcp","ndpi": {"confidence": {"6":"DPI"},"proto":"HTTP","breed":"Acceptable","category":"Web"},"http": {"hostname":"fkl.co.ke","url":"fkl.co.ke\/wp-content\/Elw3kPvOsZxM5\/","code":0,"content_type":"","user_agent":"Mozilla\/5.0 (Windows NT 10.0; Win64; x64) AppleWebKit\/537.36 (KHTML, like Gecko) Chrome\/99.0.4844.74 Safari\/537.36 Edg\/99.0.1150.55"}}
00801{"flow_event_id":2,"flow_event_name":"end","thread_id":0,"packet_id":831,"source":"emotet.pcap","alias":"nDPId-test","flow_id":1,"flow_state":"finished","flow_src_packets_processed":303,"flow_dst_packets_processed":323,"flow_first_seen":1645830066121,"flow_last_seen":1645830085160,"flow_idle_time":7580000,"flow_src_min_l4_payload_len":0,"flow_dst_min_l4_payload_len":0,"flow_src_max_l4_payload_len":1460,"flow_dst_max_l4_payload_len":160,"flow_src_tot_l4_payload_len":403803,"flow_dst_tot_l4_payload_len":842,"midstream":0,"thread_ts_msec":1648563473087,"l3_proto":"ip4","src_ip":"10.2.25.102","dst_ip":"193.252.22.84","src_port":57309,"dst_port":587,"l4_proto":"tcp","flow_datalink":1,"flow_max_packets":3,"ndpi": {"confidence": {"6":"DPI"},"proto":"SMTP","breed":"Acceptable","category":"Email"}}
00558{"daemon_event_id":4,"daemon_event_name":"status","thread_id":0,"packet_id":835,"source":"emotet.pcap","alias":"nDPId-test","packets-captured":835,"packets-processed":834,"total-skipped-flows":0,"total-l4-payload-len":582320,"total-not-detected-flows":0,"total-guessed-flows":0,"total-detected-flows":2,"total-detection-updates":0,"total-updates":0,"current-active-flows":1,"total-active-flows":2,"total-idle-flows":1,"total-compressions":0,"total-compression-diff":0,"current-compression-diff":0,"total-events-serialized":15,"global_ts_msec":1650490398530}
00691{"flow_event_id":1,"flow_event_name":"new","thread_id":0,"packet_id":835,"source":"emotet.pcap","alias":"nDPId-test","flow_id":3,"flow_state":"info","flow_src_packets_processed":1,"flow_dst_packets_processed":0,"flow_first_seen":1650490398530,"flow_last_seen":1650490398530,"flow_idle_time":7580000,"flow_src_min_l4_payload_len":0,"flow_dst_min_l4_payload_len":0,"flow_src_max_l4_payload_len":0,"flow_dst_max_l4_payload_len":0,"flow_src_tot_l4_payload_len":0,"flow_dst_tot_l4_payload_len":0,"midstream":0,"thread_ts_msec":1650490398530,"l3_proto":"ip4","src_ip":"10.4.20.102","dst_ip":"107.161.178.210","src_port":54319,"dst_port":80,"l4_proto":"tcp","flow_datalink":1,"flow_max_packets":3}
00468{"packet_event_id":2,"packet_event_name":"packet-flow","thread_id":0,"packet_id":835,"source":"emotet.pcap","alias":"nDPId-test","flow_id":3,"flow_packet_id":1,"flow_last_seen":1650490398530,"flow_idle_time":7580000,"pkt_oversize":false,"pkt_caplen":66,"pkt_type":2048,"pkt_l3_offset":14,"pkt_l4_offset":34,"pkt_len":66,"pkt_l4_len":32,"thread_ts_msec":1650490398530,"pkt":"IOUqtpPxAAgCHEeuCABFAAA0\/mJAAIAGv4MKBBRma6Gy0tQvAFBRzVZmAAAAAIAC\/\/+1fwAAAgQFtAEDAwgBAQQC"}
00461{"packet_event_id":2,"packet_event_name":"packet-flow","thread_id":0,"packet_id":836,"source":"emotet.pcap","alias":"nDPId-test","flow_id":3,"flow_packet_id":2,"flow_last_seen":1650490398627,"flow_idle_time":7580000,"pkt_oversize":false,"pkt_caplen":62,"pkt_type":2048,"pkt_l3_offset":14,"pkt_l4_offset":34,"pkt_len":62,"pkt_l4_len":28,"thread_ts_msec":1650490398627,"pkt":"AAgCHEeuIOUqtpPxCABFAAAwAABAADIGC+trobLSCgQUZgBQ1C8M9mn7Uc1WZ3ASchDhvAAAAgQFbAEDAwc="}
00459{"packet_event_id":2,"packet_event_name":"packet-flow","thread_id":0,"packet_id":837,"source":"emotet.pcap","alias":"nDPId-test","flow_id":3,"flow_packet_id":3,"flow_last_seen":1650490398628,"flow_idle_time":7580000,"pkt_oversize":false,"pkt_caplen":60,"pkt_type":2048,"pkt_l3_offset":14,"pkt_l4_offset":34,"pkt_len":60,"pkt_l4_len":20,"thread_ts_msec":1650490398628,"pkt":"IOUqtpPxAAgCHEeuCABFAAAo\/mNAAIAGv44KBBRma6Gy0tQvAFBRzVZnDPZp\/FAQBAB7UAAAAAAAAAAA"}
00948{"flow_event_id":6,"flow_event_name":"detected","thread_id":0,"packet_id":838,"source":"emotet.pcap","alias":"nDPId-test","flow_id":3,"flow_state":"info","flow_src_packets_processed":3,"flow_dst_packets_processed":1,"flow_first_seen":1650490398530,"flow_last_seen":1650490398628,"flow_idle_time":7580000,"flow_src_min_l4_payload_len":0,"flow_dst_min_l4_payload_len":0,"flow_src_max_l4_payload_len":225,"flow_dst_max_l4_payload_len":0,"flow_src_tot_l4_payload_len":225,"flow_dst_tot_l4_payload_len":0,"midstream":0,"thread_ts_msec":1650490398628,"l3_proto":"ip4","src_ip":"10.4.20.102","dst_ip":"107.161.178.210","src_port":54319,"dst_port":80,"l4_proto":"tcp","ndpi": {"confidence": {"6":"DPI"},"proto":"HTTP","breed":"Acceptable","category":"Web"},"http": {"hostname":"gandhitoday.org","url":"gandhitoday.org\/video\/6JvA8\/","code":0,"content_type":"","user_agent":"Mozilla\/5.0 (Windows NT 10.0; Win64; x64; Trident\/7.0; rv:11.0) like Gecko"}}
01088{"flow_event_id":7,"flow_event_name":"detection-update","thread_id":0,"packet_id":839,"source":"emotet.pcap","alias":"nDPId-test","flow_id":3,"flow_state":"info","flow_src_packets_processed":3,"flow_dst_packets_processed":2,"flow_first_seen":1650490398530,"flow_last_seen":1650490398888,"flow_idle_time":7580000,"flow_src_min_l4_payload_len":0,"flow_dst_min_l4_payload_len":0,"flow_src_max_l4_payload_len":225,"flow_dst_max_l4_payload_len":1388,"flow_src_tot_l4_payload_len":225,"flow_dst_tot_l4_payload_len":1388,"midstream":0,"thread_ts_msec":1650490398888,"l3_proto":"ip4","src_ip":"10.4.20.102","dst_ip":"107.161.178.210","src_port":54319,"dst_port":80,"l4_proto":"tcp","ndpi": {"flow_risk": {"4": {"risk":"Binary App Transfer","severity":"Severe","risk_score": {"total":250,"client":225,"server":25}}},"confidence": {"6":"DPI"},"proto":"HTTP","breed":"Acceptable","category":"Web"},"http": {"hostname":"gandhitoday.org","url":"gandhitoday.org\/video\/6JvA8\/","code":200,"content_type":"","user_agent":"Mozilla\/5.0 (Windows NT 10.0; Win64; x64; Trident\/7.0; rv:11.0) like Gecko"}}
00799{"flow_event_id":2,"flow_event_name":"end","thread_id":0,"packet_id":1664,"source":"emotet.pcap","alias":"nDPId-test","flow_id":2,"flow_state":"finished","flow_src_packets_processed":72,"flow_dst_packets_processed":136,"flow_first_seen":1648563468993,"flow_last_seen":1648563480808,"flow_idle_time":7580000,"flow_src_min_l4_payload_len":0,"flow_dst_min_l4_payload_len":0,"flow_src_max_l4_payload_len":537,"flow_dst_max_l4_payload_len":1361,"flow_src_tot_l4_payload_len":983,"flow_dst_tot_l4_payload_len":176692,"midstream":0,"thread_ts_msec":1650490407650,"l3_proto":"ip4","src_ip":"10.3.29.101","dst_ip":"104.161.127.22","src_port":56309,"dst_port":80,"l4_proto":"tcp","flow_datalink":1,"flow_max_packets":3,"ndpi": {"confidence": {"6":"DPI"},"proto":"HTTP","breed":"Acceptable","category":"Web"}}
00562{"daemon_event_id":4,"daemon_event_name":"status","thread_id":0,"packet_id":1664,"source":"emotet.pcap","alias":"nDPId-test","packets-captured":1664,"packets-processed":1663,"total-skipped-flows":0,"total-l4-payload-len":1352571,"total-not-detected-flows":0,"total-guessed-flows":0,"total-detected-flows":3,"total-detection-updates":1,"total-updates":0,"current-active-flows":1,"total-active-flows":3,"total-idle-flows":2,"total-compressions":0,"total-compression-diff":0,"current-compression-diff":0,"total-events-serialized":23,"global_ts_msec":1650905413858}
00690{"flow_event_id":1,"flow_event_name":"new","thread_id":0,"packet_id":1664,"source":"emotet.pcap","alias":"nDPId-test","flow_id":4,"flow_state":"info","flow_src_packets_processed":1,"flow_dst_packets_processed":0,"flow_first_seen":1650905413858,"flow_last_seen":1650905413858,"flow_idle_time":7580000,"flow_src_min_l4_payload_len":0,"flow_dst_min_l4_payload_len":0,"flow_src_max_l4_payload_len":0,"flow_dst_max_l4_payload_len":0,"flow_src_tot_l4_payload_len":0,"flow_dst_tot_l4_payload_len":0,"midstream":0,"thread_ts_msec":1650905413858,"l3_proto":"ip4","src_ip":"10.4.25.101","dst_ip":"77.105.36.156","src_port":49797,"dst_port":80,"l4_proto":"tcp","flow_datalink":1,"flow_max_packets":3}
00466{"packet_event_id":2,"packet_event_name":"packet-flow","thread_id":0,"packet_id":1664,"source":"emotet.pcap","alias":"nDPId-test","flow_id":4,"flow_packet_id":1,"flow_last_seen":1650905413858,"flow_idle_time":7580000,"pkt_oversize":false,"pkt_caplen":66,"pkt_type":2048,"pkt_l3_offset":14,"pkt_l4_offset":34,"pkt_len":66,"pkt_l4_len":32,"thread_ts_msec":1650905413858,"pkt":"IOUqtpPxAAgCHEeuCABFAAA0LKVAAIAGOLEKBBllTWkknMKFAFDxFWwgAAAAAIAC+vC+pQAAAgQFtAEDAwgBAQQC"}
00466{"packet_event_id":2,"packet_event_name":"packet-flow","thread_id":0,"packet_id":1665,"source":"emotet.pcap","alias":"nDPId-test","flow_id":4,"flow_packet_id":2,"flow_last_seen":1650905414042,"flow_idle_time":7580000,"pkt_oversize":false,"pkt_caplen":66,"pkt_type":2048,"pkt_l3_offset":14,"pkt_l4_offset":34,"pkt_len":66,"pkt_l4_len":32,"thread_ts_msec":1650905414042,"pkt":"AAgCHEeuIOUqtpPxCABFAAA0AABAADEGtFZNaSScCgQZZQBQwoUpbDcH8RVsIYASOQggUwAAAgQFbAEBBAIBAwMH"}
00458{"packet_event_id":2,"packet_event_name":"packet-flow","thread_id":0,"packet_id":1666,"source":"emotet.pcap","alias":"nDPId-test","flow_id":4,"flow_packet_id":3,"flow_last_seen":1650905414043,"flow_idle_time":7580000,"pkt_oversize":false,"pkt_caplen":60,"pkt_type":2048,"pkt_l3_offset":14,"pkt_l4_offset":34,"pkt_len":60,"pkt_l4_len":20,"thread_ts_msec":1650905414043,"pkt":"IOUqtpPxAAgCHEeuCABFAAAoLKZAAIAGOLwKBBllTWkknMKFAFDxFWwhKWw3CFAQAgOX4gAAAAAAAAAA"}
01026{"flow_event_id":6,"flow_event_name":"detected","thread_id":0,"packet_id":1667,"source":"emotet.pcap","alias":"nDPId-test","flow_id":4,"flow_state":"info","flow_src_packets_processed":3,"flow_dst_packets_processed":1,"flow_first_seen":1650905413858,"flow_last_seen":1650905414043,"flow_idle_time":7580000,"flow_src_min_l4_payload_len":0,"flow_dst_min_l4_payload_len":0,"flow_src_max_l4_payload_len":152,"flow_dst_max_l4_payload_len":0,"flow_src_tot_l4_payload_len":152,"flow_dst_tot_l4_payload_len":0,"midstream":0,"thread_ts_msec":1650905414043,"l3_proto":"ip4","src_ip":"10.4.25.101","dst_ip":"77.105.36.156","src_port":49797,"dst_port":80,"l4_proto":"tcp","ndpi": {"flow_risk": {"11": {"risk":"HTTP Suspicious User-Agent","severity":"High","risk_score": {"total":510,"client":455,"server":55}}},"confidence": {"6":"DPI"},"proto":"HTTP","breed":"Acceptable","category":"Web"},"http": {"hostname":"filmmogzivota.rs","url":"filmmogzivota.rs\/SpryAssets\/gDR\/","code":0,"content_type":"","user_agent":"vBKbaQgjyvRRbcgfvlsc"}}
01179{"flow_event_id":7,"flow_event_name":"detection-update","thread_id":0,"packet_id":1669,"source":"emotet.pcap","alias":"nDPId-test","flow_id":4,"flow_state":"info","flow_src_packets_processed":3,"flow_dst_packets_processed":3,"flow_first_seen":1650905413858,"flow_last_seen":1650905414335,"flow_idle_time":7580000,"flow_src_min_l4_payload_len":0,"flow_dst_min_l4_payload_len":0,"flow_src_max_l4_payload_len":152,"flow_dst_max_l4_payload_len":572,"flow_src_tot_l4_payload_len":152,"flow_dst_tot_l4_payload_len":572,"midstream":0,"thread_ts_msec":1650905414335,"l3_proto":"ip4","src_ip":"10.4.25.101","dst_ip":"77.105.36.156","src_port":49797,"dst_port":80,"l4_proto":"tcp","ndpi": {"flow_risk": {"4": {"risk":"Binary App Transfer","severity":"Severe","risk_score": {"total":250,"client":225,"server":25}},"11": {"risk":"HTTP Suspicious User-Agent","severity":"High","risk_score": {"total":510,"client":455,"server":55}}},"confidence": {"6":"DPI"},"proto":"HTTP","breed":"Acceptable","category":"Download"},"http": {"hostname":"filmmogzivota.rs","url":"filmmogzivota.rs\/SpryAssets\/gDR\/","code":200,"content_type":"application\/x-msdownload","user_agent":"vBKbaQgjyvRRbcgfvlsc"}}
00925{"flow_event_id":2,"flow_event_name":"end","thread_id":0,"packet_id":2228,"source":"emotet.pcap","alias":"nDPId-test","flow_id":3,"flow_state":"finished","flow_src_packets_processed":272,"flow_dst_packets_processed":557,"flow_first_seen":1650490398530,"flow_last_seen":1650490407650,"flow_idle_time":7580000,"flow_src_min_l4_payload_len":0,"flow_dst_min_l4_payload_len":0,"flow_src_max_l4_payload_len":225,"flow_dst_max_l4_payload_len":1388,"flow_src_tot_l4_payload_len":225,"flow_dst_tot_l4_payload_len":770026,"midstream":0,"thread_ts_msec":1650905415845,"l3_proto":"ip4","src_ip":"10.4.20.102","dst_ip":"107.161.178.210","src_port":54319,"dst_port":80,"l4_proto":"tcp","flow_datalink":1,"flow_max_packets":3,"ndpi": {"flow_risk": {"4": {"risk":"Binary App Transfer","severity":"Severe","risk_score": {"total":250,"client":225,"server":25}}},"confidence": {"6":"DPI"},"proto":"HTTP","breed":"Acceptable","category":"Web"}}
00693{"flow_event_id":1,"flow_event_name":"new","thread_id":0,"packet_id":2228,"source":"emotet.pcap","alias":"nDPId-test","flow_id":5,"flow_state":"info","flow_src_packets_processed":1,"flow_dst_packets_processed":0,"flow_first_seen":1650905467542,"flow_last_seen":1650905467542,"flow_idle_time":7580000,"flow_src_min_l4_payload_len":0,"flow_dst_min_l4_payload_len":0,"flow_src_max_l4_payload_len":0,"flow_dst_max_l4_payload_len":0,"flow_src_tot_l4_payload_len":0,"flow_dst_tot_l4_payload_len":0,"midstream":0,"thread_ts_msec":1650905467542,"l3_proto":"ip4","src_ip":"10.4.25.101","dst_ip":"138.197.147.101","src_port":49803,"dst_port":443,"l4_proto":"tcp","flow_datalink":1,"flow_max_packets":3}
00468{"packet_event_id":2,"packet_event_name":"packet-flow","thread_id":0,"packet_id":2228,"source":"emotet.pcap","alias":"nDPId-test","flow_id":5,"flow_packet_id":1,"flow_last_seen":1650905467542,"flow_idle_time":7580000,"pkt_oversize":false,"pkt_caplen":66,"pkt_type":2048,"pkt_l3_offset":14,"pkt_l4_offset":34,"pkt_len":66,"pkt_l4_len":32,"thread_ts_msec":1650905467542,"pkt":"IOUqtpPxAAgCHEeuCABFAAA0C55AAIAGrZIKBBllisWTZcKLAbv3Q1KhAAAAAIAC\/\/8fUQAAAgQFtAEDAwgBAQQC"}
00466{"packet_event_id":2,"packet_event_name":"packet-flow","thread_id":0,"packet_id":2229,"source":"emotet.pcap","alias":"nDPId-test","flow_id":5,"flow_packet_id":2,"flow_last_seen":1650905467652,"flow_idle_time":7580000,"pkt_oversize":false,"pkt_caplen":66,"pkt_type":2048,"pkt_l3_offset":14,"pkt_l4_offset":34,"pkt_len":66,"pkt_l4_len":32,"thread_ts_msec":1650905467652,"pkt":"AAgCHEeuIOUqtpPxCABFAAA0AABAADAGCTGKxZNlCgQZZQG7wotH+MA690NSooAS+vAcZQAAAgQFbAEBBAIBAwMH"}
00459{"packet_event_id":2,"packet_event_name":"packet-flow","thread_id":0,"packet_id":2230,"source":"emotet.pcap","alias":"nDPId-test","flow_id":5,"flow_packet_id":3,"flow_last_seen":1650905467652,"flow_idle_time":7580000,"pkt_oversize":false,"pkt_caplen":60,"pkt_type":2048,"pkt_l3_offset":14,"pkt_l4_offset":34,"pkt_len":60,"pkt_l4_len":20,"thread_ts_msec":1650905467652,"pkt":"IOUqtpPxAAgCHEeuCABFAAAoC59AAIAGrZ0KBBllisWTZcKLAbv3Q1KiR\/jAO1AQBABT4AAAAAAAAAAA"}
01160{"flow_event_id":6,"flow_event_name":"detected","thread_id":0,"packet_id":2231,"source":"emotet.pcap","alias":"nDPId-test","flow_id":5,"flow_state":"info","flow_src_packets_processed":3,"flow_dst_packets_processed":1,"flow_first_seen":1650905467542,"flow_last_seen":1650905467666,"flow_idle_time":7580000,"flow_src_min_l4_payload_len":0,"flow_dst_min_l4_payload_len":0,"flow_src_max_l4_payload_len":149,"flow_dst_max_l4_payload_len":0,"flow_src_tot_l4_payload_len":149,"flow_dst_tot_l4_payload_len":0,"midstream":0,"thread_ts_msec":1650905467666,"l3_proto":"ip4","src_ip":"10.4.25.101","dst_ip":"138.197.147.101","src_port":49803,"dst_port":443,"l4_proto":"tcp","ndpi": {"flow_risk": {"15": {"risk":"TLS (probably) Not Carrying HTTPS","severity":"Low","risk_score": {"total":760,"client":680,"server":80}},"24": {"risk":"Missing SNI TLS Extn","severity":"Medium","risk_score": {"total":500,"client":350,"server":150}}},"confidence": {"6":"DPI"},"proto":"TLS","breed":"Safe","category":"Web"},"tls": {"version":"TLSv1.2","client_requested_server_name":"","ja3":"51c64c77e60f3980eea90869b68c58a8","ja3s":"","unsafe_cipher":0,"cipher":"TLS_NULL_WITH_NULL_NULL"}}
01585{"flow_event_id":7,"flow_event_name":"detection-update","thread_id":0,"packet_id":2233,"source":"emotet.pcap","alias":"nDPId-test","flow_id":5,"flow_state":"info","flow_src_packets_processed":3,"flow_dst_packets_processed":3,"flow_first_seen":1650905467542,"flow_last_seen":1650905467789,"flow_idle_time":7580000,"flow_src_min_l4_payload_len":0,"flow_dst_min_l4_payload_len":0,"flow_src_max_l4_payload_len":149,"flow_dst_max_l4_payload_len":1378,"flow_src_tot_l4_payload_len":149,"flow_dst_tot_l4_payload_len":1378,"midstream":0,"thread_ts_msec":1650905467789,"l3_proto":"ip4","src_ip":"10.4.25.101","dst_ip":"138.197.147.101","src_port":49803,"dst_port":443,"l4_proto":"tcp","ndpi": {"flow_risk": {"6": {"risk":"Self-signed Cert","severity":"High","risk_score": {"total":500,"client":450,"server":50}},"15": {"risk":"TLS (probably) Not Carrying HTTPS","severity":"Low","risk_score": {"total":760,"client":680,"server":80}},"24": {"risk":"Missing SNI TLS Extn","severity":"Medium","risk_score": {"total":500,"client":350,"server":150}}},"confidence": {"6":"DPI"},"proto":"TLS","breed":"Safe","category":"Web"},"tls": {"version":"TLSv1.2","client_requested_server_name":"","ja3":"51c64c77e60f3980eea90869b68c58a8","ja3s":"ec74a5c51106f0419184d0dd08fb05bc","unsafe_cipher":0,"cipher":"TLS_ECDHE_RSA_WITH_AES_256_GCM_SHA384","issuerDN":"C=GB, ST=London, L=London, O=Global Security, OU=IT Department, CN=example.com","subjectDN":"C=GB, ST=London, L=London, O=Global Security, OU=IT Department, CN=example.com","fingerprint":"43:A2:39:73:AC:4D:2C:15:7B:D6:4E:32:EA:22:11:B7:97:65:1A:93"}}
00693{"flow_event_id":1,"flow_event_name":"new","thread_id":0,"packet_id":2359,"source":"emotet.pcap","alias":"nDPId-test","flow_id":6,"flow_state":"info","flow_src_packets_processed":1,"flow_dst_packets_processed":0,"flow_first_seen":1650905469778,"flow_last_seen":1650905469778,"flow_idle_time":7580000,"flow_src_min_l4_payload_len":0,"flow_dst_min_l4_payload_len":0,"flow_src_max_l4_payload_len":0,"flow_dst_max_l4_payload_len":0,"flow_src_tot_l4_payload_len":0,"flow_dst_tot_l4_payload_len":0,"midstream":0,"thread_ts_msec":1650905469778,"l3_proto":"ip4","src_ip":"10.4.25.101","dst_ip":"138.197.147.101","src_port":49804,"dst_port":443,"l4_proto":"tcp","flow_datalink":1,"flow_max_packets":3}
00468{"packet_event_id":2,"packet_event_name":"packet-flow","thread_id":0,"packet_id":2359,"source":"emotet.pcap","alias":"nDPId-test","flow_id":6,"flow_packet_id":1,"flow_last_seen":1650905469778,"flow_idle_time":7580000,"pkt_oversize":false,"pkt_caplen":66,"pkt_type":2048,"pkt_l3_offset":14,"pkt_l4_offset":34,"pkt_len":66,"pkt_l4_len":32,"thread_ts_msec":1650905469778,"pkt":"IOUqtpPxAAgCHEeuCABFAAA0C9hAAIAGrVgKBBllisWTZcKMAbv+vEuFAAAAAIAC\/\/8e8wAAAgQFtAEDAwgBAQQC"}
00467{"packet_event_id":2,"packet_event_name":"packet-flow","thread_id":0,"packet_id":2360,"source":"emotet.pcap","alias":"nDPId-test","flow_id":6,"flow_packet_id":2,"flow_last_seen":1650905469855,"flow_idle_time":7580000,"pkt_oversize":false,"pkt_caplen":66,"pkt_type":2048,"pkt_l3_offset":14,"pkt_l4_offset":34,"pkt_len":66,"pkt_l4_len":32,"thread_ts_msec":1650905469855,"pkt":"AAgCHEeuIOUqtpPxCABFAAA0AABAADAGCTGKxZNlCgQZZQG7woy1bvT7\/rxLhoAS+vB5zwAAAgQFbAEBBAIBAwMH"}
00459{"packet_event_id":2,"packet_event_name":"packet-flow","thread_id":0,"packet_id":2361,"source":"emotet.pcap","alias":"nDPId-test","flow_id":6,"flow_packet_id":3,"flow_last_seen":1650905469855,"flow_idle_time":7580000,"pkt_oversize":false,"pkt_caplen":60,"pkt_type":2048,"pkt_l3_offset":14,"pkt_l4_offset":34,"pkt_len":60,"pkt_l4_len":20,"thread_ts_msec":1650905469855,"pkt":"IOUqtpPxAAgCHEeuCABFAAAoC9lAAIAGrWMKBBllisWTZcKMAbv+vEuGtW70\/FAQBACxSgAAAAAAAAAA"}
01160{"flow_event_id":6,"flow_event_name":"detected","thread_id":0,"packet_id":2362,"source":"emotet.pcap","alias":"nDPId-test","flow_id":6,"flow_state":"info","flow_src_packets_processed":3,"flow_dst_packets_processed":1,"flow_first_seen":1650905469778,"flow_last_seen":1650905469856,"flow_idle_time":7580000,"flow_src_min_l4_payload_len":0,"flow_dst_min_l4_payload_len":0,"flow_src_max_l4_payload_len":325,"flow_dst_max_l4_payload_len":0,"flow_src_tot_l4_payload_len":325,"flow_dst_tot_l4_payload_len":0,"midstream":0,"thread_ts_msec":1650905469856,"l3_proto":"ip4","src_ip":"10.4.25.101","dst_ip":"138.197.147.101","src_port":49804,"dst_port":443,"l4_proto":"tcp","ndpi": {"flow_risk": {"15": {"risk":"TLS (probably) Not Carrying HTTPS","severity":"Low","risk_score": {"total":760,"client":680,"server":80}},"24": {"risk":"Missing SNI TLS Extn","severity":"Medium","risk_score": {"total":500,"client":350,"server":150}}},"confidence": {"6":"DPI"},"proto":"TLS","breed":"Safe","category":"Web"},"tls": {"version":"TLSv1.2","client_requested_server_name":"","ja3":"51c64c77e60f3980eea90869b68c58a8","ja3s":"","unsafe_cipher":0,"cipher":"TLS_NULL_WITH_NULL_NULL"}}
01218{"flow_event_id":7,"flow_event_name":"detection-update","thread_id":0,"packet_id":2364,"source":"emotet.pcap","alias":"nDPId-test","flow_id":6,"flow_state":"info","flow_src_packets_processed":3,"flow_dst_packets_processed":3,"flow_first_seen":1650905469778,"flow_last_seen":1650905469964,"flow_idle_time":7580000,"flow_src_min_l4_payload_len":0,"flow_dst_min_l4_payload_len":0,"flow_src_max_l4_payload_len":325,"flow_dst_max_l4_payload_len":109,"flow_src_tot_l4_payload_len":325,"flow_dst_tot_l4_payload_len":109,"midstream":0,"thread_ts_msec":1650905469964,"l3_proto":"ip4","src_ip":"10.4.25.101","dst_ip":"138.197.147.101","src_port":49804,"dst_port":443,"l4_proto":"tcp","ndpi": {"flow_risk": {"15": {"risk":"TLS (probably) Not Carrying HTTPS","severity":"Low","risk_score": {"total":760,"client":680,"server":80}},"24": {"risk":"Missing SNI TLS Extn","severity":"Medium","risk_score": {"total":500,"client":350,"server":150}}},"confidence": {"6":"DPI"},"proto":"TLS","breed":"Safe","category":"Web"},"tls": {"version":"TLSv1.2","client_requested_server_name":"","ja3":"51c64c77e60f3980eea90869b68c58a8","ja3s":"fd4bc6cea4877646ccd62f0792ec0b62","unsafe_cipher":0,"cipher":"TLS_ECDHE_RSA_WITH_AES_256_GCM_SHA384"}}
01043{"flow_event_id":2,"flow_event_name":"end","thread_id":0,"packet_id":2380,"source":"emotet.pcap","alias":"nDPId-test","flow_id":4,"flow_state":"finished","flow_src_packets_processed":169,"flow_dst_packets_processed":395,"flow_first_seen":1650905413858,"flow_last_seen":1650905415845,"flow_idle_time":7580000,"flow_src_min_l4_payload_len":0,"flow_dst_min_l4_payload_len":0,"flow_src_max_l4_payload_len":152,"flow_dst_max_l4_payload_len":1388,"flow_src_tot_l4_payload_len":152,"flow_dst_tot_l4_payload_len":544316,"midstream":0,"thread_ts_msec":1650905518385,"l3_proto":"ip4","src_ip":"10.4.25.101","dst_ip":"77.105.36.156","src_port":49797,"dst_port":80,"l4_proto":"tcp","flow_datalink":1,"flow_max_packets":3,"ndpi": {"flow_risk": {"4": {"risk":"Binary App Transfer","severity":"Severe","risk_score": {"total":250,"client":225,"server":25}},"11": {"risk":"HTTP Suspicious User-Agent","severity":"High","risk_score": {"total":510,"client":455,"server":55}}},"confidence": {"6":"DPI"},"proto":"HTTP","breed":"Acceptable","category":"Download"}}
01144{"flow_event_id":2,"flow_event_name":"end","thread_id":0,"packet_id":2380,"source":"emotet.pcap","alias":"nDPId-test","flow_id":5,"flow_state":"finished","flow_src_packets_processed":61,"flow_dst_packets_processed":75,"flow_first_seen":1650905467542,"flow_last_seen":1650905495928,"flow_idle_time":7580000,"flow_src_min_l4_payload_len":0,"flow_dst_min_l4_payload_len":0,"flow_src_max_l4_payload_len":480,"flow_dst_max_l4_payload_len":1388,"flow_src_tot_l4_payload_len":722,"flow_dst_tot_l4_payload_len":95735,"midstream":0,"thread_ts_msec":1650905518385,"l3_proto":"ip4","src_ip":"10.4.25.101","dst_ip":"138.197.147.101","src_port":49803,"dst_port":443,"l4_proto":"tcp","flow_datalink":1,"flow_max_packets":3,"ndpi": {"flow_risk": {"6": {"risk":"Self-signed Cert","severity":"High","risk_score": {"total":500,"client":450,"server":50}},"15": {"risk":"TLS (probably) Not Carrying HTTPS","severity":"Low","risk_score": {"total":760,"client":680,"server":80}},"24": {"risk":"Missing SNI TLS Extn","severity":"Medium","risk_score": {"total":500,"client":350,"server":150}}},"confidence": {"6":"DPI"},"proto":"TLS","breed":"Safe","category":"Web"}}
01036{"flow_event_id":2,"flow_event_name":"end","thread_id":0,"packet_id":2380,"source":"emotet.pcap","alias":"nDPId-test","flow_id":6,"flow_state":"finished","flow_src_packets_processed":10,"flow_dst_packets_processed":7,"flow_first_seen":1650905469778,"flow_last_seen":1650905518385,"flow_idle_time":7580000,"flow_src_min_l4_payload_len":0,"flow_dst_min_l4_payload_len":0,"flow_src_max_l4_payload_len":553,"flow_dst_max_l4_payload_len":660,"flow_src_tot_l4_payload_len":929,"flow_dst_tot_l4_payload_len":800,"midstream":0,"thread_ts_msec":1650905518385,"l3_proto":"ip4","src_ip":"10.4.25.101","dst_ip":"138.197.147.101","src_port":49804,"dst_port":443,"l4_proto":"tcp","flow_datalink":1,"flow_max_packets":3,"ndpi": {"flow_risk": {"15": {"risk":"TLS (probably) Not Carrying HTTPS","severity":"Low","risk_score": {"total":760,"client":680,"server":80}},"24": {"risk":"Missing SNI TLS Extn","severity":"Medium","risk_score": {"total":500,"client":350,"server":150}}},"confidence": {"6":"DPI"},"proto":"TLS","breed":"Safe","category":"Web"}}
00564{"daemon_event_id":3,"daemon_event_name":"shutdown","thread_id":0,"packet_id":2380,"source":"emotet.pcap","alias":"nDPId-test","packets-captured":2380,"packets-processed":2380,"total-skipped-flows":0,"total-l4-payload-len":1995225,"total-not-detected-flows":0,"total-guessed-flows":0,"total-detected-flows":6,"total-detection-updates":4,"total-updates":0,"current-active-flows":0,"total-active-flows":6,"total-idle-flows":6,"total-compressions":0,"total-compression-diff":0,"current-compression-diff":0,"total-events-serialized":46,"global_ts_msec":1650905518385}
~~~~~~~~~~~~~~~~~~~~ SUMMARY ~~~~~~~~~~~~~~~~~~~~
~~ packets captured/processed: 2380/2380
~~ skipped flows.............: 0
~~ total layer4 data length..: 1995225 bytes
~~ total detected protocols..: 6
~~ total active/idle flows...: 6/6
~~ total timeout flows.......: 0
~~~~~~~~~~~~~~~~~~~~~~~~~~~~~~~~~~~~~~~~~~~~~~~~~
~~ total memory allocated....: 6084343 bytes
~~ total memory freed........: 6084343 bytes
~~ total allocations/frees...: 123297/123297
~~~~~~~~~~~~~~~~~~~~~~~~~~~~~~~~~~~~~~~~~~~~~~~~~
~~ json string min len.......: 453 chars
~~ json string max len.......: 1590 chars
~~ json string avg len.......: 1020 chars
