00466{"daemon_event_id":1,"daemon_event_name":"init","thread_id":0,"packet_id":0,"source":"fuzz-2021-10-13.pcap","alias":"nDPId-test","max-flows-per-thread":2048,"max-idle-flows-per-thread":64,"tick-resolution":1000,"reader-thread-count":1,"flow-scan-interval":10000,"generic-max-idle-time":600000,"icmp-max-idle-time":120000,"udp-max-idle-time":180000,"tcp-max-idle-time":7560000,"max-packets-per-flow-to-send":3,"max-packets-per-flow-to-process":32,"global_ts_msec":0}
00551{"daemon_event_id":4,"daemon_event_name":"status","thread_id":0,"packet_id":1,"source":"fuzz-2021-10-13.pcap","alias":"nDPId-test","packets-captured":1,"packets-processed":0,"total-skipped-flows":0,"total-l4-data-len":0,"total-not-detected-flows":0,"total-guessed-flows":0,"total-detected-flows":0,"total-detection-updates":0,"total-updates":0,"current-active-flows":0,"total-active-flows":0,"total-idle-flows":0,"total-compressions":0,"total-compression-diff":0,"current-compression-diff":0,"total-events-serialized":2,"global_ts_msec":980658803882}
00203{"error_event_id":1,"error_event_name":"Unknown datalink layer packet","datalink":0,"packet_id":1,"source":"fuzz-2021-10-13.pcap","alias":"nDPId-test","layer_type":3080300,"global_ts_msec":980658803882}
00532{"packet_event_id":1,"packet_event_name":"packet","packet_id":1,"source":"fuzz-2021-10-13.pcap","alias":"nDPId-test","pkt_oversize":false,"pkt_caplen":197,"pkt_type":0,"pkt_l3_offset":0,"pkt_l4_offset":0,"pkt_len":197,"pkt_l4_len":0,"thread_ts_msec":0,"pkt":"AC8AbGXLAAAAlQZ\/NAA6MDA1L3VwbG8yZD9sPTAuAAAAAAAAAAA9AAAAgAGtAAAAPAEAADUAMMkAAFsEMjk5oIBtrTHFxwpdEDIAAQBGAAAAaXAAc+dXAAAAAAAIAAoAAAD\/MvsABgAAAAAAAAAAAAAAAAAAAAAkABAAAAAAAAA8AQAAAAAACJcFAAAA\/zL7AAYAAP9NPLKhAgAAAI8NOwAAAH8AAhwAAQAAAAAAECA\/BeIoAAAAACA9eC75+f\/\/xQAAAAA="}
00553{"daemon_event_id":3,"daemon_event_name":"shutdown","thread_id":0,"packet_id":1,"source":"fuzz-2021-10-13.pcap","alias":"nDPId-test","packets-captured":1,"packets-processed":0,"total-skipped-flows":0,"total-l4-data-len":0,"total-not-detected-flows":0,"total-guessed-flows":0,"total-detected-flows":0,"total-detection-updates":0,"total-updates":0,"current-active-flows":0,"total-active-flows":0,"total-idle-flows":0,"total-compressions":0,"total-compression-diff":0,"current-compression-diff":0,"total-events-serialized":5,"global_ts_msec":980658803882}
~~~~~~~~~~~~~~~~~~~~ SUMMARY ~~~~~~~~~~~~~~~~~~~~
~~ packets captured/processed: 1/0
~~ skipped flows.............: 0
~~ total layer4 data length..: 0 bytes
~~ total detected protocols..: 0
~~ total active/idle flows...: 0/0
~~ total timeout flows.......: 0
~~~~~~~~~~~~~~~~~~~~~~~~~~~~~~~~~~~~~~~~~~~~~~~~~
~~ total memory allocated....: 4678950 bytes
~~ total memory freed........: 4678950 bytes
~~ total allocations/frees...: 101140/101140
~~~~~~~~~~~~~~~~~~~~~~~~~~~~~~~~~~~~~~~~~~~~~~~~~
~~ json string min len.......: 208 chars
~~ json string max len.......: 558 chars
~~ json string avg len.......: 381 chars
