00456{"daemon_event_id":1,"daemon_event_name":"init","thread_id":0,"packet_id":0,"source":"gtp_c.pcap","alias":"nDPId-test","max-flows-per-thread":2048,"max-idle-flows-per-thread":64,"tick-resolution":1000,"reader-thread-count":1,"flow-scan-interval":10000,"generic-max-idle-time":600000,"icmp-max-idle-time":120000,"udp-max-idle-time":180000,"tcp-max-idle-time":7560000,"max-packets-per-flow-to-send":3,"max-packets-per-flow-to-process":32,"global_ts_msec":0}
00545{"daemon_event_id":4,"daemon_event_name":"status","thread_id":0,"packet_id":1,"source":"gtp_c.pcap","alias":"nDPId-test","packets-captured":1,"packets-processed":0,"total-skipped-flows":0,"total-l4-payload-len":0,"total-not-detected-flows":0,"total-guessed-flows":0,"total-detected-flows":0,"total-detection-updates":0,"total-updates":0,"current-active-flows":0,"total-active-flows":0,"total-idle-flows":0,"total-compressions":0,"total-compression-diff":0,"current-compression-diff":0,"total-events-serialized":2,"global_ts_msec":1614767558813}
00580{"flow_event_id":1,"flow_event_name":"new","thread_id":0,"packet_id":1,"source":"gtp_c.pcap","alias":"nDPId-test","flow_id":1,"flow_state":"info","flow_src_packets_processed":1,"flow_dst_packets_processed":0,"flow_first_seen":1614767558813,"flow_last_seen":1614767558813,"flow_idle_time":200000,"flow_min_l4_payload_len":247,"flow_max_l4_payload_len":247,"flow_tot_l4_payload_len":247,"midstream":0,"thread_ts_msec":1614767558813,"l3_proto":"ip4","src_ip":"10.101.0.2","dst_ip":"10.102.0.2","src_port":1024,"dst_port":2123,"l4_proto":"udp","flow_datalink":1,"flow_max_packets":3}
00768{"packet_event_id":2,"packet_event_name":"packet-flow","thread_id":0,"packet_id":1,"source":"gtp_c.pcap","alias":"nDPId-test","flow_id":1,"flow_packet_id":1,"flow_last_seen":1614767558813,"flow_idle_time":200000,"pkt_oversize":false,"pkt_caplen":289,"pkt_type":2048,"pkt_l3_offset":14,"pkt_l4_offset":34,"pkt_len":289,"pkt_l4_len":255,"thread_ts_msec":1614767558813,"pkt":"5kBKB+riApXG95NLCABFAAETmxkAAIARAAAKZQACCmYAAgQACEsA\/wAASCAA8wAAAABLVGIAAQAIAIlnRREiM0T1TAAGAJh2VBI0VksACAA0VniQEgEC81YADQAYmHZUEjSYdlQSNFZ4UwADAIlHVlIAAQAGTQACAAAAVwAJAIY1UpIECmUAAkcACQAIaW50ZXJuZXSAAAEAAGMAAQABTwAFAAEhFxcBfwABAAJIAAgAAAAnDwAAJw9JAAEABV0APQBJAAEABVQADQAhMQEJEMCoAQH\/\/\/8AVwAJAoQ1UpIFCmUAAlAAFgAYBwAAAAAAAAAAAAAAAAAAAAAAAAAAhAAHAAGsEGtxAAGEAAcBAawQa3IAAXIAAgAAAF8AAgAAAQ=="}
00644{"flow_event_id":6,"flow_event_name":"detected","thread_id":0,"packet_id":1,"source":"gtp_c.pcap","alias":"nDPId-test","flow_id":1,"flow_state":"info","flow_src_packets_processed":1,"flow_dst_packets_processed":0,"flow_first_seen":1614767558813,"flow_last_seen":1614767558813,"flow_idle_time":200000,"flow_min_l4_payload_len":247,"flow_max_l4_payload_len":247,"flow_tot_l4_payload_len":247,"midstream":0,"thread_ts_msec":1614767558813,"l3_proto":"ip4","src_ip":"10.101.0.2","dst_ip":"10.102.0.2","src_port":1024,"dst_port":2123,"l4_proto":"udp","ndpi": {"confidence": {"6":"DPI"},"proto":"GTP.GTP_C","breed":"Acceptable","category":"Network"}}
00718{"packet_event_id":2,"packet_event_name":"packet-flow","thread_id":0,"packet_id":2,"source":"gtp_c.pcap","alias":"nDPId-test","flow_id":1,"flow_packet_id":2,"flow_last_seen":1614767558814,"flow_idle_time":200000,"pkt_oversize":false,"pkt_caplen":254,"pkt_type":2048,"pkt_l3_offset":14,"pkt_l4_offset":34,"pkt_len":254,"pkt_l4_len":220,"thread_ts_msec":1614767558814,"pkt":"ApXG95NL5kBKB+riCABFAADwmxEAAH8Rix0KZgACCmUAAghLBAAA3AAASCEA0DVSkgRLVGIAAgACABAAVwAJAYc1UpIGCmYAAk8ABQABIRcXAX8AAQABSAAIAAAAJw8AACcPXQBsAEkAAQAFAgACABAAVAAuACIgABgQ3NwAAP\/\/AAAwhEEH0BOIUQfQE4hwAAAQAA8whEEH0BOIUQfQE4hwAABXAAkChTVSkgcKZgACUAAWABgHAAAAAAAAAAAAAAAAAAAAAAAAAABeAAQAEDqYBQMAAQABiAAXAG9mY3MubW5jNjU0Lm1jYzk4Ny5ncHJzhAAHAAGsEGt6AAE="}
00477{"packet_event_id":2,"packet_event_name":"packet-flow","thread_id":0,"packet_id":3,"source":"gtp_c.pcap","alias":"nDPId-test","flow_id":1,"flow_packet_id":3,"flow_last_seen":1614767558814,"flow_idle_time":200000,"pkt_oversize":false,"pkt_caplen":76,"pkt_type":2048,"pkt_l3_offset":14,"pkt_l4_offset":34,"pkt_len":76,"pkt_l4_len":42,"thread_ts_msec":1614767558814,"pkt":"5kBKB+riApXG95NLCABFAAA+mxoAAIARAAAKZQACCmYAAgQACEsAKgAASCQAHjVSkgZLVGIASQABAAVWAA0AGJh2VBI0mHZUEjRWeA=="}
00682{"flow_event_id":3,"flow_event_name":"idle","thread_id":0,"packet_id":4,"source":"gtp_c.pcap","alias":"nDPId-test","flow_id":1,"flow_state":"finished","flow_src_packets_processed":2,"flow_dst_packets_processed":2,"flow_first_seen":1614767558813,"flow_last_seen":1614767558815,"flow_idle_time":200000,"flow_min_l4_payload_len":23,"flow_max_l4_payload_len":247,"flow_tot_l4_payload_len":516,"midstream":0,"thread_ts_msec":1614767558815,"l3_proto":"ip4","src_ip":"10.101.0.2","dst_ip":"10.102.0.2","src_port":1024,"dst_port":2123,"l4_proto":"udp","flow_datalink":1,"flow_max_packets":3,"ndpi": {"confidence": {"6":"DPI"},"proto":"GTP.GTP_C","breed":"Acceptable","category":"Network"}}
00549{"daemon_event_id":3,"daemon_event_name":"shutdown","thread_id":0,"packet_id":4,"source":"gtp_c.pcap","alias":"nDPId-test","packets-captured":4,"packets-processed":4,"total-skipped-flows":0,"total-l4-payload-len":516,"total-not-detected-flows":0,"total-guessed-flows":0,"total-detected-flows":1,"total-detection-updates":0,"total-updates":0,"current-active-flows":0,"total-active-flows":1,"total-idle-flows":1,"total-compressions":0,"total-compression-diff":0,"current-compression-diff":0,"total-events-serialized":9,"global_ts_msec":1614767558815}
~~~~~~~~~~~~~~~~~~~~ SUMMARY ~~~~~~~~~~~~~~~~~~~~
~~ packets captured/processed: 4/4
~~ skipped flows.............: 0
~~ total layer4 data length..: 516 bytes
~~ total detected protocols..: 1
~~ total active/idle flows...: 1/1
~~ total timeout flows.......: 0
~~~~~~~~~~~~~~~~~~~~~~~~~~~~~~~~~~~~~~~~~~~~~~~~~
~~ total memory allocated....: 6003201 bytes
~~ total memory freed........: 6003201 bytes
~~ total allocations/frees...: 120880/120880
~~~~~~~~~~~~~~~~~~~~~~~~~~~~~~~~~~~~~~~~~~~~~~~~~
~~ json string min len.......: 461 chars
~~ json string max len.......: 773 chars
~~ json string avg len.......: 614 chars
