00466{"daemon_event_id":1,"daemon_event_name":"init","thread_id":0,"packet_id":0,"source":"ja3_lots_of_cipher_suites_2_anon.pcap","alias":"nDPId-test","max-flows-per-thread":2048,"max-idle-flows-per-thread":256,"tick-resolution":1000,"reader-thread-count":1,"flow-scan-interval":10000,"generic-max-idle-time":600000,"icmp-max-idle-time":120000,"udp-max-idle-time":180000,"tcp-max-idle-time":7460000,"max-packets-per-flow-to-send":3,"max-packets-per-flow-to-process":255}
00456{"packet_event_id":1,"packet_event_name":"packet","thread_id":0,"packet_id":1,"source":"ja3_lots_of_cipher_suites_2_anon.pcap","alias":"nDPId-test","pkt_oversize":false,"pkt_caplen":114,"pkt_type":2048,"pkt_l3_offset":14,"pkt_l4_offset":0,"pkt_len":118,"pkt_l4_len":0,"ts_msec":1505724520744,"pkt":"\/Ejvopo\/MNF+D2w+CABFuABkI90AAEARjIOEvvQMl3m5LAhoCGgAUAAAMv8AQAE8W3RuUAAARQAAPGNKQABABin+wKiTsZd5waDkgAG7Qsba5QAAAACgAjkIo+MAAAIEBbQEAggKAAu5rwAAAAABAwMF"}
00213{"basic_event_id":15,"basic_event_name":"Captured packet size is smaller than packet size","thread_id":0,"packet_id":1,"source":"ja3_lots_of_cipher_suites_2_anon.pcap","alias":"nDPId-test","caplen":114,"len":118}
00579{"flow_event_id":1,"flow_event_name":"new","thread_id":0,"packet_id":1,"source":"ja3_lots_of_cipher_suites_2_anon.pcap","alias":"nDPId-test","flow_id":1,"flow_packets_processed":1,"flow_first_seen":1505724520744,"flow_last_seen":1505724520744,"flow_idle_time":180000,"flow_min_l4_payload_len":72,"flow_max_l4_payload_len":72,"flow_tot_l4_payload_len":72,"flow_avg_l4_payload_len":72,"midstream":0,"ts_msec":1505724520744,"l3_proto":"ip4","src_ip":"132.190.244.12","dst_ip":"151.121.185.44","src_port":2152,"dst_port":2152,"l4_proto":"udp","flow_datalink":1,"flow_max_packets":3}
00549{"packet_event_id":2,"packet_event_name":"packet-flow","thread_id":0,"packet_id":1,"source":"ja3_lots_of_cipher_suites_2_anon.pcap","alias":"nDPId-test","flow_id":1,"flow_packet_id":1,"flow_last_seen":1505724520744,"flow_idle_time":180000,"pkt_oversize":false,"pkt_caplen":114,"pkt_type":2048,"pkt_l3_offset":14,"pkt_l4_offset":34,"pkt_len":118,"pkt_l4_len":80,"ts_msec":1505724520744,"pkt":"\/Ejvopo\/MNF+D2w+CABFuABkI90AAEARjIOEvvQMl3m5LAhoCGgAUAAAMv8AQAE8W3RuUAAARQAAPGNKQABABin+wKiTsZd5waDkgAG7Qsba5QAAAACgAjkIo+MAAAIEBbQEAggKAAu5rwAAAAABAwMF"}
00611{"flow_event_id":6,"flow_event_name":"detected","thread_id":0,"packet_id":1,"source":"ja3_lots_of_cipher_suites_2_anon.pcap","alias":"nDPId-test","flow_id":1,"flow_packets_processed":1,"flow_first_seen":1505724520744,"flow_last_seen":1505724520744,"flow_idle_time":180000,"flow_min_l4_payload_len":72,"flow_max_l4_payload_len":72,"flow_tot_l4_payload_len":72,"flow_avg_l4_payload_len":72,"midstream":0,"ts_msec":1505724520744,"l3_proto":"ip4","src_ip":"132.190.244.12","dst_ip":"151.121.185.44","src_port":2152,"dst_port":2152,"l4_proto":"udp","ndpi": {"proto":"GTP","breed":"Acceptable","category":"Network"}}
00545{"packet_event_id":2,"packet_event_name":"packet-flow","thread_id":0,"packet_id":2,"source":"ja3_lots_of_cipher_suites_2_anon.pcap","alias":"nDPId-test","flow_id":1,"flow_packet_id":2,"flow_last_seen":1505724520947,"flow_idle_time":180000,"pkt_oversize":false,"pkt_caplen":110,"pkt_type":2048,"pkt_l3_offset":14,"pkt_l4_offset":34,"pkt_len":110,"pkt_l4_len":76,"ts_msec":1505724520947,"pkt":"MNF+EIYg\/Ejv6KgaCABFAABgHZ4AAD0Rln6XebkshL70DAhoCGgATAAAMP8APEGxP1xFAAA8AABAADIGm0iXecGgwKiTsQG75IBV2gFiQsba5qAScSDmyQAAAgQFeAQCCAoxbvx\/AAu5rwEDAwc="}
00448{"packet_event_id":1,"packet_event_name":"packet","thread_id":0,"packet_id":3,"source":"ja3_lots_of_cipher_suites_2_anon.pcap","alias":"nDPId-test","pkt_oversize":false,"pkt_caplen":106,"pkt_type":2048,"pkt_l3_offset":14,"pkt_l4_offset":0,"pkt_len":110,"pkt_l4_len":0,"ts_msec":1505724521281,"pkt":"\/Ejvopo\/MNF+D2w+CABFuABcNCoAAEARfD6EvvQMl3m5LAhoCGgASAAAMv8AOAE8W3RxUAAARQAANGNLQABABioFwKiTsZd5waDkgAG7Qsba5lXaAWOAEAHJhFMAAAEBCAoAC7oNMW78fw=="}
00213{"basic_event_id":15,"basic_event_name":"Captured packet size is smaller than packet size","thread_id":0,"packet_id":3,"source":"ja3_lots_of_cipher_suites_2_anon.pcap","alias":"nDPId-test","caplen":106,"len":110}
00541{"packet_event_id":2,"packet_event_name":"packet-flow","thread_id":0,"packet_id":3,"source":"ja3_lots_of_cipher_suites_2_anon.pcap","alias":"nDPId-test","flow_id":1,"flow_packet_id":3,"flow_last_seen":1505724521281,"flow_idle_time":180000,"pkt_oversize":false,"pkt_caplen":106,"pkt_type":2048,"pkt_l3_offset":14,"pkt_l4_offset":34,"pkt_len":110,"pkt_l4_len":72,"ts_msec":1505724521281,"pkt":"\/Ejvopo\/MNF+D2w+CABFuABcNCoAAEARfD6EvvQMl3m5LAhoCGgASAAAMv8AOAE8W3RxUAAARQAANGNLQABABioFwKiTsZd5waDkgAG7Qsba5lXaAWOAEAHJhFMAAAEBCAoAC7oNMW78fw=="}
00994{"packet_event_id":1,"packet_event_name":"packet","thread_id":0,"packet_id":4,"source":"ja3_lots_of_cipher_suites_2_anon.pcap","alias":"nDPId-test","pkt_oversize":false,"pkt_caplen":513,"pkt_type":2048,"pkt_l3_offset":14,"pkt_l4_offset":0,"pkt_len":517,"pkt_l4_len":0,"ts_msec":1505724521624,"pkt":"\/Ejvopo\/MNF+D2w+CABFuAHzPsUAAEARcAyEvvQMl3m5LAhoCGgB3wAAMv8BzwE8W3RzUAAARQABy2NMQABABihtwKiTsZd5waDkgAG7Qsba5lXaAWOAGAHJpLIAAAEBCAoAC7oOMW78fxYDAQGSAQABjgMDWb+IaLIesQWIv6YFz4XWzGx5xL0th24F2at6CJidHk8AAQbALMAwAJ\/ArcCfwCTAKABrwArAFAA5wK\/Ao8CHwIvAfcBzwHcAxACIwCvALwCewKzAnsAjwCcAZ8AJwBMAM8CuwKLAhsCKwHzAcsB2AL4ARcAIwBIAFgCrwKfAOACzwDYAkcCRwJvAl8CrAKrApsA3ALLANQCQwJDAlsCawKrANACPAJ3AnQA9ADXAMsAqwA\/ALsAmwAXAocB7AMAAhMCNwHnAicB1AJzAnAA8AC\/AMcApwA7ALcAlwATAoMB6ALoAQcCMwHjAiMB0AArADcADAK0AtwCVwJPAmQCsALYAlMCSwJgAkwCpwKUArwCNwI\/AlcCpAKjApACuAIzAjsCUwKgAiwD\/AQAAXwAAABMAEQAADjE5Mi42OS4xMzYuMTc5AA0AFgAUBgMGAQUDBQEEAwQBAwMDAQIDAgEACgAYABYAGQAcABgAGwAXABYAGgAVABQAEwASAAsAAgEAABYAAAAXAAAAIwAA"}
00213{"basic_event_id":15,"basic_event_name":"Captured packet size is smaller than packet size","thread_id":0,"packet_id":4,"source":"ja3_lots_of_cipher_suites_2_anon.pcap","alias":"nDPId-test","caplen":513,"len":517}
00449{"packet_event_id":1,"packet_event_name":"packet","thread_id":0,"packet_id":9,"source":"ja3_lots_of_cipher_suites_2_anon.pcap","alias":"nDPId-test","pkt_oversize":false,"pkt_caplen":106,"pkt_type":2048,"pkt_l3_offset":14,"pkt_l4_offset":0,"pkt_len":110,"pkt_l4_len":0,"ts_msec":1505724523243,"pkt":"\/Ejvopo\/MNF+D2w+CABFuABccWEAAEARPweEvvQMl3m5LAhoCGgASAAAMv8AOAE8W3R4UAAARQAANGNNQABABioDwKiTsZd5waDkgAG7QsbcfVXaBs+AEAIjeMYAAAEBCAoAC7rNMW7\/7w=="}
00213{"basic_event_id":15,"basic_event_name":"Captured packet size is smaller than packet size","thread_id":0,"packet_id":9,"source":"ja3_lots_of_cipher_suites_2_anon.pcap","alias":"nDPId-test","caplen":106,"len":110}
00450{"packet_event_id":1,"packet_event_name":"packet","thread_id":0,"packet_id":10,"source":"ja3_lots_of_cipher_suites_2_anon.pcap","alias":"nDPId-test","pkt_oversize":false,"pkt_caplen":106,"pkt_type":2048,"pkt_l3_offset":14,"pkt_l4_offset":0,"pkt_len":110,"pkt_l4_len":0,"ts_msec":1505724523425,"pkt":"\/Ejvopo\/MNF+D2w+CABFuABcdugAAEAROYCEvvQMl3m5LAhoCGgASAAAMv8AOAE8W3R5UAAARQAANGNOQABABioCwKiTsZd5waDkgAG7QsbcfVXaB5OAEAIjeAIAAAEBCAoAC7rNMW7\/7w=="}
00214{"basic_event_id":15,"basic_event_name":"Captured packet size is smaller than packet size","thread_id":0,"packet_id":10,"source":"ja3_lots_of_cipher_suites_2_anon.pcap","alias":"nDPId-test","caplen":106,"len":110}
00465{"packet_event_id":1,"packet_event_name":"packet","thread_id":0,"packet_id":11,"source":"ja3_lots_of_cipher_suites_2_anon.pcap","alias":"nDPId-test","pkt_oversize":false,"pkt_caplen":118,"pkt_type":2048,"pkt_l3_offset":14,"pkt_l4_offset":0,"pkt_len":122,"pkt_l4_len":0,"ts_msec":1505724523784,"pkt":"\/Ejvopo\/MNF+D2w+CABFuABogi4AAEARLi6EvvQMl3m5LAhoCGgAVAAAMv8ARAE8W3R6UAAARQAAQGNPQABABin1wKiTsZd5waDkgAG7QsbcfVXaB5OwEAIjg6MAAAEBCAoAC7rNMW8EIAEBBQpV2gbPVdoHkw=="}
00214{"basic_event_id":15,"basic_event_name":"Captured packet size is smaller than packet size","thread_id":0,"packet_id":11,"source":"ja3_lots_of_cipher_suites_2_anon.pcap","alias":"nDPId-test","caplen":118,"len":122}
01153{"packet_event_id":1,"packet_event_name":"packet","thread_id":0,"packet_id":12,"source":"ja3_lots_of_cipher_suites_2_anon.pcap","alias":"nDPId-test","pkt_oversize":false,"pkt_caplen":629,"pkt_type":2048,"pkt_l3_offset":14,"pkt_l4_offset":0,"pkt_len":633,"pkt_l4_len":0,"ts_msec":1505724525364,"pkt":"\/Ejvopo\/MNF+D2w+CABFuAJnsccAAEAR\/JWEvvQMl3m5LAhoCGgCUwAAMv8CQwE8W3R7UAAARQACP2NQQABABif1wKiTsZd5waDkgAG7QsbcfVXaB5OAGAIjv8IAAAEBCAoAC7rRMW8EIBYDAwIGEAACAgIAmOi+GN3N8UwFIOyGgG7fRoYqddIen6fJLfOoMdGcgjC7EXRuMLo4ueRPzuPNKTKsd0rXjIh8nF1luCtj74M6hLMrC8RgUQ8NtWnU+VyJ5ocLdxtzZF0gGB+1NhUGr48PAz8CyV8iWtZ4r5z1HdzPAjUZcbzNDe0GFdLkO0mrmT1V\/fADZpMXfOis2u6uwZpitz8p9IosL8QiH6+IqUMckXifdvysezYp9tH9I18YsH7HyCm46xkjwyg7bNLoY89xVSe+3KoGnCgNymiAS0DFirvRnfEhZ55M6aVqDHyopcrpE\/p7Ra+JZESNmMF2sYfinmGSLWypwRK8tqaU\/ff99MtBg4KsFRNdp7dUOalIiR2j+\/gLC7fy\/B8rinO1aEkQfPwupPH+TOkI6kU7p6ZpEMlgYUAeUCVVdw2kpGnwan1lhC7pX4eYGUKHCcYnb9WwWjN9kb1rdtJu6KJWHsmxhkqn+5IJXszwezV7EVVZplgJPkRBwWsUatOWpjd9GuEZrUofu+2zRAWb37O45WXULSMfnimMKJd4Xwqcyx7tqMpzzTK7dWYdIkVZW9y5jVbcfrEnX0PFjjBobFRt6z81tve44yNzWQLg\/BhIGmKgyP4ZWrM3REf0v0GIj8wfwr+jHsMczvQifNTnUyyug\/Xc6cQyMh8qaav4EhHbL4l4yFg="}
00214{"basic_event_id":15,"basic_event_name":"Captured packet size is smaller than packet size","thread_id":0,"packet_id":12,"source":"ja3_lots_of_cipher_suites_2_anon.pcap","alias":"nDPId-test","caplen":629,"len":633}
00458{"packet_event_id":1,"packet_event_name":"packet","thread_id":0,"packet_id":13,"source":"ja3_lots_of_cipher_suites_2_anon.pcap","alias":"nDPId-test","pkt_oversize":false,"pkt_caplen":112,"pkt_type":2048,"pkt_l3_offset":14,"pkt_l4_offset":0,"pkt_len":116,"pkt_l4_len":0,"ts_msec":1505724525422,"pkt":"\/Ejvopo\/MNF+D2w+CABFuABis2MAAEAR\/P6EvvQMl3m5LAhoCGgATgAAMv8APgE8W3R8UAAARQAAOmNRQABABin5wKiTsZd5waDkgAG7QsbeiFXaB5OAGAIjWbAAAAEBCAoAC7rRMW8EIBQDAwABAQ=="}
00214{"basic_event_id":15,"basic_event_name":"Captured packet size is smaller than packet size","thread_id":0,"packet_id":13,"source":"ja3_lots_of_cipher_suites_2_anon.pcap","alias":"nDPId-test","caplen":112,"len":116}
00509{"packet_event_id":1,"packet_event_name":"packet","thread_id":0,"packet_id":14,"source":"ja3_lots_of_cipher_suites_2_anon.pcap","alias":"nDPId-test","pkt_oversize":false,"pkt_caplen":151,"pkt_type":2048,"pkt_l3_offset":14,"pkt_l4_offset":0,"pkt_len":155,"pkt_l4_len":0,"ts_msec":1505724525500,"pkt":"\/Ejvopo\/MNF+D2w+CABFuACJtcMAAEAR+neEvvQMl3m5LAhoCGgAdQAAMv8AZQE8W3R9UAAARQAAYWNSQABABinRwKiTsZd5waDkgAG7QsbejlXaB5OAGAIj3G8AAAEBCAoAC7rRMW8EIBYDAwAoAAAAAAAAAADM1WLZBbPlOmD9XANW49sO0tmduGTuSuv4J+SEqWJkSA=="}
00214{"basic_event_id":15,"basic_event_name":"Captured packet size is smaller than packet size","thread_id":0,"packet_id":14,"source":"ja3_lots_of_cipher_suites_2_anon.pcap","alias":"nDPId-test","caplen":151,"len":155}
00509{"packet_event_id":1,"packet_event_name":"packet","thread_id":0,"packet_id":21,"source":"ja3_lots_of_cipher_suites_2_anon.pcap","alias":"nDPId-test","pkt_oversize":false,"pkt_caplen":151,"pkt_type":2048,"pkt_l3_offset":14,"pkt_l4_offset":0,"pkt_len":155,"pkt_l4_len":0,"ts_msec":1505724526101,"pkt":"\/Ejvopo\/MNF+D2w+CABFuACJx48AAEAR6KuEvvQMl3m5LAhoCGgAdQAAMv8AZQE8W3SBUAAARQAAYWNTQABABinQwKiTsZd5waDkgAG7QsbejlXaB5OAGAIj26cAAAEBCAoAC7uZMW8EIBYDAwAoAAAAAAAAAADM1WLZBbPlOmD9XANW49sO0tmduGTuSuv4J+SEqWJkSA=="}
00214{"basic_event_id":15,"basic_event_name":"Captured packet size is smaller than packet size","thread_id":0,"packet_id":21,"source":"ja3_lots_of_cipher_suites_2_anon.pcap","alias":"nDPId-test","caplen":151,"len":155}
00449{"packet_event_id":1,"packet_event_name":"packet","thread_id":0,"packet_id":22,"source":"ja3_lots_of_cipher_suites_2_anon.pcap","alias":"nDPId-test","pkt_oversize":false,"pkt_caplen":106,"pkt_type":2048,"pkt_l3_offset":14,"pkt_l4_offset":0,"pkt_len":110,"pkt_l4_len":0,"ts_msec":1505724526161,"pkt":"\/Ejvopo\/MNF+D2w+CABFuABcySMAAEAR50SEvvQMl3m5LAhoCGgASAAAMv8AOAE8W3SDUAAARQAANGNUQABABin8wKiTsZd5waDkgAG7Qsbeu1XaCFKAEAIjZNIAAAEBCAoAC7vdMW8PEg=="}
00214{"basic_event_id":15,"basic_event_name":"Captured packet size is smaller than packet size","thread_id":0,"packet_id":22,"source":"ja3_lots_of_cipher_suites_2_anon.pcap","alias":"nDPId-test","caplen":106,"len":110}
01930{"packet_event_id":1,"packet_event_name":"packet","thread_id":0,"packet_id":24,"source":"ja3_lots_of_cipher_suites_2_anon.pcap","alias":"nDPId-test","pkt_oversize":false,"pkt_caplen":1202,"pkt_type":2048,"pkt_l3_offset":14,"pkt_l4_offset":0,"pkt_len":1206,"pkt_l4_len":0,"ts_msec":1505724526501,"pkt":"\/Ejvopo\/MNF+D2w+CABFuASk0zUAAEAR2OqEvvQMl3m5LAhoCGgEkAAAMv8EgAE8W3SEUAAARQAEfGNVQABABiWzwKiTsZd5waDkgAG7Qsbeu1XaCIaAGAIjjQIAAAEBCAoAC7viMW8PEhcDAwRDAAAAAAAAAAFJqZsr2XFOAWwXDu0+7Y9vPaXF6QBuCgzG25Q\/KbgqYu88jDq040h3tvc+aLu+DTcTspkgI5XvLXRFxqBxdvTufQDpaiPCYyECwSJhep14pGbJr74Zfc\/j6Av4+JPM7XoLFlKyk030dBFrQrGR3OC0pR3zpNnKaUQjB+tTd4nLUXzWv2mjrWj7pce\/bPzpfedXtz8tcxLvi8SEHscHZsArZDwdeUf5QLLvVFDZNU4ZEQaimEyX15KzM6G5ToQIrvIFXEhAF3dG5oXfA+Ae4WLPSnyb5NwMMF4kDDNIe1ZVjNBxSABFaYjPPiJg0gQg\/+QEqg1CX23cpDZyJxz7smWB9h7xs7H9AygfzY9wASIaEq6DqGATMfMsN3dYWATzH3hum27SvUyhZ75L0k5HqqsoGIfu+LYC1hNDONFV6+lkufq4BpitkoCYAzdbmomEw05OzNlTrWr0XPFYwgNz7thDeUGqO\/xKaUFeEC4Y7Xy1Gc41hkWo54xuUrmAxO9X1\/+gkn+c3MHGrRESux79pmus577Y7Fo4U\/4oJ6luI0bGV303za2qj4yCdXLeQWjtrOGdBBkw\/wBHF5IbYMOF9bJFx68HeOrrn4nYFgmVhrWXDxyY1xWgLDIjRY5UDtLoQjMcM03rPMf1Z8L76UZ2YHFgGbBPU1OGctMjFUx+R73JxaqxVRw4ymshyrqvP9+E3HE7UquBR2x9EQISSgDorx56T92cLWOMHjn+ek1JnoCiwSF6nQ5wDmyw72RptvWz6AU0FUnuqURBs\/Yt3PJfdurGsJxYBs+wDZGPNy41Qf5bJwUyIKMkYqmgYULqkbNWOZxFV99s4+BV262g1PDKETuLCv2a\/bmZ\/xolpL0HSIF0vX2xBElZHZ+hd84KVa1Y1XFdDw8mr7TyDNVUiL3tNunlmrQfdQETgjFhKIaQn6XGF8V1kH05Pfc52o2vbYUaSnIDJWt30SPlvtzw5ruQY4AYjS9\/zvW4ADabvEgwiTZjb2txs6oHyKnVCekE0WjVDCEceBK1aQn6rKOOPXvKdj3iDTl1Ep2O3m+u3pqEIGzMPxhnKMpUTUMR5vH5kQ6XVO3\/\/O3Fv4Gs+QXjMNEsaI4CKiHU5k1Q0MbXxbrvkqD7nzLmoRz\/kTcbg2\/gjB1KRUMXAi27pqag38iFL5LdNl02Bk8czI\/JMSOpzjzmaW1x5HQLihorbExEU6gi6LG\/RLyN0wdxLAEVfUuvGwMzSO969\/mxBBfNydqDsDV4YQiFLRSJTGt9vGEn+QmnSkfZdl3aM1n9v1oUbRwSanCl2G5YkrCo8NVoEuKsjRybURkxyp7cEy1T38EAeIr7HE3lwdlheQG63MqfDiIz7ld4f9Q0nYgQa1Und43tDU8iH72YEZe9PfwwG1sJOBUaECdibU9+goippYdBUnHF+Q41lhVnISz+74wOY0LMuM8="}
00216{"basic_event_id":15,"basic_event_name":"Captured packet size is smaller than packet size","thread_id":0,"packet_id":24,"source":"ja3_lots_of_cipher_suites_2_anon.pcap","alias":"nDPId-test","caplen":1202,"len":1206}
00449{"packet_event_id":1,"packet_event_name":"packet","thread_id":0,"packet_id":25,"source":"ja3_lots_of_cipher_suites_2_anon.pcap","alias":"nDPId-test","pkt_oversize":false,"pkt_caplen":106,"pkt_type":2048,"pkt_l3_offset":14,"pkt_l4_offset":0,"pkt_len":110,"pkt_l4_len":0,"ts_msec":1505724526501,"pkt":"\/Ejvopo\/MNF+D2w+CABFuABc0zYAAEAR3TGEvvQMl3m5LAhoCGgASAAAMv8AOAE8W3SFUAAARQAANGNWQABABin6wKiTsZd5waDkgAG7QsbjA1XaCIaAEQIjYE4AAAEBCAoAC7vkMW8PEg=="}
00214{"basic_event_id":15,"basic_event_name":"Captured packet size is smaller than packet size","thread_id":0,"packet_id":25,"source":"ja3_lots_of_cipher_suites_2_anon.pcap","alias":"nDPId-test","caplen":106,"len":110}
00587{"flow_event_id":3,"flow_event_name":"idle","thread_id":0,"packet_id":27,"source":"ja3_lots_of_cipher_suites_2_anon.pcap","alias":"nDPId-test","flow_id":1,"flow_packets_processed":27,"flow_first_seen":1505724520744,"flow_last_seen":1505724526702,"flow_idle_time":180000,"flow_min_l4_payload_len":48,"flow_max_l4_payload_len":1448,"flow_tot_l4_payload_len":5832,"flow_avg_l4_payload_len":216,"midstream":0,"ts_msec":1505724526702,"l3_proto":"ip4","src_ip":"132.190.244.12","dst_ip":"151.121.185.44","src_port":2152,"dst_port":2152,"l4_proto":"udp","flow_datalink":1,"flow_max_packets":3}
00181{"daemon_event_id":3,"daemon_event_name":"shutdown","thread_id":0,"packet_id":27,"source":"ja3_lots_of_cipher_suites_2_anon.pcap","alias":"nDPId-test","total-events-serialized":34}
~~~~~~~~~~~~~~~~~~~~ SUMMARY ~~~~~~~~~~~~~~~~~~~~
~~ packets captured/processed: 27/27
~~ skipped flows.............: 0
~~ total layer4 data length..: 5832 bytes
~~ total detected protocols..: 1
~~ total active/idle flows...: 1/1
~~ total timeout flows.......: 0
~~~~~~~~~~~~~~~~~~~~~~~~~~~~~~~~~~~~~~~~~~~~~~~~~
~~ total memory allocated....: 1928907 bytes
~~ total memory freed........: 1928907 bytes
~~ total allocations/frees...: 35365/35365
~~~~~~~~~~~~~~~~~~~~~~~~~~~~~~~~~~~~~~~~~~~~~~~~~
~~ json string min len.......: 186 chars
~~ json string max len.......: 1935 chars
~~ json string avg len.......: 1061 chars
