00438{"daemon_event_id":1,"daemon_event_name":"init","thread_id":0,"packet_id":0,"source":"modbus.pcap","alias":"nDPId-test","max-flows-per-thread":2048,"max-idle-flows-per-thread":64,"tick-resolution":1000,"reader-thread-count":1,"flow-scan-interval":10000,"generic-max-idle-time":600000,"icmp-max-idle-time":120000,"udp-max-idle-time":180000,"tcp-max-idle-time":7560000,"max-packets-per-flow-to-send":3,"max-packets-per-flow-to-process":32}
00575{"flow_event_id":1,"flow_event_name":"new","thread_id":0,"packet_id":1,"source":"modbus.pcap","alias":"nDPId-test","flow_id":1,"flow_state":"info","flow_packets_processed":1,"flow_first_seen":1223541953927,"flow_last_seen":1223541953927,"flow_idle_time":7440000,"flow_min_l4_payload_len":12,"flow_max_l4_payload_len":12,"flow_tot_l4_payload_len":12,"flow_avg_l4_payload_len":12,"midstream":1,"ts_msec":1223541953927,"l3_proto":"ip4","src_ip":"192.168.110.131","dst_ip":"192.168.110.138","src_port":2074,"dst_port":502,"l4_proto":"tcp","flow_datalink":1,"flow_max_packets":3}
00458{"packet_event_id":2,"packet_event_name":"packet-flow","thread_id":0,"packet_id":1,"source":"modbus.pcap","alias":"nDPId-test","flow_id":1,"flow_packet_id":1,"flow_last_seen":1223541953927,"flow_idle_time":7440000,"pkt_oversize":false,"pkt_caplen":66,"pkt_type":2048,"pkt_l3_offset":14,"pkt_l4_offset":34,"pkt_len":66,"pkt_l4_len":32,"ts_msec":1223541953927,"pkt":"ABzAX0kKAArkxYMKCABFAAA0i\/1AAIAGEGjAqG6DwKhuiggaAfZB0urG4RU6zlAY\/MYAMgAAANEAAAAGAQMAAQAB"}
00612{"flow_event_id":6,"flow_event_name":"detected","thread_id":0,"packet_id":1,"source":"modbus.pcap","alias":"nDPId-test","flow_id":1,"flow_state":"info","flow_packets_processed":1,"flow_first_seen":1223541953927,"flow_last_seen":1223541953927,"flow_idle_time":7440000,"flow_min_l4_payload_len":12,"flow_max_l4_payload_len":12,"flow_tot_l4_payload_len":12,"flow_avg_l4_payload_len":12,"midstream":1,"ts_msec":1223541953927,"l3_proto":"ip4","src_ip":"192.168.110.131","dst_ip":"192.168.110.138","src_port":2074,"dst_port":502,"l4_proto":"tcp","ndpi": {"proto":"Modbus","breed":"Acceptable","category":"IoT-Scada"}}
00457{"packet_event_id":2,"packet_event_name":"packet-flow","thread_id":0,"packet_id":2,"source":"modbus.pcap","alias":"nDPId-test","flow_id":1,"flow_packet_id":2,"flow_last_seen":1223541953929,"flow_idle_time":7440000,"pkt_oversize":false,"pkt_caplen":65,"pkt_type":2048,"pkt_l3_offset":14,"pkt_l4_offset":34,"pkt_len":65,"pkt_l4_len":31,"ts_msec":1223541953929,"pkt":"AArkxYMKABzAX0kKCABFAAAzO9pAAIAGYIzAqG6KwKhugwH2CBrhFTrOQdLq0lAY++v\/BAAAANEAAAAFAQMCAAA="}
00458{"packet_event_id":2,"packet_event_name":"packet-flow","thread_id":0,"packet_id":3,"source":"modbus.pcap","alias":"nDPId-test","flow_id":1,"flow_packet_id":3,"flow_last_seen":1223541953929,"flow_idle_time":7440000,"pkt_oversize":false,"pkt_caplen":66,"pkt_type":2048,"pkt_l3_offset":14,"pkt_l4_offset":34,"pkt_len":66,"pkt_l4_len":32,"ts_msec":1223541953929,"pkt":"ABzAX0kKAArkxYMKCABFAAA0i\/5AAIAGEGfAqG6DwKhuiggaAfZB0urS4RU62VAY\/LsAJgAAANIAAAAGAQMAAAAB"}
00657{"flow_event_id":3,"flow_event_name":"idle","thread_id":0,"packet_id":102,"source":"modbus.pcap","alias":"nDPId-test","flow_id":1,"flow_state":"finished","flow_packets_processed":102,"flow_first_seen":1223541953927,"flow_last_seen":1223541977037,"flow_idle_time":7440000,"flow_min_l4_payload_len":11,"flow_max_l4_payload_len":12,"flow_tot_l4_payload_len":1173,"flow_avg_l4_payload_len":11,"midstream":1,"ts_msec":1223541977037,"l3_proto":"ip4","src_ip":"192.168.110.131","dst_ip":"192.168.110.138","src_port":2074,"dst_port":502,"l4_proto":"tcp","flow_datalink":1,"flow_max_packets":3,"ndpi": {"proto":"Modbus","breed":"Acceptable","category":"IoT-Scada"}}
00155{"daemon_event_id":3,"daemon_event_name":"shutdown","thread_id":0,"packet_id":102,"source":"modbus.pcap","alias":"nDPId-test","total-events-serialized":8}
~~~~~~~~~~~~~~~~~~~~ SUMMARY ~~~~~~~~~~~~~~~~~~~~
~~ packets captured/processed: 102/102
~~ skipped flows.............: 0
~~ total layer4 data length..: 1173 bytes
~~ total detected protocols..: 1
~~ total active/idle flows...: 1/1
~~ total timeout flows.......: 0
~~~~~~~~~~~~~~~~~~~~~~~~~~~~~~~~~~~~~~~~~~~~~~~~~
~~ total memory allocated....: 4597787 bytes
~~ total memory freed........: 4597787 bytes
~~ total allocations/frees...: 99655/99655
~~~~~~~~~~~~~~~~~~~~~~~~~~~~~~~~~~~~~~~~~~~~~~~~~
~~ json string min len.......: 160 chars
~~ json string max len.......: 662 chars
~~ json string avg len.......: 473 chars
