00488{"daemon_event_id":1,"daemon_event_name":"init","thread_id":0,"packet_id":0,"source":"mongo_false_positive.pcapng","alias":"nDPId-test","max-flows-per-thread":2048,"max-idle-flows-per-thread":64,"tick-resolution":1000,"reader-thread-count":1,"flow-scan-interval":10000000,"generic-max-idle-time":600000000,"icmp-max-idle-time":120000000,"udp-max-idle-time":180000000,"tcp-max-idle-time":3265032704,"max-packets-per-flow-to-send":3,"max-packets-per-flow-to-process":32,"global_ts_usec":0}
00565{"daemon_event_id":4,"daemon_event_name":"status","thread_id":0,"packet_id":1,"source":"mongo_false_positive.pcapng","alias":"nDPId-test","packets-captured":1,"packets-processed":0,"total-skipped-flows":0,"total-l4-payload-len":0,"total-not-detected-flows":0,"total-guessed-flows":0,"total-detected-flows":0,"total-detection-updates":0,"total-updates":0,"current-active-flows":0,"total-active-flows":0,"total-idle-flows":0,"total-compressions":0,"total-compression-diff":0,"current-compression-diff":0,"total-events-serialized":2,"global_ts_usec":1593581341477440}
00769{"flow_event_id":1,"flow_event_name":"new","thread_id":0,"packet_id":1,"source":"mongo_false_positive.pcapng","alias":"nDPId-test","flow_id":1,"flow_state":"info","flow_src_packets_processed":1,"flow_dst_packets_processed":0,"flow_first_seen":1593581341477440,"flow_src_last_pkt_time":1593581341477440,"flow_dst_last_pkt_time":1593581341477440,"flow_idle_time":3285032704,"flow_src_min_l4_payload_len":0,"flow_dst_min_l4_payload_len":0,"flow_src_max_l4_payload_len":0,"flow_dst_max_l4_payload_len":0,"flow_src_tot_l4_payload_len":0,"flow_dst_tot_l4_payload_len":0,"midstream":0,"thread_ts_usec":1593581341477440,"l3_proto":"ip4","src_ip":"188.75.184.20","dst_ip":"251.182.120.32","src_port":49542,"dst_port":443,"l4_proto":"tcp","flow_datalink":1,"flow_max_packets":3}
00538{"packet_event_id":2,"packet_event_name":"packet-flow","thread_id":0,"packet_id":1,"source":"mongo_false_positive.pcapng","alias":"nDPId-test","flow_id":1,"flow_packet_id":1,"flow_src_last_pkt_time":1593581341477440,"flow_dst_last_pkt_time":1593581341477440,"flow_idle_time":3285032704,"pkt_oversize":false,"pkt_caplen":66,"pkt_type":2048,"pkt_l3_offset":14,"pkt_l4_offset":34,"pkt_len":66,"pkt_l4_len":32,"thread_ts_usec":1593581341477440,"pkt":"AAAAAAAAAAUAoyAkCABFAAA0JV9AAH8G7i28S7gU+7Z4IMGGAbvEY9K7AAAAAIACIAAM3AAAAgQFUAEDAwgBAQQC"}
00540{"packet_event_id":2,"packet_event_name":"packet-flow","thread_id":0,"packet_id":2,"source":"mongo_false_positive.pcapng","alias":"nDPId-test","flow_id":1,"flow_packet_id":2,"flow_src_last_pkt_time":1593581341477440,"flow_dst_last_pkt_time":1593581341641115,"flow_idle_time":3285032704,"pkt_oversize":false,"pkt_caplen":66,"pkt_type":2048,"pkt_l3_offset":14,"pkt_l4_offset":34,"pkt_len":66,"pkt_l4_len":32,"thread_ts_usec":1593581341641115,"pkt":"AAAAAAAAAAUAoyAkCABFAAA0AABAADIGYI37tnggvEu4FAG7wYZmWxUYxGPSvIAS\/\/+x9gAAAgQFtAEDAwYEAgAA"}
01798{"packet_event_id":2,"packet_event_name":"packet-flow","thread_id":0,"packet_id":3,"source":"mongo_false_positive.pcapng","alias":"nDPId-test","flow_id":1,"flow_packet_id":3,"flow_src_last_pkt_time":1593581341663638,"flow_dst_last_pkt_time":1593581341641115,"flow_idle_time":3285032704,"pkt_oversize":false,"pkt_caplen":992,"pkt_type":2048,"pkt_l3_offset":14,"pkt_l4_offset":34,"pkt_len":992,"pkt_l4_len":958,"thread_ts_usec":1593581341663638,"pkt":"AAAAAAAAAAUAoyAkCABFAAPSJW1AAH8G6oG8S7gU+7Z4IMGGAbvEY9K8ZlsVGVAYAQRawwAAS0UAAAIGAVUAAAOeAQAAAI\/gqM9rhiEBAKoEmsOFlYhbJuU1bIo9gZTyPfuzEe6Bp0R1dekdpTM6J+UvhI\/atZONAg8NzlQZtu5ojbPV8zngZbQ4cMrOmnpw9tHIlOI54G8PoCZSSkCzTgVCUZhK6MJ5bEMhaGP8N7VRdGYUxlP3dzaquR9vVcn2XCbu1OyYr2d0f1ttQ9h3X1YHOEON1NdSoBGgqAG\/RHZ07sPa05Xl0UfvrDoaVlD5IET07FH8mSieF7FGedhv4Dj8+Qs2QRqvK1LVJAdhq+ZWqlrhFkDX0yKJTUfo3bbGz2SIZ\/XxVlL4engJDsc82rBIbEtS9RD4G6zaTKjota10U5LlxsWBv\/vF+LDG\/paIKhaHvmX8vMxet\/aPzSosJEi+YbJFZl+ktaTyXfc\/YvBACPyzDXq8dhIQ5EVoVoDF057eylaAp\/b4N7xUz0eIEWtWnaB0pI5aDo4niooDJSg17oEyP4wyEr\/dvj3gCHS3NSaxT2sQF2oI3lWoPKrC0p0TgCGwyk+8uc881xFgiaBcYR1Yq0b8s5nkKulFLZbepk3ixzHUGR38KIk34A5MFpTd4KumfzcRxc7\/mX4meETJikfhTvukqtqy2IYPW1+bRCNngFny3xkNjuE8UTx9apsSVjAbTJF+iDOEmtnFO33Z6kd1hnlmj+tmLxBU2U+7\/2yY34wwJqnOK7DcIcn8VN01WW8pn3XVPTYJNsveJbYtzxAN0QGn6elB1t+tkYz2AI\/bDfCljfqPz9Jhedr6TYt68rJMKvcBzN3Q0kn+ZV6lGIlXIjJihQ4kCBOwQwip+5E7YbzQz0\/EXg8j8I3XpkGddnOHbFEF94xKqghkO3CAwEE6UQtp7apLsuQt7+mbJJz9gWE69awD9rmmPEWE8YlOUDLu1N4GbHa5imN9wzwYR+eX3QagWTsU5MR8LmGzgISvHibhJ5ezVRBpd3CUbMW90\/iKKi474G30KMqYY2leCU0\/tizO+qE1KfBV3hd9rhEf7YOvS85zKOwuFIMuX\/INA9ydr5yFK2w5YCPYbOJJfQroAzWeXjFmHC\/dRCEeIjKkt28uWt0ZvpMtgYBxAWF\/Vuz\/pDAkp0VgXkELtbg760cvqlW4RdFlUHBSj6byX+5rUcEhuxN1Rj5iZNMiLbXNeywFcEIx0wl1FUA9pdx9eiII4CqBL1rzogzCSax9kM\/yFoBDH7LcCWZjzM+PnYkYE5zQ0GRHMuFNnbkl4+w="}
00886{"flow_event_id":6,"flow_event_name":"guessed","thread_id":0,"packet_id":26,"source":"mongo_false_positive.pcapng","alias":"nDPId-test","flow_id":1,"flow_state":"info","flow_src_packets_processed":13,"flow_dst_packets_processed":13,"flow_first_seen":1593581341477440,"flow_src_last_pkt_time":1593581425760020,"flow_dst_last_pkt_time":1593581425923470,"flow_idle_time":3285032704,"flow_src_min_l4_payload_len":0,"flow_dst_min_l4_payload_len":0,"flow_src_max_l4_payload_len":1274,"flow_dst_max_l4_payload_len":135,"flow_src_tot_l4_payload_len":9246,"flow_dst_tot_l4_payload_len":1485,"midstream":0,"thread_ts_usec":1593581425923470,"l3_proto":"ip4","src_ip":"188.75.184.20","dst_ip":"251.182.120.32","src_port":49542,"dst_port":443,"l4_proto":"tcp","ndpi": {"confidence": {"1":"Match by port"},"proto":"TLS","proto_id":"91","encrypted":1,"breed":"Safe","category_id":5,"category":"Web"}}
00783{"flow_event_id":2,"flow_event_name":"end","thread_id":0,"packet_id":26,"source":"mongo_false_positive.pcapng","alias":"nDPId-test","flow_id":1,"flow_state":"info","flow_src_packets_processed":13,"flow_dst_packets_processed":13,"flow_first_seen":1593581341477440,"flow_src_last_pkt_time":1593581425760020,"flow_dst_last_pkt_time":1593581425923470,"flow_idle_time":3285032704,"flow_src_min_l4_payload_len":0,"flow_dst_min_l4_payload_len":0,"flow_src_max_l4_payload_len":1274,"flow_dst_max_l4_payload_len":135,"flow_src_tot_l4_payload_len":9246,"flow_dst_tot_l4_payload_len":1485,"midstream":0,"thread_ts_usec":1593581425923470,"l3_proto":"ip4","src_ip":"188.75.184.20","dst_ip":"251.182.120.32","src_port":49542,"dst_port":443,"l4_proto":"tcp","flow_datalink":1,"flow_max_packets":3}
00574{"daemon_event_id":3,"daemon_event_name":"shutdown","thread_id":0,"packet_id":26,"source":"mongo_false_positive.pcapng","alias":"nDPId-test","packets-captured":26,"packets-processed":26,"total-skipped-flows":0,"total-l4-payload-len":10731,"total-not-detected-flows":0,"total-guessed-flows":1,"total-detected-flows":0,"total-detection-updates":0,"total-updates":0,"current-active-flows":0,"total-active-flows":1,"total-idle-flows":1,"total-compressions":0,"total-compression-diff":0,"current-compression-diff":0,"total-events-serialized":9,"global_ts_usec":1593581425923470}
~~~~~~~~~~~~~~~~~~~~ SUMMARY ~~~~~~~~~~~~~~~~~~~~
~~ packets captured/processed: 26/26
~~ skipped flows.............: 0
~~ total layer4 data length..: 10731 bytes
~~ total detected protocols..: 0
~~ total active/idle flows...: 1/1
~~ total timeout flows.......: 0
~~~~~~~~~~~~~~~~~~~~~~~~~~~~~~~~~~~~~~~~~~~~~~~~~
~~ total memory allocated....: 6038883 bytes
~~ total memory freed........: 6038883 bytes
~~ total allocations/frees...: 121515/121515
~~~~~~~~~~~~~~~~~~~~~~~~~~~~~~~~~~~~~~~~~~~~~~~~~
~~ json string min len.......: 493 chars
~~ json string max len.......: 1803 chars
~~ json string avg len.......: 1113 chars
