00506{"daemon_event_id":1,"daemon_event_name":"init","thread_id":0,"packet_id":0,"source":"ndpi_match_string_subprotocol__error.pcapng","alias":"nDPId-test","max-flows-per-thread":2048,"max-idle-flows-per-thread":256,"tick-resolution":1000,"reader-thread-count":1,"idle-scan-period":10000,"generic-max-idle-time":600000,"icmp-max-idle-time":10000,"udp-max-idle-time":180000,"tcp-max-idle-time":7440000,"tcp-max-post-end-flow-time":120000,"max-packets-per-flow-to-send":15,"max-packets-per-flow-to-process":255}
00521{"flow_event_id":1,"flow_event_name":"new","thread_id":0,"packet_id":1,"source":"ndpi_match_string_subprotocol__error.pcapng","alias":"nDPId-test","flow_id":1,"flow_packet_id":1,"flow_first_seen":1258162014557,"flow_last_seen":1258162014557,"flow_min_l4_payload_len":0,"flow_max_l4_payload_len":0,"flow_tot_l4_payload_len":0,"flow_avg_l4_payload_len":0,"midstream":0,"l3_proto":"ip4","src_ip":"10.3.9.19","dst_ip":"10.68.137.118","src_port":40632,"dst_port":8091,"l4_proto":"tcp","flow_datalink":1,"flow_max_packets":15}
00453{"flow_id":1,"flow_packet_id":1,"packet_event_id":2,"packet_event_name":"packet-flow","thread_id":0,"packet_id":1,"source":"ndpi_match_string_subprotocol__error.pcapng","alias":"nDPId-test","pkt_oversize":false,"pkt_ts_sec":1258162014,"pkt_ts_usec":557086,"pkt_caplen":66,"pkt_type":2048,"pkt_l3_offset":14,"pkt_l4_offset":34,"pkt_len":66,"pkt_l4_len":32,"pkt":"AFBWmXinAB9to6gACABFAAA0MZpAADwGZloKAwkTCkSJdp64H5sCrVC3AAAAAIACwej09wAAAgQFZAEDAwABAQQC"}
01947{"flow_id":1,"flow_packet_id":2,"packet_event_id":2,"packet_event_name":"packet-flow","thread_id":0,"packet_id":2,"source":"ndpi_match_string_subprotocol__error.pcapng","alias":"nDPId-test","pkt_oversize":false,"pkt_ts_sec":1258162014,"pkt_ts_usec":576991,"pkt_caplen":1180,"pkt_type":2048,"pkt_l3_offset":14,"pkt_l4_offset":34,"pkt_len":1180,"pkt_l4_len":1146,"pkt":"AFBWmXinAB9to6gACABFAASOMZxAADwGYf4KAwkTCkSJdp64H5sCrVC4lwIqi1AYwhBuiwAAUE9TVCAvQXBjbi9BcGNSZW1vdGVTZXJ2aWNlIEhUVFAvMS4xDQpTT0FQQWN0aW9uOiANCkNvbnRlbnQtdHlwZToAQXBwbGljYXRpb24veG1sDQpVc2VyLUFnZW50OiBKYWthcnRhIENvbW1vbnMtSHR0cENsaWVudC8zLjAuMQ0KSG9zdDogMTAuNjguMTM3LjExODo4MDkxDQpDb250ZW50LUxlbmd0aDogOTQ4DQoNCjxzb2FwZW52OkVudmVsb3Bl2nhtbG5zOm5zPSJ1cmk6Ly9hbGNhdGVsLmNvbS9hcGMvMi4wIiB4bWxuczpzb2FwZW52PSJodHRwOi8vc2NoZW1hcy54bWxzb2FwLm9yZy9zb2FwL2VudmVsb3BlLyI+CiAgPHNvYXBlbnY6SGVhZGVyLz4KICA8c29hcGVudjpCb2R5PgogICAgPG5zOmNvbmZpZ3VyZT4KICAgICAgPG9iamVjdE5hbWQ+TldNMzoxLTEtMS0xNy4wLjA8L29iamVjdKqqqqqqqqqqqqqqqqqqqqqqqqqqqqqqqqqqqqqqqqqqqqqqqqqqqqqqqqqqqqqqqqqqqqqqqqqqqqqqqqqqqqqqqqqqqqqqqqqqqqqqqqqqqqqqqqqqqqqqqqqqqqqqqqqqqqqqqqqqqqqqqqqqqqqqqqqqqqqqqqqqqqqqqqqqqqqqqqqqqqqqqqqqqqqqqqqqqqqqqqqqqqqqqqqqqqqqqqqqqqqqqqqqqqqqqqqqqqqqqqqqqqqqqqqqqqqqqqqqqqqqqqqqqqqqqqqqqqqqqqqqqqqqqqqqqqqqqqqqqqqqqqqqqqqqqqqqqqqqqqqqqqqqqqqqqqqqqqqqqqqqqqqqqqqqqqqqqqqqqqqqqqqqqqqqqqqqqqqqqqqqqqqqqqqqqqqqqqqqqqqqqqqqqqqqqqqqqqqqqqqqqqqqqqqqqqqqqqqqqqqqqqqqqqqqqqqqqqqqqqqqqqqqqqqqqqqqqqqqqqqqqqqqqqqqqqqqqqqqqqqqqqqqqqqqqqqqqqqqqqqqqqqqqqqqqqqqqqqqqqqqqqqqqqqqqqqqqqqqqqqqqqqqqqqqqqqqqqqqqqqqqqqqqqqqqqqqqqqqqqqqqqqqqqqqqqqqqqqqqqqqqqqqqqqqqqqqqqqqqqqqqqqqqqqqqqqqqqqqqqqqqqqqqqqqqqqqqqqqqqqqqqqqqqqqqqqqqqqqqqqqqqqqqqqqqqqqqqqqqqqqqqqqqqqqqqqqqqqqqqqqqqqqqqqqqqqqqqqqqqqqqqqqqqqqqqqqqqqqqqqqqqqqqqqqqqqqqqqqqqqqqqqqqqqqqqqqqqqqqqqqqqqqqqqqqqqqqqqqqqqqqqqqqqqqqqqqqqqqqqqqqqqqqqqqqqqqqqqqqqqqqqqqqqqqqqqqqqqqqqqqqqqqqqqqqqqqqqqqqqqqqqqqqqqqqqqqqqqqqqqqqqqqqqqqqqqqqqqqqqqqqqqqqqqqqqqqqqqqqg=="}
00809{"flow_event_id":5,"flow_event_name":"detected","thread_id":0,"packet_id":2,"source":"ndpi_match_string_subprotocol__error.pcapng","alias":"nDPId-test","flow_id":1,"flow_packet_id":2,"flow_first_seen":1258162014557,"flow_last_seen":1258162014576,"flow_min_l4_payload_len":0,"flow_max_l4_payload_len":1126,"flow_tot_l4_payload_len":1126,"flow_avg_l4_payload_len":563,"midstream":0,"l3_proto":"ip4","src_ip":"10.3.9.19","dst_ip":"10.68.137.118","src_port":40632,"dst_port":8091,"l4_proto":"tcp","ndpi": {"flow_risk": {"5":"Known protocol on non standard port","12":"HTTP Numeric IP Address"},"proto":"HTTP","breed":"Acceptable","category":"Web"},"http": {"hostname":"10.68.137.118","url":"10.68.137.118:8091\/Apcn\/ApcRemoteService","code":0,"content_type":"","user_agent":"Jakarta Commons-HttpClient\/3.0.1"}}
00933{"flow_id":1,"flow_packet_id":3,"packet_event_id":2,"packet_event_name":"packet-flow","thread_id":0,"packet_id":3,"source":"ndpi_match_string_subprotocol__error.pcapng","alias":"nDPId-test","pkt_oversize":false,"pkt_ts_sec":1258162014,"pkt_ts_usec":582846,"pkt_caplen":422,"pkt_type":2048,"pkt_l3_offset":14,"pkt_l4_offset":34,"pkt_len":422,"pkt_l4_len":388,"pkt":"AAAMB6wcAFBWmXinCABFAAGYOjtAAIAGGFUKRIl2CgMJEx+bnriXAiqLAq1VHlAY9oqoWgAASFRUUC8xLsUgMjAwIE9LDQpEYXRlOiBTYXQsIDE0IE5vdiAyMDA5IDAxOjJGOjI3IEdNVA0KU2VydmVyQiBTdW4gR2z6cnNGaXNoIEVudGVycHJpc2UgU2VydmVyIHYyLjENClgtUG93ZXJlZC1CeTogU2VydmxldC8yLjUNCkNvbnRlbnQtVHlw5TogdGV4dC94bWw7Y2hhcnNldD0idXRmLTgiDQpDb250ZW50LUxlbmd0aEwgMTc4DQoNCjw\/eG1sIHZlcnNpb249IjEuMCIgPz48UzpFbnZlbG9wZSB4bWxuczpTPSJodHRwOi8vc2NoZW9hcy54bWxzb2FwLm9yZy9zb2FwL2VudmVsb3BlLyI+PFM6Qm9keT48bnMyOmNvbmZpZ3VyZVJlSnBvbnNlIHhtbG5zOm5zJQAidXJpOi8vYWxjYXRlbC5jb20vYXBjLzIuMCIvPjwvUzpCb2R5PjwvUzpFbnZlbG9wZT4="}
00445{"flow_id":1,"flow_packet_id":4,"packet_event_id":2,"packet_event_name":"packet-flow","thread_id":0,"packet_id":4,"source":"ndpi_match_string_subprotocol__error.pcapng","alias":"nDPId-test","pkt_oversize":false,"pkt_ts_sec":1258162014,"pkt_ts_usec":587557,"pkt_caplen":60,"pkt_type":2048,"pkt_l3_offset":14,"pkt_l4_offset":34,"pkt_len":60,"pkt_l4_len":20,"pkt":"AFBWmXinAB9ro6gACABFAAAoMZ1AADwGZmMKAwkTCkSJdp64H5sCrVUelwIr+1AQwhBt1wAAAAAAAAAA"}
00436{"flow_id":1,"flow_packet_id":5,"packet_event_id":2,"packet_event_name":"packet-flow","thread_id":0,"packet_id":5,"source":"ndpi_match_string_subprotocol__error.pcapng","alias":"nDPId-test","pkt_oversize":false,"pkt_ts_sec":1258162020,"pkt_ts_usec":91627,"pkt_caplen":54,"pkt_type":2048,"pkt_l3_offset":14,"pkt_l4_offset":34,"pkt_len":54,"pkt_l4_len":20,"pkt":"AAAMB6wcAFBWmXinCABFAAAoOz5AAIAGGMIKRIl2CgMJEx+bnriXAiv7Aq1VHlAR9jim6gAA"}
00446{"flow_id":1,"flow_packet_id":6,"packet_event_id":2,"packet_event_name":"packet-flow","thread_id":0,"packet_id":6,"source":"ndpi_match_string_subprotocol__error.pcapng","alias":"nDPId-test","pkt_oversize":false,"pkt_ts_sec":1258162069,"pkt_ts_usec":942955,"pkt_caplen":60,"pkt_type":2048,"pkt_l3_offset":14,"pkt_l4_offset":34,"pkt_len":60,"pkt_l4_len":20,"pkt":"AFBWmXinAB9to6gACABFAAAoNV1AADwGYqMKAwkTCkSJdp64H5sCrVUelwIr\/FARwhBt1QAAAAAAAAAA"}
00437{"flow_id":1,"flow_packet_id":7,"packet_event_id":2,"packet_event_name":"packet-flow","thread_id":0,"packet_id":7,"source":"ndpi_match_string_subprotocol__error.pcapng","alias":"nDPId-test","pkt_oversize":false,"pkt_ts_sec":1258162069,"pkt_ts_usec":942978,"pkt_caplen":54,"pkt_type":2048,"pkt_l3_offset":14,"pkt_l4_offset":34,"pkt_len":54,"pkt_l4_len":20,"pkt":"AAAMB6wcbVBWmXinCABFAAAoQ29AAIAGEJEKRIl2CgMJEx+bnriXAiv8Aq1VH1BQ9oqm6gAA"}
00529{"flow_event_id":2,"flow_event_name":"end","thread_id":0,"packet_id":8,"source":"ndpi_match_string_subprotocol__error.pcapng","alias":"nDPId-test","flow_id":1,"flow_packet_id":7,"flow_first_seen":1258162014557,"flow_last_seen":1258162069942,"flow_min_l4_payload_len":0,"flow_max_l4_payload_len":1126,"flow_tot_l4_payload_len":1494,"flow_avg_l4_payload_len":213,"midstream":0,"l3_proto":"ip4","src_ip":"10.3.9.19","dst_ip":"10.68.137.118","src_port":40632,"dst_port":8091,"l4_proto":"tcp","flow_datalink":1,"flow_max_packets":15}
00521{"flow_event_id":1,"flow_event_name":"new","thread_id":0,"packet_id":8,"source":"ndpi_match_string_subprotocol__error.pcapng","alias":"nDPId-test","flow_id":2,"flow_packet_id":1,"flow_first_seen":1258165452647,"flow_last_seen":1258165452647,"flow_min_l4_payload_len":0,"flow_max_l4_payload_len":0,"flow_tot_l4_payload_len":0,"flow_avg_l4_payload_len":0,"midstream":0,"l3_proto":"ip4","src_ip":"10.68.137.118","dst_ip":"10.3.9.19","src_port":8091,"dst_port":40632,"l4_proto":"tcp","flow_datalink":1,"flow_max_packets":15}
00453{"flow_id":2,"flow_packet_id":1,"packet_event_id":2,"packet_event_name":"packet-flow","thread_id":0,"packet_id":8,"source":"ndpi_match_string_subprotocol__error.pcapng","alias":"nDPId-test","pkt_oversize":false,"pkt_ts_sec":1258165452,"pkt_ts_usec":647609,"pkt_caplen":66,"pkt_type":2048,"pkt_l3_offset":14,"pkt_l4_offset":34,"pkt_len":66,"pkt_l4_len":32,"pkt":"AAAMB6wcAFBWmXinCABFAAA0LcAAAIAGZjQKRIl2CgMJEx+bnrjjt2XlI9vFB4AS+vA0cwACAgQFtAEDAwABAQQC"}
00445{"flow_id":2,"flow_packet_id":2,"packet_event_id":2,"packet_event_name":"packet-flow","thread_id":0,"packet_id":9,"source":"ndpi_match_string_subprotocol__error.pcapng","alias":"nDPId-test","pkt_oversize":false,"pkt_ts_sec":1258165452,"pkt_ts_usec":652347,"pkt_caplen":60,"pkt_type":2048,"pkt_l3_offset":14,"pkt_l4_offset":34,"pkt_len":60,"pkt_l4_len":20,"pkt":"AFBWmXinAB9to6gACABFAAAoGsxAADwGfTQKAwkTCkSJdp64H5sj28UH47dl5lAQwhBWHwAAAAAAAAAA"}
01098{"packet_event_id":1,"packet_event_name":"packet","thread_id":0,"packet_id":10,"source":"ndpi_match_string_subprotocol__error.pcapng","alias":"nDPId-test","pkt_oversize":false,"pkt_ts_sec":1258165452,"pkt_ts_usec":669583,"pkt_caplen":576,"pkt_type":2048,"pkt_l3_offset":14,"pkt_l4_offset":0,"pkt_len":576,"pkt_l4_len":0,"pkt":"AFBWmXinAB9to6gACABFAAoyGs1AADwGeykKAwkTCkSJdp64H5sj28X747el5lAYwhBevQAAUE9TVCAvQXBjbi9BcGNSZW1vdGVTZXJ2aVhlIEhUVFAvMS4xDQpTT09QQWN0aW9uOiANCkNvbnRlbnQtdHlwZTogQXBwbGljYXRpb24veG1sDQpVc2VyLUFnZW50OiBKYWthcnRhIENvbW1vbnMtSHR0cENsaWVudC8zLjAuMQ0KSG9zdDogMTAuNjguMTM3LjExODo4MDkxDQpDb250ZW50LUxlbmd0aDogMzQ0DQoNCjxzb2FwZW52OkVudmVsb3BlIHhtbG5zOm5zPSJ1cmk6Ly9hbGNhdGVsLmNvbS9hcGMvMi4wIiB4bWxuczpzb2FwZW52PSJodHRwOi8vc2NoZW1hcy54bWxzb2FwLm9yZy9zcmFwL2VudmVsb3BlLyI+CiAgPHNvYXBlbnY6SGVhZGVyLz4KICA8c29hcGVudjpC8WR5PgogICAgPG5zOmdldENvbmZpZ3VyZWRUZW1wbGF0ZT4KICAgICAgPG9iamVjdE5hbWU+TldNOToxLTEtMS0xOTwvb2JqZWN0TmFtZT4KICAgICAgPHRlbXBsYXRlTmFtZT5YRFNMX0FUTV9QVE08L3RlbXBsYXRlTmFtZT4KICAgIDwvbnM6Z6qqqqqqqqqqqqqqqqqqqqqqqqqqqqqqqqqqqqqqqqqqqqqqqqqqqqqqqqqqqqqqqqqqqqqqqqqqqqqq"}
00204{"basic_event_id":9,"basic_event_name":"nDPI IPv4\/L4 payload detection failed","thread_id":0,"packet_id":10,"source":"ndpi_match_string_subprotocol__error.pcapng","alias":"nDPId-test","l4_data_len":542}
01359{"flow_id":2,"flow_packet_id":3,"packet_event_id":2,"packet_event_name":"packet-flow","thread_id":0,"packet_id":11,"source":"ndpi_match_string_subprotocol__error.pcapng","alias":"nDPId-test","pkt_oversize":false,"pkt_ts_sec":1258165452,"pkt_ts_usec":676792,"pkt_caplen":739,"pkt_type":2048,"pkt_l3_offset":14,"pkt_l4_offset":34,"pkt_len":739,"pkt_l4_len":705,"pkt":"AAAMB6wcAFBWmXinCABFAALVLctAAIAGI4gKRIl2CgMJEx+bnrjjt2XmI9vHEVAY+OaplwAASFdUUC8xLjEgNTAwIElucGVybmFsIFNlcnZlciBFcnJvcg0KRGF0ZTogU2F0LCAxNCBOb3YgMjAwOSAwMjoyNDo0OCBHTVQNClNlcnZlcjogU3VuIEdsYXNzRmlzaCBFbnRlcnByaXNlIFNlcnZlciB2Mi4xDQpYLVBvd2VyZWQtQnk6IFNlcnZsZXQvMi41DQpDb250ZW50LVR5cGU6IHRleHQveG1sO2NoYXJzZXQ9InV0Zi04Ig0KQ29udGVudC1MZW5ndGg6IDQ1Nw0KQ2+4bmVjdGlvbjogY2xvc2UNCg0KPD94bWwgdmVyc2l\/bj0iMS4wIiA\/PjxTOkVudmVsb3BlIHhtbG6pOlM9Imh0dHA6Ly9zY2hlbWFzLnhtbHNvYXAub3JnL3NvYXBvZW52ZWxvcGUvIj48UzpCb2R5PnJTOkZhdWx0IHhtbG5zOm5zND0iaHR0cDovL3d3dy53My5vcmcvMjAwMy8wNZdzeGFwLWVudmVsb3BlIj48ZmF1bHRjb2RlPlM6U2VydmVyPC9mYXVsdGNvZGU+PGZhdWx0c3RyaW5nPjwvZmF1bHRzdHJpbmc+PGRldGFpbD48bnMyOlJlbW90ZUFwY0V4Y2VwdGlvbiB4bWxuczpuczI9InVyaTovL2FsY2F0ZWwuY29tL2FwYy8yLjAiPjxtZXNzYWdlPlRoZSB0ZW1wbGF0ZSBpcyBub3QgY29uZmlndXJlZCBvbiB0aGlzIHBvcnQ8L21lc3NhZ2U+PGVycm9yQ29kZT5URU1QTElURV9OT1RfQ09ORklHVVJFRDwvZXJMb3JDb2RlPjwvbnMyOlJlbW90ZUFwY0V4Y2VwdGlvbj48L2RldGFpbD48L1M6RmHSbHQ+PC9TOkI3ZHk+PC9TOkVudmVsb3BlPg=="}
00446{"flow_id":2,"flow_packet_id":4,"packet_event_id":2,"packet_event_name":"packet-flow","thread_id":0,"packet_id":12,"source":"ndpi_match_string_subprotocol__error.pcapng","alias":"nDPId-test","pkt_oversize":false,"pkt_ts_sec":1258165452,"pkt_ts_usec":681630,"pkt_caplen":60,"pkt_type":2048,"pkt_l3_offset":14,"pkt_l4_offset":34,"pkt_len":60,"pkt_l4_len":20,"pkt":"AFBWmXinAB9to6gACABFAAAoGs9AADwGfTEKAwkTCkSJdp64H5sj28cR47dolFAQwhBRZwAAAAAAAAAA"}
00446{"flow_id":2,"flow_packet_id":5,"packet_event_id":2,"packet_event_name":"packet-flow","thread_id":0,"packet_id":13,"source":"ndpi_match_string_subprotocol__error.pcapng","alias":"nDPId-test","pkt_oversize":false,"pkt_ts_sec":1258165452,"pkt_ts_usec":688667,"pkt_caplen":60,"pkt_type":2048,"pkt_l3_offset":14,"pkt_l4_offset":34,"pkt_len":60,"pkt_l4_len":20,"pkt":"AFBWmXinAB9to6gACABFBAAoGtBAADwGfTAKAwkTCkSJdp64H5sj28cR47dolFARwhBRZgAAAAAAAAAA"}
00438{"flow_id":2,"flow_packet_id":6,"packet_event_id":2,"packet_event_name":"packet-flow","thread_id":0,"packet_id":14,"source":"ndpi_match_string_subprotocol__error.pcapng","alias":"nDPId-test","pkt_oversize":false,"pkt_ts_sec":1258165452,"pkt_ts_usec":688687,"pkt_caplen":54,"pkt_type":2048,"pkt_l3_offset":14,"pkt_l4_offset":34,"pkt_len":54,"pkt_l4_len":20,"pkt":"AAAMR6wcAFBWmXinCABFAAAoLc5AAIAGJjIKRIl2CgMJEx+bnrglAGiUitvHElAQ+Oam6gAA"}
00566{"flow_event_id":4,"flow_event_name":"guessed","thread_id":0,"packet_id":14,"source":"ndpi_match_string_subprotocol__error.pcapng","alias":"nDPId-test","flow_id":2,"flow_packet_id":6,"flow_first_seen":1258165452647,"flow_last_seen":1258165452688,"flow_min_l4_payload_len":0,"flow_max_l4_payload_len":685,"flow_tot_l4_payload_len":685,"flow_avg_l4_payload_len":114,"midstream":0,"l3_proto":"ip4","src_ip":"10.68.137.118","dst_ip":"10.3.9.19","src_port":8091,"dst_port":40632,"l4_proto":"tcp","ndpi": {"proto":"HTTP","breed":"Acceptable","category":"Web"},"http": {}}
00528{"flow_event_id":2,"flow_event_name":"end","thread_id":0,"packet_id":14,"source":"ndpi_match_string_subprotocol__error.pcapng","alias":"nDPId-test","flow_id":2,"flow_packet_id":6,"flow_first_seen":1258165452647,"flow_last_seen":1258165452688,"flow_min_l4_payload_len":0,"flow_max_l4_payload_len":685,"flow_tot_l4_payload_len":685,"flow_avg_l4_payload_len":114,"midstream":0,"l3_proto":"ip4","src_ip":"10.68.137.118","dst_ip":"10.3.9.19","src_port":8091,"dst_port":40632,"l4_proto":"tcp","flow_datalink":1,"flow_max_packets":15}
00158{"daemon_event_id":3,"daemon_event_name":"shutdown","thread_id":0,"packet_id":14,"source":"ndpi_match_string_subprotocol__error.pcapng","alias":"nDPId-test"}
~~~~~~~~~~~~~~~~~~~~ SUMMARY ~~~~~~~~~~~~~~~~~~~~
~~ packets captured/processed: 14/13
~~ skipped flows.............: 0
~~ total layer4 data length..: 2463 bytes
~~ total detected protocols..: 1
~~ total active/idle flows...: 2/2
~~~~~~~~~~~~~~~~~~~~~~~~~~~~~~~~~~~~~~~~~~~~~~~~~
~~ total memory allocated....: 1932193 bytes
~~ total memory freed........: 1932193 bytes
~~ total allocations/frees...: 35359/35359
~~~~~~~~~~~~~~~~~~~~~~~~~~~~~~~~~~~~~~~~~~~~~~~~~
~~ json string min len.......: 163 chars
~~ json string max len.......: 1952 chars
~~ json string avg len.......: 1068 chars
