00460{"daemon_event_id":1,"daemon_event_name":"init","thread_id":0,"packet_id":0,"source":"netbios_wildcard_dns_query.pcap","alias":"nDPId-test","max-flows-per-thread":2048,"max-idle-flows-per-thread":256,"tick-resolution":1000,"reader-thread-count":1,"flow-scan-interval":10000,"generic-max-idle-time":600000,"icmp-max-idle-time":120000,"udp-max-idle-time":180000,"tcp-max-idle-time":7560000,"max-packets-per-flow-to-send":3,"max-packets-per-flow-to-process":255}
00565{"flow_event_id":1,"flow_event_name":"new","thread_id":0,"packet_id":1,"source":"netbios_wildcard_dns_query.pcap","alias":"nDPId-test","flow_id":1,"flow_packets_processed":1,"flow_first_seen":1597866040493,"flow_last_seen":1597866040493,"flow_idle_time":180000,"flow_min_l4_payload_len":50,"flow_max_l4_payload_len":50,"flow_tot_l4_payload_len":50,"flow_avg_l4_payload_len":50,"midstream":0,"ts_msec":1597866040493,"l3_proto":"ip4","src_ip":"10.1.67.250","dst_ip":"10.1.66.20","src_port":41335,"dst_port":53,"l4_proto":"udp","flow_datalink":1,"flow_max_packets":3}
00511{"packet_event_id":2,"packet_event_name":"packet-flow","thread_id":0,"packet_id":1,"source":"netbios_wildcard_dns_query.pcap","alias":"nDPId-test","flow_id":1,"flow_packet_id":1,"flow_last_seen":1597866040493,"flow_idle_time":180000,"pkt_oversize":false,"pkt_caplen":92,"pkt_type":2048,"pkt_l3_offset":14,"pkt_l4_offset":34,"pkt_len":92,"pkt_l4_len":58,"ts_msec":1597866040493,"pkt":"AAkPCQEKAFBWvdjVCABFAABOhIlAAEARHAYKAUP6CgFCFKF3ADUAOgSEgPAAEAABAAAAAAAAIENLQUFBQUFBQUFBQUFBQUFBQUFBQUFBQUFBQUFBQUFBAAAhAAE="}
00746{"flow_event_id":6,"flow_event_name":"detected","thread_id":0,"packet_id":1,"source":"netbios_wildcard_dns_query.pcap","alias":"nDPId-test","flow_id":1,"flow_packets_processed":1,"flow_first_seen":1597866040493,"flow_last_seen":1597866040493,"flow_idle_time":180000,"flow_min_l4_payload_len":50,"flow_max_l4_payload_len":50,"flow_tot_l4_payload_len":50,"flow_avg_l4_payload_len":50,"midstream":0,"ts_msec":1597866040493,"l3_proto":"ip4","src_ip":"10.1.67.250","dst_ip":"10.1.66.20","src_port":41335,"dst_port":53,"l4_proto":"udp","ndpi": {"proto":"DNS","breed":"Acceptable","category":"Network"},"dns": {"query":"ckaaaaaaaaaaaaaaaaaaaaaaaaaaaaaa","num_queries":0,"num_answers":0,"reply_code":0,"query_type":33,"rsp_type":0,"rsp_addr":"0.0.0.0"}}
00566{"flow_event_id":3,"flow_event_name":"idle","thread_id":0,"packet_id":1,"source":"netbios_wildcard_dns_query.pcap","alias":"nDPId-test","flow_id":1,"flow_packets_processed":1,"flow_first_seen":1597866040493,"flow_last_seen":1597866040493,"flow_idle_time":180000,"flow_min_l4_payload_len":50,"flow_max_l4_payload_len":50,"flow_tot_l4_payload_len":50,"flow_avg_l4_payload_len":50,"midstream":0,"ts_msec":1597866040493,"l3_proto":"ip4","src_ip":"10.1.67.250","dst_ip":"10.1.66.20","src_port":41335,"dst_port":53,"l4_proto":"udp","flow_datalink":1,"flow_max_packets":3}
00173{"daemon_event_id":3,"daemon_event_name":"shutdown","thread_id":0,"packet_id":1,"source":"netbios_wildcard_dns_query.pcap","alias":"nDPId-test","total-events-serialized":6}
~~~~~~~~~~~~~~~~~~~~ SUMMARY ~~~~~~~~~~~~~~~~~~~~
~~ packets captured/processed: 1/1
~~ skipped flows.............: 0
~~ total layer4 data length..: 50 bytes
~~ total detected protocols..: 1
~~ total active/idle flows...: 1/1
~~ total timeout flows.......: 0
~~~~~~~~~~~~~~~~~~~~~~~~~~~~~~~~~~~~~~~~~~~~~~~~~
~~ total memory allocated....: 4590468 bytes
~~ total memory freed........: 4590468 bytes
~~ total allocations/frees...: 99535/99535
~~~~~~~~~~~~~~~~~~~~~~~~~~~~~~~~~~~~~~~~~~~~~~~~~
~~ json string min len.......: 178 chars
~~ json string max len.......: 751 chars
~~ json string avg len.......: 515 chars
