00495{"daemon_event_id":1,"daemon_event_name":"init","thread_id":0,"packet_id":0,"source":"quic-mvfst-27.pcapng","alias":"nDPId-test","max-flows-per-thread":2048,"max-idle-flows-per-thread":64,"reader-thread-count":1,"flow-scan-interval":10000000,"generic-max-idle-time":600000000,"icmp-max-idle-time":120000000,"udp-max-idle-time":180000000,"tcp-max-idle-time":3265032704,"max-packets-per-flow-to-send":3,"max-packets-per-flow-to-process":32,"max-packets-per-flow-to-analyse":32,"global_ts_usec":0}
00733{"flow_event_id":1,"flow_event_name":"new","thread_id":0,"packet_id":1,"source":"quic-mvfst-27.pcapng","alias":"nDPId-test","flow_id":1,"flow_state":"info","flow_src_packets_processed":1,"flow_dst_packets_processed":0,"flow_first_seen":41432902,"flow_src_last_pkt_time":41432902,"flow_dst_last_pkt_time":41432902,"flow_idle_time":200000000,"flow_src_min_l4_payload_len":1232,"flow_dst_min_l4_payload_len":0,"flow_src_max_l4_payload_len":1232,"flow_dst_max_l4_payload_len":0,"flow_src_tot_l4_payload_len":1232,"flow_dst_tot_l4_payload_len":0,"midstream":0,"thread_ts_usec":41432902,"l3_proto":"ip4","src_ip":"10.0.2.15","dst_ip":"69.171.250.15","src_port":35957,"dst_port":443,"l4_proto":"udp","flow_datalink":1,"flow_max_packets":3}
02223{"packet_event_id":2,"packet_event_name":"packet-flow","thread_id":0,"packet_id":1,"source":"quic-mvfst-27.pcapng","alias":"nDPId-test","flow_id":1,"flow_packet_id":1,"flow_src_last_pkt_time":41432902,"flow_dst_last_pkt_time":41432902,"flow_idle_time":200000000,"pkt_oversize":false,"pkt_caplen":1326,"pkt_type":2048,"pkt_l3_offset":14,"pkt_l4_offset":34,"pkt_len":1326,"pkt_l4_len":1240,"thread_ts_usec":41432902,"pkt":"UlQAEjUCCAAnANMtCABFAATsAABAAEAR6jcKAAIPRav6D4x1AbsE2OWQzPrOsAIIrbuyBEpv1K8AAES+140kYx8r1I1jytRmSbOd1I6+euAu\/WCog0hZ7CK2vbiQaDsUNhduZ4TaOU+YwMwzr4tFRPY4WVcwFZYxf3JpeyRLGb56IxYnrJ+wVEN3bI7bVdKHF8LObpsuaNgGvwptfsH+rDACd3BONx\/QShlSNEGgtojOTAb3IBxaMPoBBrqk2vcqdCneK9x+zToW6kQDTdEd1IieGWgR+hdSwpMJLkz6epIDIJvr2+7hnKY8vsay1GJiKAlvxUurjQpspuMDfgvdh0iM6M1FrTv7rKzGyRXK46jvoMQof1iOAPHATgwqM4ZuYMuNvt\/y0p1tz148IXIa\/fLbIf\/jtx8RB3egC2zhGA2mbRbaurTTw48eZ\/8+UmFX\/pGgD39VTuQ0iy3fwQ4KqkHSAZwYDfMrqtGQuy3zdVoOJcB1EfGcQ\/j15ErCmDlRT7vkVVWnNzp5ac2qQ30IkEy79yMP2uQl+qcNCK7LBv3ES0ZAYMoMzeMHxcHojmxmY7m9pU8\/6TN1mmhBOL55YskIGgF5b9dubHYOHRFbIoVzLmlUMAC3n\/J8icXYhMzF+2LMmkFk5V6Ftpg6RFwazyDsV1VvAG0px\/ZReUsDZc2BpKOvPXUMcmmbi7J+4xk79GjDWU7qn9No\/9OgaUBSqlTMXjLKVw1AQS9DQbbP6Ljm2tjkBmxsNgiaX3ZHZdlEZ39g+pfa+C3d0\/Me91SnnyzofgyFHFf\/FZrz8kZlG+cPy3y6jToJU9oYVkDn4scTl9+EJRhVW2fiSh2BpNrkr1jxBS6nl0AbZVVuTjZo1emeItVe2pTwk9uLFdXZ\/CsWVBwjAwBQ8vxgzBGFWe9Cz3WpWkEzkAzQeOKzfLIFJb1PdMquNCwMajA4Jx\/Cl8vTf2306+VAoELddtYLnop0Ayp+TxS0Rn4I5pIhgtvtCnBaEOMmPLVrk2Tj6N4i6o4MT6NN2UsGMhl2jrLGVEchP8VeBBOrUPQTIvY+Xm1UQd6ud\/GSXz1lmW9JWN\/jvl2VrC\/dEdNNNDsuFT5DVQqiDS81yxHlMqpnUJtGOqdXBxl\/ipvbbIFVJMAxqaqhOIq9lLXVi0WRSrle2jY8C6byBzVmaXR9ob+Wj5JgOJ4dl6+zmTJfROyutrX06SLZW3iXBCGlGsJZa3VoAGsKr8R2PPaQW1IM5QBB1\/g3l2+\/8cMTpVbSj+AToLePRXNLpaht6\/i0lf5tmm5WeIZEw\/kp8XgE1IVG1OwCHdXi3LW8Ju6ZT6+NSDZYRl5iCIMOLeH+Uqa7zxr6BPSdijI5fZHwJ7CyzIIsLtNldUOOeWaUdszlpTm5UglrnEBk\/8+KIWEVomulKHSD78LbyMa2ZwRhHyUIoQUx3u628eG5WvmgiPmoWBpQq0SAcNJkibSZlfyukZBXk6ytoD7RL+6u7B+gDbgoIKW3EI2Vygx0786PDvzKNz\/jICcqh071958oOMWvZwK4wNNnPl+hmatacx8NLqlbU4\/qy23i+aLaPb\/wBxpmPXyakND4mOvFt3dmh\/yOVbINbAdZZ958R4K\/VXTGhgBSkxwXbKGKq+I\/xQwGAiri3PaDQBO6NYoKc0jqzc3rTGw44eUPJeiqQ8qEhbvrsfPi3A+VS5FRGlwZaAkkAdoB2gRkAwEAAAAAAAAAAAAAABYAAQACACEB2gAAAAAAAAAAAAAAAAAAAAANY6kd"}
01095{"flow_event_id":7,"flow_event_name":"detected","thread_id":0,"packet_id":1,"source":"quic-mvfst-27.pcapng","alias":"nDPId-test","flow_id":1,"flow_state":"info","flow_src_packets_processed":1,"flow_dst_packets_processed":0,"flow_first_seen":41432902,"flow_src_last_pkt_time":41432902,"flow_dst_last_pkt_time":41432902,"flow_idle_time":200000000,"flow_src_min_l4_payload_len":1232,"flow_dst_min_l4_payload_len":0,"flow_src_max_l4_payload_len":1232,"flow_dst_max_l4_payload_len":0,"flow_src_tot_l4_payload_len":1232,"flow_dst_tot_l4_payload_len":0,"midstream":0,"thread_ts_usec":41432902,"l3_proto":"ip4","src_ip":"10.0.2.15","dst_ip":"69.171.250.15","src_port":35957,"dst_port":443,"l4_proto":"udp","ndpi": {"confidence": {"6":"DPI"},"proto":"QUIC.Facebook","proto_id":"188.119","encrypted":1,"breed":"Fun","category_id":6,"category":"SocialNetwork","hostname":"graph.facebook.com","quic": {"tls": {"version":"TLSv1.3","ja3":"61d8a93ff379660087082a82411f19a2","ja3s":"","unsafe_cipher":0,"cipher":"TLS_NULL_WITH_NULL_NULL","alpn":"h3-fb-05","tls_supported_versions":"TLSv1.3,TLSv1.3 (draft)"}}}}
02249{"packet_event_id":2,"packet_event_name":"packet-flow","thread_id":0,"packet_id":2,"source":"quic-mvfst-27.pcapng","alias":"nDPId-test","flow_id":1,"flow_packet_id":2,"flow_src_last_pkt_time":41432902,"flow_dst_last_pkt_time":41464206,"flow_idle_time":200000000,"pkt_oversize":false,"pkt_caplen":1346,"pkt_type":2048,"pkt_l3_offset":14,"pkt_l4_offset":34,"pkt_len":1346,"pkt_l4_len":1260,"thread_ts_usec":41464206,"pkt":"CAAnANMtUlQAEjUCCABFAAUAAHoAAEARKapFq\/oPCgACDwG7jHUE7DGTx\/rOsAIACGUZSqSBwJ2mAETSQ4uzcebnNMDWiCLwgEqse1zwFbQeUwCYbirASYBY9Wqb\/AVucNo+1QzVbJaW9TpMoqvmNgwqhyeKJHn4nzURskXOXtyoQu1UCn4VWBURvJjr0Pri5khEPw4xAwDV7X2Rmmpwaw6btUsOaonrqKF\/SrLeyArFzwB+JFVws5mjdog13nZj3AyrnfXROIcoKcafi5iIMUPL8fCRhq9X7vo879HkMFFe\/UL0Z6KfMxRHk\/gm5EOke7DkOtpvDqjM8A17vn\/YA\/LmKAMC318G22YHyWoexSGb3BcRVBGh\/JnZslVfKZDHgCPKBJ6TZoECS2S1Lkq5nHD0FrjB28JkpPGddocsvTJ4gXR11CtFRogKRhcL6ToomCWSsXQm4N4h+xa8EUgP+Qp0EvdNEgFlkK7QzIbTOeUkbO0qojWV6pfET3Iov+\/apIMX2oqertd1yP5huAQbmPBJDrUV5aSXJ2n4942yy8nej3YOzA3244Ppj3KJ1FI9fYQWy94tzkcAq0MyyNAtAzVQrMQHV9+ftrN2eaUEuTAr5G712uv1AnCx12zkzS\/bPkH5HakesCqHiBdPHaH4mxGfceFuvWrXvk9k8noKiLgriTnvQwp\/saWNDkm8kvfm9PpqQm+XgxMCJ0tq2pG80BHbTgRQV8MdZ11XnvblfPEVlDFLqayo6KQYDuE9pUfQ+9AqEaxGVZRMSVRaIpJDPVqd0UHWM8ATc92GN71YPW\/frstXWA7sGYASVobLo1b3c8kYQSBM7dcU\/iqAkl+FksHEaC1aLZjGfaRKtnrpTDuyyUXcztv9cqa5wo9RQzervEK0UxM3gVjtBBX1mCaBfaZIZdXvbDZThkMu9RGphMLYrx9SqWAcKRkM9YhQ4qnUOJEDTD2qoX8miGa+JoKbQ6qKnL2RRJM\/0dLcmr8S6LVgNf3TuED+N3hbsZ9OBQ7xHjHnYpm\/+OxE3iCQ7O\/MjCEYbY876HUh2UXvGhRXGh19ilKbwQQLH+dz5uix38Q4qECRqV09vmTz3Swbe+BtJ26CqtxI2DYiDUkT56hG4GnrWss\/5mqds3b7uwxVTv8iRTcgWALX6YR8I8LcEwnW6P35r6yzQ8NmLvjaaqZkC\/6YKBBhBFJ4gpdUENYZBLszMz\/0jCicUWKWyfwMDGVvAlcFM7uVWLy8jO0qLX37EScSwg3DeIeQr72\/VcJHLle0Tm+dHFDyuGwxcML\/AaZe6mgicoiyETeB09Smyq9Y78I5wTornR4T1K0JN64JfYcnJe1\/YmYcW1VlHkcIRW6sSa0q5r9kPM+iCHOL7wY9T6OnVogbkFJzee5fZ+Oq9S8PvlK+4jsPkUzDv6d3+PRuP5JWYWDpXd8Qhym58OswJSKelR1rmXKN2C\/uxVLv3kgZxbiHXFdSArCkFj5BWP4WtRYPeuQ5VALz9l8XUPpyq\/09yKtHs\/TW2KvPCNoNxInVtL\/9V7UyFB2cFMukn2UUKBEJJUOWG0p+3sALv+tMcZpDx9cDnCtfccjlF6qNg6Io5OabNDbmM3UDOyuHva8jvqAsKtELxYaeOp5rbZaQ+wK7lDWDooe0BUvE8YL9NWtHK\/I2zrwe4HzXFx1p5ULH4KoSajttOnTnVRnoaPTH5vR+8nV092hE6ZD\/6m9zExloCSQB2gHaBGQDAQAAAAAAAAAAAAAAFgABAAIAIQHaAAAAAAAAAAAAAAAAAAAAACg8yWg="}
02249{"packet_event_id":2,"packet_event_name":"packet-flow","thread_id":0,"packet_id":3,"source":"quic-mvfst-27.pcapng","alias":"nDPId-test","flow_id":1,"flow_packet_id":3,"flow_src_last_pkt_time":41432902,"flow_dst_last_pkt_time":41464217,"flow_idle_time":200000000,"pkt_oversize":false,"pkt_caplen":1346,"pkt_type":2048,"pkt_l3_offset":14,"pkt_l4_offset":34,"pkt_len":1346,"pkt_l4_len":1260,"thread_ts_usec":41464217,"pkt":"CAAnANMtUlQAEjUCCABFAAUAAHsAAEARKalFq\/oPCgACDwG7jHUE7Icwx\/rOsAIACGUZSqSBwJ2mAETStSk6pRwdyId1aH4WX4pVsk+hVtbLW4hKoqKIUKSo9tdUjjTVL5Yto7M3DICwaAoLYXCD+5dqw0TmZSrfqNiW2qJkNrsg0k\/kAdqV7j6+J9emg0iopVNY8z94Dkdknf05ci\/NoDXo7jX0aTp1J6GxxB8erH\/0SWZ+DyrbIMZ0xZ5SuS1DqMnN61NBKxN4\/jPv9ciPfLFFXyU0okn\/oJgJdQ4WrwMnOPK0yukS3dDQKMu5v+5h3OqBwQW1oLHmZA6rMWwlnpuiFU739YXcxuHETmzC2NOSBa0FZ1xSGByNv0mIS\/veQS6ztyCKi6cmIt52Goz5V26xn8ITbWRMKyzCQ9ygzGjFLSLB+V+ogEf08ganfO6W0dHJdPTEHqx274QToI6nzYBz8eQeCAoVd4nrh3slWslWTkHeQVW8sENY6mHlCHceqCHC8YwsKeoSN\/4JG6l1w4zyPArMZGkKB7jSxPuUQCGzOht7pw5Gk5Gp83Di44gZYUIyNVymDB16sT39aoraDeo5r5qBdNZ91SsMzaUcukPc+uOFPSAz0EuZbTe9n8OtdEkkzeGl9cG18rBcD7tfjxG18gi\/aTc\/Qsb2KdP82bZ\/OipJydJdUpM++DNflKBUq6VmZNq\/mEwBZaf36uML1LJOAoceV1rx2cgE7b5Wa2y583PSIvc0y8yCVCHd7UpFmIJOJrYMAiOgNdkL9i8G7a60vJ0BffKaiILbh52Cd\/gZSExquDEnfPS9pscJ3chfy\/\/FZGZ2CQbE65G5r2LgRj1a0KrZ\/O4ML+0k9MQaf9He5c\/jILvUKyvJwLUWG3lSoXOphrxABdatvx5PAii2lwtYhrYvxbQdkmGsIRtsvgWyth\/48R3yefn+bIHFq+Ln\/mQ4+8W6h+y9VYGjLy+j1gNFUujglm08r+aneixuCDo8NVE+WAW9F9bx6GkTQPaTP2\/obE0Ej5h95N8FRRXbNl8Q32+hc1BcPW7PYZhe4s7f99gVOs1PvusSkQjfl9x1h6vbtCoGsaxvv+KkMXJr040is81X8KUUNFqu8hZlZbEQdDUlK04iWVHyjfijDT4J15Tv7e9ZlWiE8P4TthJEkS\/V\/B6UFWx7NxNha5AI5q7ShAs7c3HMWi7ShahE0cUHWo1N0zwF8\/WnAGHEQUC8y4BhBQ7EaKwJ5nulzruzqp+D0MI00rZhOKTfBp6FWu0gmkwjBtMV14lN3KiO+Fugvl0PPD7usXWaKzR2dw4JslfP5IRxZB5PlrUhggAF+4XvJxhjRYhltzgO0VmcidYbokhyBxc5p8EN7Brdd5jbC5KWU5ziyf1Xh75DhXXM9GVyTUDxQyOG\/19oznEsnm6HNfViWsEBqqhaXc1PD0G1Ath517JUA\/pAp9aK6ha0kEfZOISLrdAh\/wfyRh1qF0vTiaYWT3z2kewwb2CKR6DkEQkLWuW6ksgBnomifnuXO\/A4qhCgYZUw8feNCqTOFonKJtx2NUnViJDtqHr07cnNA2vZFiN+8SsLW130LG60Uj0wsHpIPMQDNy88BvEV2fH8Yk1GkJTndWveloeKe4e8X8FUWonC0LnETHyEJoR6mY698HICIqyNVbCWwwIZl3RhkLsYcNRGWOHE1xH8nz2KWwIwVPQWegjsOIMvejTuWRloCSQB2gHaBGQDAQAAAAAAAAAAAAAAFgABAAIAIQHaAAAAAAAAAAAAAAAAAAAAAB\/S7Lg="}
00896{"flow_event_id":3,"flow_event_name":"idle","thread_id":0,"packet_id":20,"source":"quic-mvfst-27.pcapng","alias":"nDPId-test","flow_id":1,"flow_state":"finished","flow_src_packets_processed":7,"flow_dst_packets_processed":13,"flow_first_seen":41432902,"flow_src_last_pkt_time":50364890,"flow_dst_last_pkt_time":50392661,"flow_idle_time":200000000,"flow_src_min_l4_payload_len":34,"flow_dst_min_l4_payload_len":0,"flow_src_max_l4_payload_len":1232,"flow_dst_max_l4_payload_len":1252,"flow_src_tot_l4_payload_len":2538,"flow_dst_tot_l4_payload_len":6981,"midstream":0,"thread_ts_usec":50392661,"l3_proto":"ip4","src_ip":"10.0.2.15","dst_ip":"69.171.250.15","src_port":35957,"dst_port":443,"l4_proto":"udp","flow_datalink":1,"flow_max_packets":3,"ndpi": {"confidence": {"6":"DPI"},"proto":"QUIC.Facebook","proto_id":"188.119","encrypted":1,"breed":"Fun","category_id":6,"category":"SocialNetwork"}}
00558{"daemon_event_id":3,"daemon_event_name":"shutdown","thread_id":0,"packet_id":20,"source":"quic-mvfst-27.pcapng","alias":"nDPId-test","packets-captured":20,"packets-processed":20,"total-skipped-flows":0,"total-l4-payload-len":9519,"total-not-detected-flows":0,"total-guessed-flows":0,"total-detected-flows":1,"total-detection-updates":0,"total-updates":0,"current-active-flows":0,"total-active-flows":1,"total-idle-flows":1,"total-compressions":0,"total-compression-diff":0,"current-compression-diff":0,"total-events-serialized":8,"global_ts_usec":50392661}
~~~~~~~~~~~~~~~~~~~~ SUMMARY ~~~~~~~~~~~~~~~~~~~~
~~ packets captured/processed: 20/20
~~ skipped flows.............: 0
~~ total layer4 data length..: 9519 bytes
~~ total detected protocols..: 1
~~ total active/idle flows...: 1/1
~~ total timeout flows.......: 0
~~~~~~~~~~~~~~~~~~~~~~~~~~~~~~~~~~~~~~~~~~~~~~~~~
~~ total memory allocated....: 6046332 bytes
~~ total memory freed........: 6046332 bytes
~~ total allocations/frees...: 121528/121528
~~~~~~~~~~~~~~~~~~~~~~~~~~~~~~~~~~~~~~~~~~~~~~~~~
~~ json string min len.......: 500 chars
~~ json string max len.......: 2254 chars
~~ json string avg len.......: 1361 chars
