00442{"daemon_event_id":1,"daemon_event_name":"init","thread_id":0,"packet_id":0,"source":"quic_q39.pcap","alias":"nDPId-test","max-flows-per-thread":2048,"max-idle-flows-per-thread":256,"tick-resolution":1000,"reader-thread-count":1,"flow-scan-interval":10000,"generic-max-idle-time":600000,"icmp-max-idle-time":120000,"udp-max-idle-time":180000,"tcp-max-idle-time":7560000,"max-packets-per-flow-to-send":3,"max-packets-per-flow-to-process":255}
00563{"flow_event_id":1,"flow_event_name":"new","thread_id":0,"packet_id":1,"source":"quic_q39.pcap","alias":"nDPId-test","flow_id":1,"flow_packets_processed":1,"flow_first_seen":1509098995610,"flow_last_seen":1509098995610,"flow_idle_time":180000,"flow_min_l4_payload_len":1350,"flow_max_l4_payload_len":1350,"flow_tot_l4_payload_len":1350,"flow_avg_l4_payload_len":1350,"midstream":0,"ts_msec":1509098995610,"l3_proto":"ip4","src_ip":"170.216.16.209","dst_ip":"21.157.183.227","src_port":38620,"dst_port":443,"l4_proto":"udp","flow_datalink":1,"flow_max_packets":3}
02235{"packet_event_id":2,"packet_event_name":"packet-flow","thread_id":0,"packet_id":1,"source":"quic_q39.pcap","alias":"nDPId-test","flow_id":1,"flow_packet_id":1,"flow_last_seen":1509098995610,"flow_idle_time":180000,"pkt_oversize":false,"pkt_caplen":1392,"pkt_type":2048,"pkt_l3_offset":14,"pkt_l4_offset":34,"pkt_len":1392,"pkt_l4_len":1358,"ts_msec":1509098995610,"pkt":"AAAAPJ7rSEb7OSWDCABFAAVipylAAD8RBjiq2BDRFZ2345bcAbsFTtxhDeca1dd1bE1NUTAzOQFpm58AnJnQaHUqfgGgAQQAQ0hMTxsAAABQQUQA1AEAAFNOSQDhAQAAU1RLABcCAABWRVIAGwIAAENDUwArAgAATk9OQ0sCAABNU1BDTwIAAEFFQURTAgAAVUFJRIACAABTQ0lEkAIAAFRDSUSUAgAAUERNRJgCAABTTUhMnAIAAElDU0ygAgAAQ1RJTagCAABOT05QyAIAAFBVQlPoAgAATUlEU+wCAABTQ0xT8AIAAEtFWFP0AgAAWExDVPwCAABDU0NU\/AIAAENPUFT8AgAAQ0NSVBQDAABJUlRUGAMAAENGQ1ccAwAAU0ZDVyADAAAtLS0tLS0tLS0tLS0tLS0tLS0tLS0tLS0tLS0tLS0tLS0tLS0tLS0tLS0tLS0tLS0tLS0tLS0tLS0tLS0tLS0tLS0tLS0tLS0tLS0tLS0tLS0tLS0tLS0tLS0tLS0tLS0tLS0tLS0tLS0tLS0tLS0tLS0tLS0tLS0tLS0tLS0tLS0tLS0tLS0tLS0tLS0tLS0tLS0tLS0tLS0tLS0tLS0tLS0tLS0tLS0tLS0tLS0tLS0tLS0tLS0tLS0tLS0tLS0tLS0tLS0tLS0tLS0tLS0tLS0tLS0tLS0tLS0tLS0tLS0tLS0tLS0tLS0tLS0tLS0tLS0tLS0tLS0tLS0tLS0tLS0tLS0tLS0tLS0tLS0tLS0tLS0tLS0tLS0tLS0tLS0tLS0tLS0tLS0tLS0tLS0tLS0tLS0tLS0tLS0tLS0tLS0tLS0tLS0tLS0tLS0tLS0tLS0tLS0tLS0tLS0tLS0tLS0tLS0tLS0tLS0tLS0tLS0tLS0tLS0tLS0tLS0tLS0tLS0tLS0tLS0tLS0tLS0tLS0tLS0tLS0tLS0tLS0tLS0tLS0tLS0tLS0tLS0tLS0tLS0tLS0tLS0tLS0tLS0tLS0tLS0tLS0tLS0tLS0tLS0tLS1zLnlvdXR1YmUuY29tHmY9ku1OY40wxAcfyyHFWACuKRu9GR6V2xdJs\/1DZWDRgILbvi6YPymdOys8LmRShvdEmFTSUTAzOQHogWCSkhrofu2AhqIVgpFZ8wXyMDAwMDAwMDBOGwyq+nKlq\/7gyjM9fK1HfmcRm2QAAABBRVNHY29tLmdvb2dsZS5hbmRyb2lkLnlvdXR1YmUgQ3JvbmV0LzYzLjAuMzIyMy43EbUkNcc61MtqjsJrlOUgFgAAAABYNTA5AQAAAB4AAADyBfNZAAAAAJSFXrmNCzW2XCwCM6DbC32c2YfxELPjjStDUbaq7wmHTyY4LQBCW\/iNJqUlz2Wd46tERlhzvdEC41udof7lNxBkAAAAAQAAAEMyNTVDwyMTjfiB70PDIxON+IHvmpHtbxwAgQ5AC3uQqa5564NqFQAAAPAAAABgAAAAAAAAAAAAAAAAAAAAAAAAAAAAAAAAAAAAAAAAAAAAAAAAAAAAAAAAAAAAAAAAAAAAAAAAAAAAAAAAAAAAAAAAAAAAAAAAAAAAAAAAAAAAAAAAAAAAAAAAAAAAAAAAAAAAAAAAAAAAAAAAAAAAAAAAAAAAAAAAAAAAAAAAAAAAAAAAAAAAAAAAAAAAAAAAAAAAAAAAAAAAAAAAAAAAAAAAAAAAAAAAAAAAAAAAAAAAAAAAAAAAAAAAAAAAAAAAAAAAAAAAAAAAAAAAAAAAAAAAAAAAAAAAAAAAAAAAAAAAAAAAAAAAAAAAAAAAAAAAAAAAAAAAAAAAAAAAAAAAAAAAAAAAAAAAAAAAAAAAAAAAAAAAAAAAAAAAAAAAAAAAAAAAAAAAAAAA"}
00714{"flow_event_id":6,"flow_event_name":"detected","thread_id":0,"packet_id":1,"source":"quic_q39.pcap","alias":"nDPId-test","flow_id":1,"flow_packets_processed":1,"flow_first_seen":1509098995610,"flow_last_seen":1509098995610,"flow_idle_time":180000,"flow_min_l4_payload_len":1350,"flow_max_l4_payload_len":1350,"flow_tot_l4_payload_len":1350,"flow_avg_l4_payload_len":1350,"midstream":0,"ts_msec":1509098995610,"l3_proto":"ip4","src_ip":"170.216.16.209","dst_ip":"21.157.183.227","src_port":38620,"dst_port":443,"l4_proto":"udp","ndpi": {"proto":"QUIC.YouTube","breed":"Fun","category":"Media"},"quic": {"client_requested_server_name":"s.youtube.com","user_agent":"com.google.android.youtube Cronet\/63.0.3223.7"}}
01972{"packet_event_id":2,"packet_event_name":"packet-flow","thread_id":0,"packet_id":2,"source":"quic_q39.pcap","alias":"nDPId-test","flow_id":1,"flow_packet_id":2,"flow_last_seen":1509098995619,"flow_idle_time":180000,"pkt_oversize":false,"pkt_caplen":1174,"pkt_type":2048,"pkt_l3_offset":14,"pkt_l4_offset":34,"pkt_len":1174,"pkt_l4_len":1140,"ts_msec":1509098995619,"pkt":"AAAAPJ7rSEb7OSWDCABFAASIpypAAD8RBxGq2BDRFZ2345bcAbsEdFQcDeca1dd1bE1NUTAzOQJfXHZ4r4NHY5hNEdjLP+5ayCAfN4aRrJwcGbvr9Ig30\/shURCI87o6EE5x2r0qaxNPy9ijcArYvwm83T\/uUNOwvPrQL1kQ63P7NcdMjvNaDrlFf0DGfuOc7NBPTTXBkaePu98lEtAf3wsOApXg5IhtfmWdfKrgEpCXWFWsxttw6C4\/lCwJqkUGaOjHW5OhnY9r8qCDBdkX4XN\/4WmFW6nWq\/XYAKSy+w3zKPd0+LJKlxsYwrzgGV2rjQwmb93iv1FFvCzNy4lqNoUoMblenytDJV5TJvGYH4s+\/7AX7HDhbJj+lIeaRA3g7dV3H3kgoU\/SpbsdOzy0YVY6Bp9yZermraiyHURn7bAotygD2Vp7YwNcdNEG9BU3funEay5GDjyBK1j66ZDJgNXirLZjzse1+VcJnT0WzMubicwvU30jDw+McSt9Bti6\/gP9FAz9\/lD31IeL8vackSc4lx75mviO5HS6BA\/NqsjQ9B8m4Ji2diYR80xUpIbgdFQiU+oifhm6+LGlaffXf5zfdWBFidIfld\/b7JT3SCK0xn1oi2TKxI8Oroqc4ijms7JGelhl0fef2CpmP0WCIT2YgyU6YwvWa1W7lII+N1ZbTeUAByGqF1QhTf5cSKd79GJRi+dbNY7B3Wj4KJv9v8GAF7TKwPiEZdDEpbOPHL\/FjvVpM04y5hU8HR+06oyFgTK1\/6hdbKNXNH9cJjr2nmUmezntPWc2AFfXM+e\/7E1fv7zcT4Kq1YOLXr9\/RjJvDNQoj81czTWLgfREm6KUrj\/r6fSbFJFnhuScfBlR9k2Pc7b3lIEZb0KXGhxHCyB1J7D8gUoqDhJYFGV+VkGVNhJpozvYPJ8ykH\/Y41HD8nsSDL9iDj9URAxCKHefDlX7Pwz6OhBfkcIZAyY3zG\/w9rr4x0Pl7U6qcsdZ1MBpDJ9qjugA+Tt8C4JpvLxNAR0kx92LyFnt3BYr58WDPwTbktI01oxzKDO5QfY46azjmnqJ+Or2LI93bDxwCMYKsLGAmehhGKZad4Iy8CQig4MBQDG0NMhHKAI6+BaplljmUnDnEalyg57\/03tWWLR4CQIYoKQ9N\/\/fDmFtkFJjraB0A767qxG7Cy8Linc3qzCa86538v6kM371bSCg\/XlL+EWzVEgq8MNOp+Kf2xPBIqWXFiVMGJ1GcpQwm6iQItRpY+85J5+RUK5X+3OW5ex3EYIjJUr+g2x3sFkDiuAsaRHgrjj6WnNpOZnghw1uaYp+E3H8VPrRSwSKqch7lieJx+ojtBtD\/W9etVSxGJeGD7lz+4wIhuht4d\/jcmgefkRDKcrraaR9azCKs\/kbJ\/PpVxbRsVvTZyAXgG+ABf\/0Dt+UshFkLro\/tuKww4FrErwElInQ+88Azyk3w8tcu1AYrDqSPj2BvjSRVwl0PO7TtbVWqgcuYET3exljbs22Rr5eyEoiPXhNZMDC79zLn441b43FrUKvwSHTJR\/j33VYKbaP4oVCvb26Vw=="}
00476{"packet_event_id":2,"packet_event_name":"packet-flow","thread_id":0,"packet_id":3,"source":"quic_q39.pcap","alias":"nDPId-test","flow_id":1,"flow_packet_id":3,"flow_last_seen":1509098995647,"flow_idle_time":180000,"pkt_oversize":false,"pkt_caplen":77,"pkt_type":2048,"pkt_l3_offset":14,"pkt_l4_offset":34,"pkt_len":77,"pkt_l4_len":43,"ts_msec":1509098995647,"pkt":"AAAAPJ7rSEb7OSWDCABFAAA\/AABAADgRuYQVnbfjqtgQ0QG7ltwAKyQ\/COca1dd1bE1NATKbKH1UbNEn\/TIU5EABJEsBAQAAAAANBgA="}
00564{"flow_event_id":3,"flow_event_name":"idle","thread_id":0,"packet_id":60,"source":"quic_q39.pcap","alias":"nDPId-test","flow_id":1,"flow_packets_processed":60,"flow_first_seen":1509098995610,"flow_last_seen":1509099044559,"flow_idle_time":180000,"flow_min_l4_payload_len":16,"flow_max_l4_payload_len":1350,"flow_tot_l4_payload_len":21651,"flow_avg_l4_payload_len":360,"midstream":0,"ts_msec":1509099044559,"l3_proto":"ip4","src_ip":"170.216.16.209","dst_ip":"21.157.183.227","src_port":38620,"dst_port":443,"l4_proto":"udp","flow_datalink":1,"flow_max_packets":3}
00156{"daemon_event_id":3,"daemon_event_name":"shutdown","thread_id":0,"packet_id":60,"source":"quic_q39.pcap","alias":"nDPId-test","total-events-serialized":8}
~~~~~~~~~~~~~~~~~~~~ SUMMARY ~~~~~~~~~~~~~~~~~~~~
~~ packets captured/processed: 60/60
~~ skipped flows.............: 0
~~ total layer4 data length..: 21651 bytes
~~ total detected protocols..: 1
~~ total active/idle flows...: 1/1
~~ total timeout flows.......: 0
~~~~~~~~~~~~~~~~~~~~~~~~~~~~~~~~~~~~~~~~~~~~~~~~~
~~ total memory allocated....: 4598135 bytes
~~ total memory freed........: 4598135 bytes
~~ total allocations/frees...: 99614/99614
~~~~~~~~~~~~~~~~~~~~~~~~~~~~~~~~~~~~~~~~~~~~~~~~~
~~ json string min len.......: 161 chars
~~ json string max len.......: 2240 chars
~~ json string avg len.......: 1256 chars
