00457{"daemon_event_id":1,"daemon_event_name":"init","thread_id":0,"packet_id":0,"source":"teredo.pcap","alias":"nDPId-test","max-flows-per-thread":2048,"max-idle-flows-per-thread":64,"tick-resolution":1000,"reader-thread-count":1,"flow-scan-interval":10000,"generic-max-idle-time":600000,"icmp-max-idle-time":120000,"udp-max-idle-time":180000,"tcp-max-idle-time":7560000,"max-packets-per-flow-to-send":3,"max-packets-per-flow-to-process":32,"global_ts_msec":0}
00543{"daemon_event_id":4,"daemon_event_name":"status","thread_id":0,"packet_id":1,"source":"teredo.pcap","alias":"nDPId-test","packets-captured":1,"packets-processed":0,"total-skipped-flows":0,"total-l4-data-len":0,"total-not-detected-flows":0,"total-guessed-flows":0,"total-detected-flows":0,"total-detection-updates":0,"total-updates":0,"current-active-flows":0,"total-active-flows":0,"total-idle-flows":0,"total-compressions":0,"total-compression-diff":0,"current-compression-diff":0,"total-events-serialized":2,"global_ts_msec":1438853615305}
00579{"flow_event_id":1,"flow_event_name":"new","thread_id":0,"packet_id":1,"source":"teredo.pcap","alias":"nDPId-test","flow_id":1,"flow_state":"info","flow_packets_processed":1,"flow_first_seen":1438853615305,"flow_last_seen":1438853615305,"flow_idle_time":200000,"flow_min_l4_payload_len":61,"flow_max_l4_payload_len":61,"flow_tot_l4_payload_len":61,"flow_avg_l4_payload_len":61,"midstream":0,"thread_ts_msec":1438853615305,"l3_proto":"ip4","src_ip":"10.112.16.106","dst_ip":"194.136.28.76","src_port":52513,"dst_port":3544,"l4_proto":"udp","flow_datalink":1,"flow_max_packets":3}
00526{"packet_event_id":2,"packet_event_name":"packet-flow","thread_id":0,"packet_id":1,"source":"teredo.pcap","alias":"nDPId-test","flow_id":1,"flow_packet_id":1,"flow_last_seen":1438853615305,"flow_idle_time":200000,"pkt_oversize":false,"pkt_caplen":103,"pkt_type":2048,"pkt_l3_offset":14,"pkt_l4_offset":34,"pkt_len":103,"pkt_l4_len":69,"thread_ts_msec":1438853615305,"pkt":"bEFqjICJABsXAAEVCABFAABZWboAAH4R6SsKcBBqwogcTM0hDdgARX2HAAEAALEbP+pGqa\/pAGAAAAAACDr\/\/oAAAAAAAAAAAP\/\/\/\/\/\/\/v8CAAAAAAAAAAAAAAAAAAKFAH04AAAAAA=="}
00640{"flow_event_id":6,"flow_event_name":"detected","thread_id":0,"packet_id":1,"source":"teredo.pcap","alias":"nDPId-test","flow_id":1,"flow_state":"info","flow_packets_processed":1,"flow_first_seen":1438853615305,"flow_last_seen":1438853615305,"flow_idle_time":200000,"flow_min_l4_payload_len":61,"flow_max_l4_payload_len":61,"flow_tot_l4_payload_len":61,"flow_avg_l4_payload_len":61,"midstream":0,"thread_ts_msec":1438853615305,"l3_proto":"ip4","src_ip":"10.112.16.106","dst_ip":"194.136.28.76","src_port":52513,"dst_port":3544,"l4_proto":"udp","ndpi": {"confidence": {"4":"DPI"},"proto":"Teredo","breed":"Acceptable","category":"Network"}}
00602{"packet_event_id":2,"packet_event_name":"packet-flow","thread_id":0,"packet_id":2,"source":"teredo.pcap","alias":"nDPId-test","flow_id":1,"flow_packet_id":2,"flow_last_seen":1438853615358,"flow_idle_time":200000,"pkt_oversize":false,"pkt_caplen":151,"pkt_type":2048,"pkt_l3_offset":14,"pkt_l4_offset":34,"pkt_len":151,"pkt_l4_len":117,"thread_ts_msec":1438853615358,"pkt":"ABsXAAEVbEFqjICJCABFAACJMb4AAHIRHPjCiBxMCnAQag3YzSEAdV9uAAEAALEbP+pGqa\/pAAAAMt5G+T9GYAAAAAAwOv\/+gAAAAAAAAIAA8ic9d+Oz\/oAAAAAAAAAAAP\/\/\/\/\/\/\/oYAZJ0AAAAAAAA6mAAAB9ADBEBA\/\/\/\/\/\/\/\/\/\/8AAAAAIAEAAMKIHEz\/AAAAACABAA=="}
00578{"flow_event_id":1,"flow_event_name":"new","thread_id":0,"packet_id":3,"source":"teredo.pcap","alias":"nDPId-test","flow_id":2,"flow_state":"info","flow_packets_processed":1,"flow_first_seen":1438853619792,"flow_last_seen":1438853619792,"flow_idle_time":200000,"flow_min_l4_payload_len":61,"flow_max_l4_payload_len":61,"flow_tot_l4_payload_len":61,"flow_avg_l4_payload_len":61,"midstream":0,"thread_ts_msec":1438853619792,"l3_proto":"ip4","src_ip":"10.112.16.89","dst_ip":"194.136.28.76","src_port":60381,"dst_port":3544,"l4_proto":"udp","flow_datalink":1,"flow_max_packets":3}
00525{"packet_event_id":2,"packet_event_name":"packet-flow","thread_id":0,"packet_id":3,"source":"teredo.pcap","alias":"nDPId-test","flow_id":2,"flow_packet_id":1,"flow_last_seen":1438853619792,"flow_idle_time":200000,"pkt_oversize":false,"pkt_caplen":103,"pkt_type":2048,"pkt_l3_offset":14,"pkt_l4_offset":34,"pkt_len":103,"pkt_l4_len":69,"thread_ts_msec":1438853619792,"pkt":"bEFqjICJABsXAAEVCABFAABZKFgAAH4RGp8KcBBZwogcTOvdDdgARWZ6AAEAAJXRHBBSCtwOAGAAAAAACDr\/\/oAAAAAAAAAAAP\/\/\/\/\/\/\/v8CAAAAAAAAAAAAAAAAAAKFAH04AAAAAA=="}
00639{"flow_event_id":6,"flow_event_name":"detected","thread_id":0,"packet_id":3,"source":"teredo.pcap","alias":"nDPId-test","flow_id":2,"flow_state":"info","flow_packets_processed":1,"flow_first_seen":1438853619792,"flow_last_seen":1438853619792,"flow_idle_time":200000,"flow_min_l4_payload_len":61,"flow_max_l4_payload_len":61,"flow_tot_l4_payload_len":61,"flow_avg_l4_payload_len":61,"midstream":0,"thread_ts_msec":1438853619792,"l3_proto":"ip4","src_ip":"10.112.16.89","dst_ip":"194.136.28.76","src_port":60381,"dst_port":3544,"l4_proto":"udp","ndpi": {"confidence": {"4":"DPI"},"proto":"Teredo","breed":"Acceptable","category":"Network"}}
00601{"packet_event_id":2,"packet_event_name":"packet-flow","thread_id":0,"packet_id":4,"source":"teredo.pcap","alias":"nDPId-test","flow_id":2,"flow_packet_id":2,"flow_last_seen":1438853619844,"flow_idle_time":200000,"pkt_oversize":false,"pkt_caplen":151,"pkt_type":2048,"pkt_l3_offset":14,"pkt_l4_offset":34,"pkt_len":151,"pkt_l4_len":117,"thread_ts_msec":1438853619844,"pkt":"ABsXAAEVbEFqjICJCABFAACJMcAAAHIRHQfCiBxMCnAQWQ3Y690AdQSAAAEAAJXRHBBSCtwOAAAAFCJG+T9GYAAAAAAwOv\/+gAAAAAAAAIAA8ic9d+Oz\/oAAAAAAAAAAAP\/\/\/\/\/\/\/oYAZJ0AAAAAAAA6mAAAB9ADBEBA\/\/\/\/\/\/\/\/\/\/8AAAAAIAEAAMKIHEz\/AAAAACABAA=="}
00578{"flow_event_id":1,"flow_event_name":"new","thread_id":0,"packet_id":5,"source":"teredo.pcap","alias":"nDPId-test","flow_id":3,"flow_state":"info","flow_packets_processed":1,"flow_first_seen":1438853629357,"flow_last_seen":1438853629357,"flow_idle_time":200000,"flow_min_l4_payload_len":61,"flow_max_l4_payload_len":61,"flow_tot_l4_payload_len":61,"flow_avg_l4_payload_len":61,"midstream":0,"thread_ts_msec":1438853629357,"l3_proto":"ip4","src_ip":"10.112.16.92","dst_ip":"194.136.28.76","src_port":63448,"dst_port":3544,"l4_proto":"udp","flow_datalink":1,"flow_max_packets":3}
00525{"packet_event_id":2,"packet_event_name":"packet-flow","thread_id":0,"packet_id":5,"source":"teredo.pcap","alias":"nDPId-test","flow_id":3,"flow_packet_id":1,"flow_last_seen":1438853629357,"flow_idle_time":200000,"pkt_oversize":false,"pkt_caplen":103,"pkt_type":2048,"pkt_l3_offset":14,"pkt_l4_offset":34,"pkt_len":103,"pkt_l4_len":69,"thread_ts_msec":1438853629357,"pkt":"bEFqjICJABsXAAEVCABFAABZf5wAAH4Rw1cKcBBcwogcTPfYDdgAReM8AAEAAPs1qOhE924kAGAAAAAACDr\/\/oAAAAAAAAAAAP\/\/\/\/\/\/\/v8CAAAAAAAAAAAAAAAAAAKFAH04AAAAAA=="}
00639{"flow_event_id":6,"flow_event_name":"detected","thread_id":0,"packet_id":5,"source":"teredo.pcap","alias":"nDPId-test","flow_id":3,"flow_state":"info","flow_packets_processed":1,"flow_first_seen":1438853629357,"flow_last_seen":1438853629357,"flow_idle_time":200000,"flow_min_l4_payload_len":61,"flow_max_l4_payload_len":61,"flow_tot_l4_payload_len":61,"flow_avg_l4_payload_len":61,"midstream":0,"thread_ts_msec":1438853629357,"l3_proto":"ip4","src_ip":"10.112.16.92","dst_ip":"194.136.28.76","src_port":63448,"dst_port":3544,"l4_proto":"udp","ndpi": {"confidence": {"4":"DPI"},"proto":"Teredo","breed":"Acceptable","category":"Network"}}
00600{"packet_event_id":2,"packet_event_name":"packet-flow","thread_id":0,"packet_id":6,"source":"teredo.pcap","alias":"nDPId-test","flow_id":3,"flow_packet_id":2,"flow_last_seen":1438853629411,"flow_idle_time":200000,"pkt_oversize":false,"pkt_caplen":151,"pkt_type":2048,"pkt_l3_offset":14,"pkt_l4_offset":34,"pkt_len":151,"pkt_l4_len":117,"thread_ts_msec":1438853629411,"pkt":"ABsXAAEVbEFqjICJCABFAACJMcEAAHIRHQPCiBxMCnAQXA3Y99gAdXxOAAEAAPs1qOhE924kAAAACCdG+T9GYAAAAAAwOv\/+gAAAAAAAAIAA8ic9d+Oz\/oAAAAAAAAAAAP\/\/\/\/\/\/\/oYAZL4AAAAAAAA6mAAAB9ADBEBA\/\/\/\/\/\/\/\/\/\/8AAAAAIAEAAMKIHEwAAAAAAAAAAA=="}
00578{"flow_event_id":1,"flow_event_name":"new","thread_id":0,"packet_id":7,"source":"teredo.pcap","alias":"nDPId-test","flow_id":4,"flow_state":"info","flow_packets_processed":1,"flow_first_seen":1438853632713,"flow_last_seen":1438853632713,"flow_idle_time":200000,"flow_min_l4_payload_len":61,"flow_max_l4_payload_len":61,"flow_tot_l4_payload_len":61,"flow_avg_l4_payload_len":61,"midstream":0,"thread_ts_msec":1438853632713,"l3_proto":"ip4","src_ip":"10.112.16.64","dst_ip":"194.136.28.76","src_port":56154,"dst_port":3544,"l4_proto":"udp","flow_datalink":1,"flow_max_packets":3}
00526{"packet_event_id":2,"packet_event_name":"packet-flow","thread_id":0,"packet_id":7,"source":"teredo.pcap","alias":"nDPId-test","flow_id":4,"flow_packet_id":1,"flow_last_seen":1438853632713,"flow_idle_time":200000,"pkt_oversize":false,"pkt_caplen":103,"pkt_type":2048,"pkt_l3_offset":14,"pkt_l4_offset":34,"pkt_len":103,"pkt_l4_len":69,"thread_ts_msec":1438853632713,"pkt":"bEFqjICJABsXAAEVCABFAABZcmgAAH4R0KcKcBBAwogcTNtaDdgARUt\/AAEAABh7537NjT4KAGAAAAAACDr\/\/oAAAAAAAAAAAP\/\/\/\/\/\/\/v8CAAAAAAAAAAAAAAAAAAKFAH04AAAAAA=="}
00639{"flow_event_id":6,"flow_event_name":"detected","thread_id":0,"packet_id":7,"source":"teredo.pcap","alias":"nDPId-test","flow_id":4,"flow_state":"info","flow_packets_processed":1,"flow_first_seen":1438853632713,"flow_last_seen":1438853632713,"flow_idle_time":200000,"flow_min_l4_payload_len":61,"flow_max_l4_payload_len":61,"flow_tot_l4_payload_len":61,"flow_avg_l4_payload_len":61,"midstream":0,"thread_ts_msec":1438853632713,"l3_proto":"ip4","src_ip":"10.112.16.64","dst_ip":"194.136.28.76","src_port":56154,"dst_port":3544,"l4_proto":"udp","ndpi": {"confidence": {"4":"DPI"},"proto":"Teredo","breed":"Acceptable","category":"Network"}}
00600{"packet_event_id":2,"packet_event_name":"packet-flow","thread_id":0,"packet_id":8,"source":"teredo.pcap","alias":"nDPId-test","flow_id":4,"flow_packet_id":2,"flow_last_seen":1438853632766,"flow_idle_time":200000,"pkt_oversize":false,"pkt_caplen":151,"pkt_type":2048,"pkt_l3_offset":14,"pkt_l4_offset":34,"pkt_len":151,"pkt_l4_len":117,"thread_ts_msec":1438853632766,"pkt":"ABsXAAEVbEFqjICJCABFAACJMcIAAHIRHR7CiBxMCnAQQA3Y21oAdWZ0AAEAABh7537NjT4KAAAAJKVG+T9GYAAAAAAwOv\/+gAAAAAAAAIAA8ic9d+Oz\/oAAAAAAAAAAAP\/\/\/\/\/\/\/oYARiEAAAAAAAA6mAAAB9ADBEBA\/\/\/\/\/\/\/\/\/\/8AAAAAIAEAAMKIHEy6FgeABnFWlQ=="}
00578{"flow_event_id":1,"flow_event_name":"new","thread_id":0,"packet_id":9,"source":"teredo.pcap","alias":"nDPId-test","flow_id":5,"flow_state":"info","flow_packets_processed":1,"flow_first_seen":1438853633749,"flow_last_seen":1438853633749,"flow_idle_time":200000,"flow_min_l4_payload_len":52,"flow_max_l4_payload_len":52,"flow_tot_l4_payload_len":52,"flow_avg_l4_payload_len":52,"midstream":0,"thread_ts_msec":1438853633749,"l3_proto":"ip4","src_ip":"10.112.16.67","dst_ip":"194.136.28.76","src_port":51812,"dst_port":3544,"l4_proto":"udp","flow_datalink":1,"flow_max_packets":3}
00502{"packet_event_id":2,"packet_event_name":"packet-flow","thread_id":0,"packet_id":9,"source":"teredo.pcap","alias":"nDPId-test","flow_id":5,"flow_packet_id":1,"flow_last_seen":1438853633749,"flow_idle_time":200000,"pkt_oversize":false,"pkt_caplen":94,"pkt_type":2048,"pkt_l3_offset":14,"pkt_l4_offset":34,"pkt_len":94,"pkt_l4_len":60,"thread_ts_msec":1438853633749,"pkt":"bEFqjICJABsXAAEVCABFAABQa1QAAH4R18EKcBBDwogcTMpkDdgAPJPWYAAAAAAMOhUgAQAAwogcTCDzNZtG+T9GIALCiBxMAAAAAAAAwogcTYAA6wgo8LJvAAAAAA=="}
00639{"flow_event_id":6,"flow_event_name":"detected","thread_id":0,"packet_id":9,"source":"teredo.pcap","alias":"nDPId-test","flow_id":5,"flow_state":"info","flow_packets_processed":1,"flow_first_seen":1438853633749,"flow_last_seen":1438853633749,"flow_idle_time":200000,"flow_min_l4_payload_len":52,"flow_max_l4_payload_len":52,"flow_tot_l4_payload_len":52,"flow_avg_l4_payload_len":52,"midstream":0,"thread_ts_msec":1438853633749,"l3_proto":"ip4","src_ip":"10.112.16.67","dst_ip":"194.136.28.76","src_port":51812,"dst_port":3544,"l4_proto":"udp","ndpi": {"confidence": {"4":"DPI"},"proto":"Teredo","breed":"Acceptable","category":"Network"}}
00503{"packet_event_id":2,"packet_event_name":"packet-flow","thread_id":0,"packet_id":10,"source":"teredo.pcap","alias":"nDPId-test","flow_id":5,"flow_packet_id":2,"flow_last_seen":1438853633749,"flow_idle_time":200000,"pkt_oversize":false,"pkt_caplen":95,"pkt_type":2048,"pkt_l3_offset":14,"pkt_l4_offset":34,"pkt_len":95,"pkt_l4_len":61,"thread_ts_msec":1438853633749,"pkt":"bEFqjICJABsXAAEVCABFAABRa1UAAH4R178KcBBDwogcTMpkDdgAPZLqYAAAAAANOv8gAQAAwogcTCDzNZtG+T9GIALCiBxMAAAAAAAAwogcTIAAbVcAAQaF2tytrco="}
00504{"packet_event_id":2,"packet_event_name":"packet-flow","thread_id":0,"packet_id":11,"source":"teredo.pcap","alias":"nDPId-test","flow_id":5,"flow_packet_id":3,"flow_last_seen":1438853633803,"flow_idle_time":200000,"pkt_oversize":false,"pkt_caplen":95,"pkt_type":2048,"pkt_l3_offset":14,"pkt_l4_offset":34,"pkt_len":95,"pkt_l4_len":61,"thread_ts_msec":1438853633803,"pkt":"ABsXAAEVbEFqjICJCABFAABRMcMAAHIRHVLCiBxMCnAQQw3YymQAPZNqYAAAAAANOn8gAsKIHEwAAAAAAADCiBxMIAEAAMKIHEwg8zWbRvk\/RoEAbFcAAQaF2tytrco="}
00527{"packet_event_id":2,"packet_event_name":"packet-flow","thread_id":0,"packet_id":23,"source":"teredo.pcap","alias":"nDPId-test","flow_id":1,"flow_packet_id":3,"flow_last_seen":1438853653349,"flow_idle_time":200000,"pkt_oversize":false,"pkt_caplen":103,"pkt_type":2048,"pkt_l3_offset":14,"pkt_l4_offset":34,"pkt_len":103,"pkt_l4_len":69,"thread_ts_msec":1438853653349,"pkt":"bEFqjICJABsXAAEVCABFAABZW7oAAH4R5ysKcBBqwogcTM0hDdgARX2HAAEAALEbP+pGqa\/pAGAAAAAACDr\/\/oAAAAAAAAAAAP\/\/\/\/\/\/\/v8CAAAAAAAAAAAAAAAAAAKFAH04AAAAAA=="}
00681{"flow_event_id":3,"flow_event_name":"idle","thread_id":0,"packet_id":24,"source":"teredo.pcap","alias":"nDPId-test","flow_id":5,"flow_state":"finished","flow_packets_processed":14,"flow_first_seen":1438853633749,"flow_last_seen":1438853651224,"flow_idle_time":200000,"flow_min_l4_payload_len":40,"flow_max_l4_payload_len":53,"flow_tot_l4_payload_len":716,"flow_avg_l4_payload_len":51,"midstream":0,"thread_ts_msec":1438853653403,"l3_proto":"ip4","src_ip":"10.112.16.67","dst_ip":"194.136.28.76","src_port":51812,"dst_port":3544,"l4_proto":"udp","flow_datalink":1,"flow_max_packets":3,"ndpi": {"confidence": {"4":"DPI"},"proto":"Teredo","breed":"Acceptable","category":"Network"}}
00681{"flow_event_id":3,"flow_event_name":"idle","thread_id":0,"packet_id":24,"source":"teredo.pcap","alias":"nDPId-test","flow_id":4,"flow_state":"finished","flow_packets_processed":2,"flow_first_seen":1438853632713,"flow_last_seen":1438853632766,"flow_idle_time":200000,"flow_min_l4_payload_len":61,"flow_max_l4_payload_len":109,"flow_tot_l4_payload_len":170,"flow_avg_l4_payload_len":85,"midstream":0,"thread_ts_msec":1438853653403,"l3_proto":"ip4","src_ip":"10.112.16.64","dst_ip":"194.136.28.76","src_port":56154,"dst_port":3544,"l4_proto":"udp","flow_datalink":1,"flow_max_packets":3,"ndpi": {"confidence": {"4":"DPI"},"proto":"Teredo","breed":"Acceptable","category":"Network"}}
00681{"flow_event_id":3,"flow_event_name":"idle","thread_id":0,"packet_id":24,"source":"teredo.pcap","alias":"nDPId-test","flow_id":2,"flow_state":"finished","flow_packets_processed":2,"flow_first_seen":1438853619792,"flow_last_seen":1438853619844,"flow_idle_time":200000,"flow_min_l4_payload_len":61,"flow_max_l4_payload_len":109,"flow_tot_l4_payload_len":170,"flow_avg_l4_payload_len":85,"midstream":0,"thread_ts_msec":1438853653403,"l3_proto":"ip4","src_ip":"10.112.16.89","dst_ip":"194.136.28.76","src_port":60381,"dst_port":3544,"l4_proto":"udp","flow_datalink":1,"flow_max_packets":3,"ndpi": {"confidence": {"4":"DPI"},"proto":"Teredo","breed":"Acceptable","category":"Network"}}
00682{"flow_event_id":3,"flow_event_name":"idle","thread_id":0,"packet_id":24,"source":"teredo.pcap","alias":"nDPId-test","flow_id":1,"flow_state":"finished","flow_packets_processed":4,"flow_first_seen":1438853615305,"flow_last_seen":1438853653403,"flow_idle_time":200000,"flow_min_l4_payload_len":61,"flow_max_l4_payload_len":109,"flow_tot_l4_payload_len":340,"flow_avg_l4_payload_len":85,"midstream":0,"thread_ts_msec":1438853653403,"l3_proto":"ip4","src_ip":"10.112.16.106","dst_ip":"194.136.28.76","src_port":52513,"dst_port":3544,"l4_proto":"udp","flow_datalink":1,"flow_max_packets":3,"ndpi": {"confidence": {"4":"DPI"},"proto":"Teredo","breed":"Acceptable","category":"Network"}}
00681{"flow_event_id":3,"flow_event_name":"idle","thread_id":0,"packet_id":24,"source":"teredo.pcap","alias":"nDPId-test","flow_id":3,"flow_state":"finished","flow_packets_processed":2,"flow_first_seen":1438853629357,"flow_last_seen":1438853629411,"flow_idle_time":200000,"flow_min_l4_payload_len":61,"flow_max_l4_payload_len":109,"flow_tot_l4_payload_len":170,"flow_avg_l4_payload_len":85,"midstream":0,"thread_ts_msec":1438853653403,"l3_proto":"ip4","src_ip":"10.112.16.92","dst_ip":"194.136.28.76","src_port":63448,"dst_port":3544,"l4_proto":"udp","flow_datalink":1,"flow_max_packets":3,"ndpi": {"confidence": {"4":"DPI"},"proto":"Teredo","breed":"Acceptable","category":"Network"}}
00552{"daemon_event_id":3,"daemon_event_name":"shutdown","thread_id":0,"packet_id":24,"source":"teredo.pcap","alias":"nDPId-test","packets-captured":24,"packets-processed":24,"total-skipped-flows":0,"total-l4-data-len":1566,"total-not-detected-flows":0,"total-guessed-flows":0,"total-detected-flows":5,"total-detection-updates":0,"total-updates":0,"current-active-flows":0,"total-active-flows":5,"total-idle-flows":5,"total-compressions":0,"total-compression-diff":0,"current-compression-diff":0,"total-events-serialized":30,"global_ts_msec":1438853653403}
~~~~~~~~~~~~~~~~~~~~ SUMMARY ~~~~~~~~~~~~~~~~~~~~
~~ packets captured/processed: 24/24
~~ skipped flows.............: 0
~~ total layer4 data length..: 1566 bytes
~~ total detected protocols..: 5
~~ total active/idle flows...: 5/5
~~ total timeout flows.......: 0
~~~~~~~~~~~~~~~~~~~~~~~~~~~~~~~~~~~~~~~~~~~~~~~~~
~~ total memory allocated....: 5870773 bytes
~~ total memory freed........: 5870773 bytes
~~ total allocations/frees...: 118121/118121
~~~~~~~~~~~~~~~~~~~~~~~~~~~~~~~~~~~~~~~~~~~~~~~~~
~~ json string min len.......: 462 chars
~~ json string max len.......: 687 chars
~~ json string avg len.......: 573 chars
