00458{"daemon_event_id":1,"daemon_event_name":"init","thread_id":0,"packet_id":0,"source":"ubntac2.pcap","alias":"nDPId-test","max-flows-per-thread":2048,"max-idle-flows-per-thread":64,"tick-resolution":1000,"reader-thread-count":1,"flow-scan-interval":10000,"generic-max-idle-time":600000,"icmp-max-idle-time":120000,"udp-max-idle-time":180000,"tcp-max-idle-time":7560000,"max-packets-per-flow-to-send":3,"max-packets-per-flow-to-process":32,"global_ts_msec":0}
00544{"daemon_event_id":4,"daemon_event_name":"status","thread_id":0,"packet_id":1,"source":"ubntac2.pcap","alias":"nDPId-test","packets-captured":1,"packets-processed":0,"total-skipped-flows":0,"total-l4-data-len":0,"total-not-detected-flows":0,"total-guessed-flows":0,"total-detected-flows":0,"total-detection-updates":0,"total-updates":0,"current-active-flows":0,"total-active-flows":0,"total-idle-flows":0,"total-compressions":0,"total-compression-diff":0,"current-compression-diff":0,"total-events-serialized":2,"global_ts_msec":1486943433175}
00585{"flow_event_id":1,"flow_event_name":"new","thread_id":0,"packet_id":1,"source":"ubntac2.pcap","alias":"nDPId-test","flow_id":1,"flow_state":"info","flow_packets_processed":1,"flow_first_seen":1486943433175,"flow_last_seen":1486943433175,"flow_idle_time":180000,"flow_min_l4_payload_len":175,"flow_max_l4_payload_len":175,"flow_tot_l4_payload_len":175,"flow_avg_l4_payload_len":175,"midstream":0,"thread_ts_msec":1486943433175,"l3_proto":"ip4","src_ip":"192.168.1.1","dst_ip":"255.255.255.255","src_port":34085,"dst_port":10001,"l4_proto":"udp","flow_datalink":1,"flow_max_packets":3}
00683{"packet_event_id":2,"packet_event_name":"packet-flow","thread_id":0,"packet_id":1,"source":"ubntac2.pcap","alias":"nDPId-test","flow_id":1,"flow_packet_id":1,"flow_last_seen":1486943433175,"flow_idle_time":180000,"pkt_oversize":false,"pkt_caplen":217,"pkt_type":2048,"pkt_l3_offset":14,"pkt_l4_offset":34,"pkt_len":217,"pkt_l4_len":183,"thread_ts_msec":1486943433175,"pkt":"\/\/\/\/\/\/\/\/gCqojWksCABFAADLv4FAAEARuPfAqAEB\/\/\/\/\/4UlJxEAtx2vAgYAqwIACoAqqI1pK8CoAhUCAAqAKqiNaSzAqAEBAQAGgCqojWkrCgAEAADeYAsABHVibnQMAARVR1czAwA4VW5pRmlTZWN1cml0eUdhdGV3YXkuRVItZTEyMC52NC4zLjMzLjQ5MzYwODYuMTYxMjAzLjIwMzEWAA40LjMuMzMuNDkzNjA4NhUABFVHVzMXAAEAGAABABMABoAqqI1pKxIABAAAFc8bAAU0LjAuMA=="}
00698{"flow_event_id":6,"flow_event_name":"detected","thread_id":0,"packet_id":1,"source":"ubntac2.pcap","alias":"nDPId-test","flow_id":1,"flow_state":"info","flow_packets_processed":1,"flow_first_seen":1486943433175,"flow_last_seen":1486943433175,"flow_idle_time":180000,"flow_min_l4_payload_len":175,"flow_max_l4_payload_len":175,"flow_tot_l4_payload_len":175,"flow_avg_l4_payload_len":175,"midstream":0,"thread_ts_msec":1486943433175,"l3_proto":"ip4","src_ip":"192.168.1.1","dst_ip":"255.255.255.255","src_port":34085,"dst_port":10001,"l4_proto":"udp","ndpi": {"confidence": {"4":"DPI"},"proto":"UBNTAC2","breed":"Safe","category":"Network"},"ubntac2": {"version":"UniFiSecurityGateway.ER-e120.v4"}}
00585{"flow_event_id":1,"flow_event_name":"new","thread_id":0,"packet_id":2,"source":"ubntac2.pcap","alias":"nDPId-test","flow_id":2,"flow_state":"info","flow_packets_processed":1,"flow_first_seen":1486943443357,"flow_last_seen":1486943443357,"flow_idle_time":180000,"flow_min_l4_payload_len":175,"flow_max_l4_payload_len":175,"flow_tot_l4_payload_len":175,"flow_avg_l4_payload_len":175,"midstream":0,"thread_ts_msec":1486943443357,"l3_proto":"ip4","src_ip":"192.168.1.1","dst_ip":"255.255.255.255","src_port":44641,"dst_port":10001,"l4_proto":"udp","flow_datalink":1,"flow_max_packets":3}
00684{"packet_event_id":2,"packet_event_name":"packet-flow","thread_id":0,"packet_id":2,"source":"ubntac2.pcap","alias":"nDPId-test","flow_id":2,"flow_packet_id":1,"flow_last_seen":1486943443357,"flow_idle_time":180000,"pkt_oversize":false,"pkt_caplen":217,"pkt_type":2048,"pkt_l3_offset":14,"pkt_l4_offset":34,"pkt_len":217,"pkt_l4_len":183,"thread_ts_msec":1486943443357,"pkt":"\/\/\/\/\/\/\/\/gCqojWksCABFAADLv4JAAEARuPbAqAEB\/\/\/\/\/65hJxEAt\/NoAgYAqwIACoAqqI1pK8CoAhUCAAqAKqiNaSzAqAEBAQAGgCqojWkrCgAEAADeagsABHVibnQMAARVR1czAwA4VW5pRmlTZWN1cml0eUdhdGV3YXkuRVItZTEyMC52NC4zLjMzLjQ5MzYwODYuMTYxMjAzLjIwMzEWAA40LjMuMzMuNDkzNjA4NhUABFVHVzMXAAEAGAABABMABoAqqI1pKxIABAAAFdAbAAU0LjAuMA=="}
00698{"flow_event_id":6,"flow_event_name":"detected","thread_id":0,"packet_id":2,"source":"ubntac2.pcap","alias":"nDPId-test","flow_id":2,"flow_state":"info","flow_packets_processed":1,"flow_first_seen":1486943443357,"flow_last_seen":1486943443357,"flow_idle_time":180000,"flow_min_l4_payload_len":175,"flow_max_l4_payload_len":175,"flow_tot_l4_payload_len":175,"flow_avg_l4_payload_len":175,"midstream":0,"thread_ts_msec":1486943443357,"l3_proto":"ip4","src_ip":"192.168.1.1","dst_ip":"255.255.255.255","src_port":44641,"dst_port":10001,"l4_proto":"udp","ndpi": {"confidence": {"4":"DPI"},"proto":"UBNTAC2","breed":"Safe","category":"Network"},"ubntac2": {"version":"UniFiSecurityGateway.ER-e120.v4"}}
00585{"flow_event_id":1,"flow_event_name":"new","thread_id":0,"packet_id":3,"source":"ubntac2.pcap","alias":"nDPId-test","flow_id":3,"flow_state":"info","flow_packets_processed":1,"flow_first_seen":1486943453510,"flow_last_seen":1486943453510,"flow_idle_time":180000,"flow_min_l4_payload_len":175,"flow_max_l4_payload_len":175,"flow_tot_l4_payload_len":175,"flow_avg_l4_payload_len":175,"midstream":0,"thread_ts_msec":1486943453510,"l3_proto":"ip4","src_ip":"192.168.1.1","dst_ip":"255.255.255.255","src_port":55321,"dst_port":10001,"l4_proto":"udp","flow_datalink":1,"flow_max_packets":3}
00683{"packet_event_id":2,"packet_event_name":"packet-flow","thread_id":0,"packet_id":3,"source":"ubntac2.pcap","alias":"nDPId-test","flow_id":3,"flow_packet_id":1,"flow_last_seen":1486943453510,"flow_idle_time":180000,"pkt_oversize":false,"pkt_caplen":217,"pkt_type":2048,"pkt_l3_offset":14,"pkt_l4_offset":34,"pkt_len":217,"pkt_l4_len":183,"thread_ts_msec":1486943453510,"pkt":"\/\/\/\/\/\/\/\/gCqojWksCABFAADLv4NAAEARuPXAqAEB\/\/\/\/\/9gZJxEAt8imAgYAqwIACoAqqI1pK8CoAhUCAAqAKqiNaSzAqAEBAQAGgCqojWkrCgAEAADedAsABHVibnQMAARVR1czAwA4VW5pRmlTZWN1cml0eUdhdGV3YXkuRVItZTEyMC52NC4zLjMzLjQ5MzYwODYuMTYxMjAzLjIwMzEWAA40LjMuMzMuNDkzNjA4NhUABFVHVzMXAAEAGAABABMABoAqqI1pKxIABAAAFdEbAAU0LjAuMA=="}
00698{"flow_event_id":6,"flow_event_name":"detected","thread_id":0,"packet_id":3,"source":"ubntac2.pcap","alias":"nDPId-test","flow_id":3,"flow_state":"info","flow_packets_processed":1,"flow_first_seen":1486943453510,"flow_last_seen":1486943453510,"flow_idle_time":180000,"flow_min_l4_payload_len":175,"flow_max_l4_payload_len":175,"flow_tot_l4_payload_len":175,"flow_avg_l4_payload_len":175,"midstream":0,"thread_ts_msec":1486943453510,"l3_proto":"ip4","src_ip":"192.168.1.1","dst_ip":"255.255.255.255","src_port":55321,"dst_port":10001,"l4_proto":"udp","ndpi": {"confidence": {"4":"DPI"},"proto":"UBNTAC2","breed":"Safe","category":"Network"},"ubntac2": {"version":"UniFiSecurityGateway.ER-e120.v4"}}
00585{"flow_event_id":1,"flow_event_name":"new","thread_id":0,"packet_id":4,"source":"ubntac2.pcap","alias":"nDPId-test","flow_id":4,"flow_state":"info","flow_packets_processed":1,"flow_first_seen":1486943463665,"flow_last_seen":1486943463665,"flow_idle_time":180000,"flow_min_l4_payload_len":175,"flow_max_l4_payload_len":175,"flow_tot_l4_payload_len":175,"flow_avg_l4_payload_len":175,"midstream":0,"thread_ts_msec":1486943463665,"l3_proto":"ip4","src_ip":"192.168.1.1","dst_ip":"255.255.255.255","src_port":47871,"dst_port":10001,"l4_proto":"udp","flow_datalink":1,"flow_max_packets":3}
00684{"packet_event_id":2,"packet_event_name":"packet-flow","thread_id":0,"packet_id":4,"source":"ubntac2.pcap","alias":"nDPId-test","flow_id":4,"flow_packet_id":1,"flow_last_seen":1486943463665,"flow_idle_time":180000,"pkt_oversize":false,"pkt_caplen":217,"pkt_type":2048,"pkt_l3_offset":14,"pkt_l4_offset":34,"pkt_len":217,"pkt_l4_len":183,"thread_ts_msec":1486943463665,"pkt":"\/\/\/\/\/\/\/\/gCqojWksCABFAADLv4RAAEARuPTAqAEB\/\/\/\/\/7r\/JxEAt+S2AgYAqwIACoAqqI1pK8CoAhUCAAqAKqiNaSzAqAEBAQAGgCqojWkrCgAEAADefgsABHVibnQMAARVR1czAwA4VW5pRmlTZWN1cml0eUdhdGV3YXkuRVItZTEyMC52NC4zLjMzLjQ5MzYwODYuMTYxMjAzLjIwMzEWAA40LjMuMzMuNDkzNjA4NhUABFVHVzMXAAEAGAABABMABoAqqI1pKxIABAAAFdIbAAU0LjAuMA=="}
00698{"flow_event_id":6,"flow_event_name":"detected","thread_id":0,"packet_id":4,"source":"ubntac2.pcap","alias":"nDPId-test","flow_id":4,"flow_state":"info","flow_packets_processed":1,"flow_first_seen":1486943463665,"flow_last_seen":1486943463665,"flow_idle_time":180000,"flow_min_l4_payload_len":175,"flow_max_l4_payload_len":175,"flow_tot_l4_payload_len":175,"flow_avg_l4_payload_len":175,"midstream":0,"thread_ts_msec":1486943463665,"l3_proto":"ip4","src_ip":"192.168.1.1","dst_ip":"255.255.255.255","src_port":47871,"dst_port":10001,"l4_proto":"udp","ndpi": {"confidence": {"4":"DPI"},"proto":"UBNTAC2","breed":"Safe","category":"Network"},"ubntac2": {"version":"UniFiSecurityGateway.ER-e120.v4"}}
00585{"flow_event_id":1,"flow_event_name":"new","thread_id":0,"packet_id":5,"source":"ubntac2.pcap","alias":"nDPId-test","flow_id":5,"flow_state":"info","flow_packets_processed":1,"flow_first_seen":1486943473817,"flow_last_seen":1486943473817,"flow_idle_time":180000,"flow_min_l4_payload_len":175,"flow_max_l4_payload_len":175,"flow_tot_l4_payload_len":175,"flow_avg_l4_payload_len":175,"midstream":0,"thread_ts_msec":1486943473817,"l3_proto":"ip4","src_ip":"192.168.1.1","dst_ip":"255.255.255.255","src_port":59772,"dst_port":10001,"l4_proto":"udp","flow_datalink":1,"flow_max_packets":3}
00683{"packet_event_id":2,"packet_event_name":"packet-flow","thread_id":0,"packet_id":5,"source":"ubntac2.pcap","alias":"nDPId-test","flow_id":5,"flow_packet_id":1,"flow_last_seen":1486943473817,"flow_idle_time":180000,"pkt_oversize":false,"pkt_caplen":217,"pkt_type":2048,"pkt_l3_offset":14,"pkt_l4_offset":34,"pkt_len":217,"pkt_l4_len":183,"thread_ts_msec":1486943473817,"pkt":"\/\/\/\/\/\/\/\/gCqojWksCABFAADLv4VAAEARuPPAqAEB\/\/\/\/\/+l8JxEAt7UuAgYAqwIACoAqqI1pK8CoAhUCAAqAKqiNaSzAqAEBAQAGgCqojWkrCgAEAADeiQsABHVibnQMAARVR1czAwA4VW5pRmlTZWN1cml0eUdhdGV3YXkuRVItZTEyMC52NC4zLjMzLjQ5MzYwODYuMTYxMjAzLjIwMzEWAA40LjMuMzMuNDkzNjA4NhUABFVHVzMXAAEAGAABABMABoAqqI1pKxIABAAAFdMbAAU0LjAuMA=="}
00698{"flow_event_id":6,"flow_event_name":"detected","thread_id":0,"packet_id":5,"source":"ubntac2.pcap","alias":"nDPId-test","flow_id":5,"flow_state":"info","flow_packets_processed":1,"flow_first_seen":1486943473817,"flow_last_seen":1486943473817,"flow_idle_time":180000,"flow_min_l4_payload_len":175,"flow_max_l4_payload_len":175,"flow_tot_l4_payload_len":175,"flow_avg_l4_payload_len":175,"midstream":0,"thread_ts_msec":1486943473817,"l3_proto":"ip4","src_ip":"192.168.1.1","dst_ip":"255.255.255.255","src_port":59772,"dst_port":10001,"l4_proto":"udp","ndpi": {"confidence": {"4":"DPI"},"proto":"UBNTAC2","breed":"Safe","category":"Network"},"ubntac2": {"version":"UniFiSecurityGateway.ER-e120.v4"}}
00585{"flow_event_id":1,"flow_event_name":"new","thread_id":0,"packet_id":6,"source":"ubntac2.pcap","alias":"nDPId-test","flow_id":6,"flow_state":"info","flow_packets_processed":1,"flow_first_seen":1486943483995,"flow_last_seen":1486943483995,"flow_idle_time":180000,"flow_min_l4_payload_len":175,"flow_max_l4_payload_len":175,"flow_tot_l4_payload_len":175,"flow_avg_l4_payload_len":175,"midstream":0,"thread_ts_msec":1486943483995,"l3_proto":"ip4","src_ip":"192.168.1.1","dst_ip":"255.255.255.255","src_port":52220,"dst_port":10001,"l4_proto":"udp","flow_datalink":1,"flow_max_packets":3}
00683{"packet_event_id":2,"packet_event_name":"packet-flow","thread_id":0,"packet_id":6,"source":"ubntac2.pcap","alias":"nDPId-test","flow_id":6,"flow_packet_id":1,"flow_last_seen":1486943483995,"flow_idle_time":180000,"pkt_oversize":false,"pkt_caplen":217,"pkt_type":2048,"pkt_l3_offset":14,"pkt_l4_offset":34,"pkt_len":217,"pkt_l4_len":183,"thread_ts_msec":1486943483995,"pkt":"\/\/\/\/\/\/\/\/gCqojWksCABFAADLv4ZAAEARuPLAqAEB\/\/\/\/\/8v8JxEAt9GkAgYAqwIACoAqqI1pK8CoAhUCAAqAKqiNaSzAqAEBAQAGgCqojWkrCgAEAADekwsABHVibnQMAARVR1czAwA4VW5pRmlTZWN1cml0eUdhdGV3YXkuRVItZTEyMC52NC4zLjMzLjQ5MzYwODYuMTYxMjAzLjIwMzEWAA40LjMuMzMuNDkzNjA4NhUABFVHVzMXAAEAGAABABMABoAqqI1pKxIABAAAFdQbAAU0LjAuMA=="}
00698{"flow_event_id":6,"flow_event_name":"detected","thread_id":0,"packet_id":6,"source":"ubntac2.pcap","alias":"nDPId-test","flow_id":6,"flow_state":"info","flow_packets_processed":1,"flow_first_seen":1486943483995,"flow_last_seen":1486943483995,"flow_idle_time":180000,"flow_min_l4_payload_len":175,"flow_max_l4_payload_len":175,"flow_tot_l4_payload_len":175,"flow_avg_l4_payload_len":175,"midstream":0,"thread_ts_msec":1486943483995,"l3_proto":"ip4","src_ip":"192.168.1.1","dst_ip":"255.255.255.255","src_port":52220,"dst_port":10001,"l4_proto":"udp","ndpi": {"confidence": {"4":"DPI"},"proto":"UBNTAC2","breed":"Safe","category":"Network"},"ubntac2": {"version":"UniFiSecurityGateway.ER-e120.v4"}}
00585{"flow_event_id":1,"flow_event_name":"new","thread_id":0,"packet_id":7,"source":"ubntac2.pcap","alias":"nDPId-test","flow_id":7,"flow_state":"info","flow_packets_processed":1,"flow_first_seen":1486943494148,"flow_last_seen":1486943494148,"flow_idle_time":180000,"flow_min_l4_payload_len":175,"flow_max_l4_payload_len":175,"flow_tot_l4_payload_len":175,"flow_avg_l4_payload_len":175,"midstream":0,"thread_ts_msec":1486943494148,"l3_proto":"ip4","src_ip":"192.168.1.1","dst_ip":"255.255.255.255","src_port":47746,"dst_port":10001,"l4_proto":"udp","flow_datalink":1,"flow_max_packets":3}
00683{"packet_event_id":2,"packet_event_name":"packet-flow","thread_id":0,"packet_id":7,"source":"ubntac2.pcap","alias":"nDPId-test","flow_id":7,"flow_packet_id":1,"flow_last_seen":1486943494148,"flow_idle_time":180000,"pkt_oversize":false,"pkt_caplen":217,"pkt_type":2048,"pkt_l3_offset":14,"pkt_l4_offset":34,"pkt_len":217,"pkt_l4_len":183,"thread_ts_msec":1486943494148,"pkt":"\/\/\/\/\/\/\/\/gCqojWksCABFAADLv4dAAEARuPHAqAEB\/\/\/\/\/7qCJxEAt+IUAgYAqwIACoAqqI1pK8CoAhUCAAqAKqiNaSzAqAEBAQAGgCqojWkrCgAEAADenQsABHVibnQMAARVR1czAwA4VW5pRmlTZWN1cml0eUdhdGV3YXkuRVItZTEyMC52NC4zLjMzLjQ5MzYwODYuMTYxMjAzLjIwMzEWAA40LjMuMzMuNDkzNjA4NhUABFVHVzMXAAEAGAABABMABoAqqI1pKxIABAAAFdUbAAU0LjAuMA=="}
00698{"flow_event_id":6,"flow_event_name":"detected","thread_id":0,"packet_id":7,"source":"ubntac2.pcap","alias":"nDPId-test","flow_id":7,"flow_state":"info","flow_packets_processed":1,"flow_first_seen":1486943494148,"flow_last_seen":1486943494148,"flow_idle_time":180000,"flow_min_l4_payload_len":175,"flow_max_l4_payload_len":175,"flow_tot_l4_payload_len":175,"flow_avg_l4_payload_len":175,"midstream":0,"thread_ts_msec":1486943494148,"l3_proto":"ip4","src_ip":"192.168.1.1","dst_ip":"255.255.255.255","src_port":47746,"dst_port":10001,"l4_proto":"udp","ndpi": {"confidence": {"4":"DPI"},"proto":"UBNTAC2","breed":"Safe","category":"Network"},"ubntac2": {"version":"UniFiSecurityGateway.ER-e120.v4"}}
00585{"flow_event_id":1,"flow_event_name":"new","thread_id":0,"packet_id":8,"source":"ubntac2.pcap","alias":"nDPId-test","flow_id":8,"flow_state":"info","flow_packets_processed":1,"flow_first_seen":1486943504301,"flow_last_seen":1486943504301,"flow_idle_time":180000,"flow_min_l4_payload_len":175,"flow_max_l4_payload_len":175,"flow_tot_l4_payload_len":175,"flow_avg_l4_payload_len":175,"midstream":0,"thread_ts_msec":1486943504301,"l3_proto":"ip4","src_ip":"192.168.1.1","dst_ip":"255.255.255.255","src_port":42838,"dst_port":10001,"l4_proto":"udp","flow_datalink":1,"flow_max_packets":3}
00684{"packet_event_id":2,"packet_event_name":"packet-flow","thread_id":0,"packet_id":8,"source":"ubntac2.pcap","alias":"nDPId-test","flow_id":8,"flow_packet_id":1,"flow_last_seen":1486943504301,"flow_idle_time":180000,"pkt_oversize":false,"pkt_caplen":217,"pkt_type":2048,"pkt_l3_offset":14,"pkt_l4_offset":34,"pkt_len":217,"pkt_l4_len":183,"thread_ts_msec":1486943504301,"pkt":"\/\/\/\/\/\/\/\/gCqojWksCABFAADLv4hAAEARuPDAqAEB\/\/\/\/\/6dWJxEAt\/Q2AgYAqwIACoAqqI1pK8CoAhUCAAqAKqiNaSzAqAEBAQAGgCqojWkrCgAEAADepwsABHVibnQMAARVR1czAwA4VW5pRmlTZWN1cml0eUdhdGV3YXkuRVItZTEyMC52NC4zLjMzLjQ5MzYwODYuMTYxMjAzLjIwMzEWAA40LjMuMzMuNDkzNjA4NhUABFVHVzMXAAEAGAABABMABoAqqI1pKxIABAAAFdYbAAU0LjAuMA=="}
00698{"flow_event_id":6,"flow_event_name":"detected","thread_id":0,"packet_id":8,"source":"ubntac2.pcap","alias":"nDPId-test","flow_id":8,"flow_state":"info","flow_packets_processed":1,"flow_first_seen":1486943504301,"flow_last_seen":1486943504301,"flow_idle_time":180000,"flow_min_l4_payload_len":175,"flow_max_l4_payload_len":175,"flow_tot_l4_payload_len":175,"flow_avg_l4_payload_len":175,"midstream":0,"thread_ts_msec":1486943504301,"l3_proto":"ip4","src_ip":"192.168.1.1","dst_ip":"255.255.255.255","src_port":42838,"dst_port":10001,"l4_proto":"udp","ndpi": {"confidence": {"4":"DPI"},"proto":"UBNTAC2","breed":"Safe","category":"Network"},"ubntac2": {"version":"UniFiSecurityGateway.ER-e120.v4"}}
00680{"flow_event_id":3,"flow_event_name":"idle","thread_id":0,"packet_id":8,"source":"ubntac2.pcap","alias":"nDPId-test","flow_id":5,"flow_state":"finished","flow_packets_processed":1,"flow_first_seen":1486943473817,"flow_last_seen":1486943473817,"flow_idle_time":180000,"flow_min_l4_payload_len":175,"flow_max_l4_payload_len":175,"flow_tot_l4_payload_len":175,"flow_avg_l4_payload_len":175,"midstream":0,"thread_ts_msec":1486943504301,"l3_proto":"ip4","src_ip":"192.168.1.1","dst_ip":"255.255.255.255","src_port":59772,"dst_port":10001,"l4_proto":"udp","flow_datalink":1,"flow_max_packets":3,"ndpi": {"confidence": {"4":"DPI"},"proto":"UBNTAC2","breed":"Safe","category":"Network"}}
00680{"flow_event_id":3,"flow_event_name":"idle","thread_id":0,"packet_id":8,"source":"ubntac2.pcap","alias":"nDPId-test","flow_id":7,"flow_state":"finished","flow_packets_processed":1,"flow_first_seen":1486943494148,"flow_last_seen":1486943494148,"flow_idle_time":180000,"flow_min_l4_payload_len":175,"flow_max_l4_payload_len":175,"flow_tot_l4_payload_len":175,"flow_avg_l4_payload_len":175,"midstream":0,"thread_ts_msec":1486943504301,"l3_proto":"ip4","src_ip":"192.168.1.1","dst_ip":"255.255.255.255","src_port":47746,"dst_port":10001,"l4_proto":"udp","flow_datalink":1,"flow_max_packets":3,"ndpi": {"confidence": {"4":"DPI"},"proto":"UBNTAC2","breed":"Safe","category":"Network"}}
00680{"flow_event_id":3,"flow_event_name":"idle","thread_id":0,"packet_id":8,"source":"ubntac2.pcap","alias":"nDPId-test","flow_id":4,"flow_state":"finished","flow_packets_processed":1,"flow_first_seen":1486943463665,"flow_last_seen":1486943463665,"flow_idle_time":180000,"flow_min_l4_payload_len":175,"flow_max_l4_payload_len":175,"flow_tot_l4_payload_len":175,"flow_avg_l4_payload_len":175,"midstream":0,"thread_ts_msec":1486943504301,"l3_proto":"ip4","src_ip":"192.168.1.1","dst_ip":"255.255.255.255","src_port":47871,"dst_port":10001,"l4_proto":"udp","flow_datalink":1,"flow_max_packets":3,"ndpi": {"confidence": {"4":"DPI"},"proto":"UBNTAC2","breed":"Safe","category":"Network"}}
00680{"flow_event_id":3,"flow_event_name":"idle","thread_id":0,"packet_id":8,"source":"ubntac2.pcap","alias":"nDPId-test","flow_id":6,"flow_state":"finished","flow_packets_processed":1,"flow_first_seen":1486943483995,"flow_last_seen":1486943483995,"flow_idle_time":180000,"flow_min_l4_payload_len":175,"flow_max_l4_payload_len":175,"flow_tot_l4_payload_len":175,"flow_avg_l4_payload_len":175,"midstream":0,"thread_ts_msec":1486943504301,"l3_proto":"ip4","src_ip":"192.168.1.1","dst_ip":"255.255.255.255","src_port":52220,"dst_port":10001,"l4_proto":"udp","flow_datalink":1,"flow_max_packets":3,"ndpi": {"confidence": {"4":"DPI"},"proto":"UBNTAC2","breed":"Safe","category":"Network"}}
00680{"flow_event_id":3,"flow_event_name":"idle","thread_id":0,"packet_id":8,"source":"ubntac2.pcap","alias":"nDPId-test","flow_id":1,"flow_state":"finished","flow_packets_processed":1,"flow_first_seen":1486943433175,"flow_last_seen":1486943433175,"flow_idle_time":180000,"flow_min_l4_payload_len":175,"flow_max_l4_payload_len":175,"flow_tot_l4_payload_len":175,"flow_avg_l4_payload_len":175,"midstream":0,"thread_ts_msec":1486943504301,"l3_proto":"ip4","src_ip":"192.168.1.1","dst_ip":"255.255.255.255","src_port":34085,"dst_port":10001,"l4_proto":"udp","flow_datalink":1,"flow_max_packets":3,"ndpi": {"confidence": {"4":"DPI"},"proto":"UBNTAC2","breed":"Safe","category":"Network"}}
00680{"flow_event_id":3,"flow_event_name":"idle","thread_id":0,"packet_id":8,"source":"ubntac2.pcap","alias":"nDPId-test","flow_id":2,"flow_state":"finished","flow_packets_processed":1,"flow_first_seen":1486943443357,"flow_last_seen":1486943443357,"flow_idle_time":180000,"flow_min_l4_payload_len":175,"flow_max_l4_payload_len":175,"flow_tot_l4_payload_len":175,"flow_avg_l4_payload_len":175,"midstream":0,"thread_ts_msec":1486943504301,"l3_proto":"ip4","src_ip":"192.168.1.1","dst_ip":"255.255.255.255","src_port":44641,"dst_port":10001,"l4_proto":"udp","flow_datalink":1,"flow_max_packets":3,"ndpi": {"confidence": {"4":"DPI"},"proto":"UBNTAC2","breed":"Safe","category":"Network"}}
00680{"flow_event_id":3,"flow_event_name":"idle","thread_id":0,"packet_id":8,"source":"ubntac2.pcap","alias":"nDPId-test","flow_id":8,"flow_state":"finished","flow_packets_processed":1,"flow_first_seen":1486943504301,"flow_last_seen":1486943504301,"flow_idle_time":180000,"flow_min_l4_payload_len":175,"flow_max_l4_payload_len":175,"flow_tot_l4_payload_len":175,"flow_avg_l4_payload_len":175,"midstream":0,"thread_ts_msec":1486943504301,"l3_proto":"ip4","src_ip":"192.168.1.1","dst_ip":"255.255.255.255","src_port":42838,"dst_port":10001,"l4_proto":"udp","flow_datalink":1,"flow_max_packets":3,"ndpi": {"confidence": {"4":"DPI"},"proto":"UBNTAC2","breed":"Safe","category":"Network"}}
00680{"flow_event_id":3,"flow_event_name":"idle","thread_id":0,"packet_id":8,"source":"ubntac2.pcap","alias":"nDPId-test","flow_id":3,"flow_state":"finished","flow_packets_processed":1,"flow_first_seen":1486943453510,"flow_last_seen":1486943453510,"flow_idle_time":180000,"flow_min_l4_payload_len":175,"flow_max_l4_payload_len":175,"flow_tot_l4_payload_len":175,"flow_avg_l4_payload_len":175,"midstream":0,"thread_ts_msec":1486943504301,"l3_proto":"ip4","src_ip":"192.168.1.1","dst_ip":"255.255.255.255","src_port":55321,"dst_port":10001,"l4_proto":"udp","flow_datalink":1,"flow_max_packets":3,"ndpi": {"confidence": {"4":"DPI"},"proto":"UBNTAC2","breed":"Safe","category":"Network"}}
00550{"daemon_event_id":3,"daemon_event_name":"shutdown","thread_id":0,"packet_id":8,"source":"ubntac2.pcap","alias":"nDPId-test","packets-captured":8,"packets-processed":8,"total-skipped-flows":0,"total-l4-data-len":1400,"total-not-detected-flows":0,"total-guessed-flows":0,"total-detected-flows":8,"total-detection-updates":0,"total-updates":0,"current-active-flows":0,"total-active-flows":8,"total-idle-flows":8,"total-compressions":0,"total-compression-diff":0,"current-compression-diff":0,"total-events-serialized":35,"global_ts_msec":1486943504301}
~~~~~~~~~~~~~~~~~~~~ SUMMARY ~~~~~~~~~~~~~~~~~~~~
~~ packets captured/processed: 8/8
~~ skipped flows.............: 0
~~ total layer4 data length..: 1400 bytes
~~ total detected protocols..: 8
~~ total active/idle flows...: 8/8
~~ total timeout flows.......: 0
~~~~~~~~~~~~~~~~~~~~~~~~~~~~~~~~~~~~~~~~~~~~~~~~~
~~ total memory allocated....: 5184753 bytes
~~ total memory freed........: 5184753 bytes
~~ total allocations/frees...: 113054/113054
~~~~~~~~~~~~~~~~~~~~~~~~~~~~~~~~~~~~~~~~~~~~~~~~~
~~ json string min len.......: 463 chars
~~ json string max len.......: 703 chars
~~ json string avg len.......: 582 chars
