00456{"daemon_event_id":1,"daemon_event_name":"init","thread_id":0,"packet_id":0,"source":"zcash.pcap","alias":"nDPId-test","max-flows-per-thread":2048,"max-idle-flows-per-thread":64,"tick-resolution":1000,"reader-thread-count":1,"flow-scan-interval":10000,"generic-max-idle-time":600000,"icmp-max-idle-time":120000,"udp-max-idle-time":180000,"tcp-max-idle-time":7560000,"max-packets-per-flow-to-send":3,"max-packets-per-flow-to-process":32,"global_ts_msec":0}
00542{"daemon_event_id":4,"daemon_event_name":"status","thread_id":0,"packet_id":1,"source":"zcash.pcap","alias":"nDPId-test","packets-captured":1,"packets-processed":0,"total-skipped-flows":0,"total-l4-data-len":0,"total-not-detected-flows":0,"total-guessed-flows":0,"total-detected-flows":0,"total-detection-updates":0,"total-updates":0,"current-active-flows":0,"total-active-flows":0,"total-idle-flows":0,"total-compressions":0,"total-compression-diff":0,"current-compression-diff":0,"total-events-serialized":2,"global_ts_msec":1514196094240}
00575{"flow_event_id":1,"flow_event_name":"new","thread_id":0,"packet_id":1,"source":"zcash.pcap","alias":"nDPId-test","flow_id":1,"flow_state":"info","flow_packets_processed":1,"flow_first_seen":1514196094240,"flow_last_seen":1514196094240,"flow_idle_time":7440000,"flow_min_l4_payload_len":0,"flow_max_l4_payload_len":0,"flow_tot_l4_payload_len":0,"flow_avg_l4_payload_len":0,"midstream":0,"thread_ts_msec":1514196094240,"l3_proto":"ip4","src_ip":"192.168.2.92","dst_ip":"178.32.196.217","src_port":55190,"dst_port":9050,"l4_proto":"tcp","flow_datalink":1,"flow_max_packets":3}
00475{"packet_event_id":2,"packet_event_name":"packet-flow","thread_id":0,"packet_id":1,"source":"zcash.pcap","alias":"nDPId-test","flow_id":1,"flow_packet_id":1,"flow_last_seen":1514196094240,"flow_idle_time":7440000,"pkt_oversize":false,"pkt_caplen":74,"pkt_type":2048,"pkt_l3_offset":14,"pkt_l4_offset":34,"pkt_len":74,"pkt_l4_len":40,"thread_ts_msec":1514196094240,"pkt":"fmgbW\/gUcIXCQA64CABFAAA8ux1AAEAGRaDAqAJcsiDE2deWI1qAnf85AAAAAKACchAV6gAAAgQFtAQCCApPjruwAAAAAAEDAwc="}
00477{"packet_event_id":2,"packet_event_name":"packet-flow","thread_id":0,"packet_id":2,"source":"zcash.pcap","alias":"nDPId-test","flow_id":1,"flow_packet_id":2,"flow_last_seen":1514196094322,"flow_idle_time":7440000,"pkt_oversize":false,"pkt_caplen":74,"pkt_type":2048,"pkt_l3_offset":14,"pkt_l4_offset":34,"pkt_len":74,"pkt_l4_len":40,"thread_ts_msec":1514196094322,"pkt":"cIXCQA64fmgbW\/gUCABFAAA8AABAADMGDb6yIMTZwKgCXCNa15Yj5r0mgJ3\/OqAScSDZNwAAAgQFtAQCCArshW\/8T467sAEDAwk="}
00464{"packet_event_id":2,"packet_event_name":"packet-flow","thread_id":0,"packet_id":3,"source":"zcash.pcap","alias":"nDPId-test","flow_id":1,"flow_packet_id":3,"flow_last_seen":1514196094322,"flow_idle_time":7440000,"pkt_oversize":false,"pkt_caplen":66,"pkt_type":2048,"pkt_l3_offset":14,"pkt_l4_offset":34,"pkt_len":66,"pkt_l4_len":32,"thread_ts_msec":1514196094322,"pkt":"fmgbW\/gUcIXCQA64CABFAAA0ux5AAEAGRafAqAJcsiDE2deWI1qAnf86I+a9J4AQAOV4LAAAAQEICk+Ou8XshW\/8"}
00880{"flow_event_id":6,"flow_event_name":"detected","thread_id":0,"packet_id":4,"source":"zcash.pcap","alias":"nDPId-test","flow_id":1,"flow_state":"info","flow_packets_processed":4,"flow_first_seen":1514196094240,"flow_last_seen":1514196094322,"flow_idle_time":7440000,"flow_min_l4_payload_len":0,"flow_max_l4_payload_len":260,"flow_tot_l4_payload_len":260,"flow_avg_l4_payload_len":65,"midstream":0,"thread_ts_msec":1514196094322,"l3_proto":"ip4","src_ip":"192.168.2.92","dst_ip":"178.32.196.217","src_port":55190,"dst_port":9050,"l4_proto":"tcp","ndpi": {"flow_risk": {"5": {"risk":"Known Protocol on Non Standard Port","severity":"Medium","risk_score": {"total":260,"client":230,"server":30}},"22": {"risk":"Unsafe Protocol","severity":"Low","risk_score": {"total":750,"client":575,"server":175}}},"confidence": {"4":"DPI"},"proto":"Mining","breed":"Unsafe","category":"Mining"}}
00548{"daemon_event_id":4,"daemon_event_name":"status","thread_id":0,"packet_id":88,"source":"zcash.pcap","alias":"nDPId-test","packets-captured":88,"packets-processed":87,"total-skipped-flows":0,"total-l4-data-len":6805,"total-not-detected-flows":0,"total-guessed-flows":0,"total-detected-flows":1,"total-detection-updates":0,"total-updates":0,"current-active-flows":1,"total-active-flows":1,"total-idle-flows":0,"total-compressions":0,"total-compression-diff":0,"current-compression-diff":0,"total-events-serialized":8,"global_ts_msec":1514196730496}
00925{"flow_event_id":3,"flow_event_name":"idle","thread_id":0,"packet_id":145,"source":"zcash.pcap","alias":"nDPId-test","flow_id":1,"flow_state":"finished","flow_packets_processed":145,"flow_first_seen":1514196094240,"flow_last_seen":1514197248783,"flow_idle_time":7440000,"flow_min_l4_payload_len":0,"flow_max_l4_payload_len":303,"flow_tot_l4_payload_len":11022,"flow_avg_l4_payload_len":76,"midstream":0,"thread_ts_msec":1514197248783,"l3_proto":"ip4","src_ip":"192.168.2.92","dst_ip":"178.32.196.217","src_port":55190,"dst_port":9050,"l4_proto":"tcp","flow_datalink":1,"flow_max_packets":3,"ndpi": {"flow_risk": {"5": {"risk":"Known Protocol on Non Standard Port","severity":"Medium","risk_score": {"total":260,"client":230,"server":30}},"22": {"risk":"Unsafe Protocol","severity":"Low","risk_score": {"total":750,"client":575,"server":175}}},"confidence": {"4":"DPI"},"proto":"Mining","breed":"Unsafe","category":"Mining"}}
00555{"daemon_event_id":3,"daemon_event_name":"shutdown","thread_id":0,"packet_id":145,"source":"zcash.pcap","alias":"nDPId-test","packets-captured":145,"packets-processed":145,"total-skipped-flows":0,"total-l4-data-len":11022,"total-not-detected-flows":0,"total-guessed-flows":0,"total-detected-flows":1,"total-detection-updates":0,"total-updates":0,"current-active-flows":0,"total-active-flows":1,"total-idle-flows":1,"total-compressions":0,"total-compression-diff":0,"current-compression-diff":0,"total-events-serialized":10,"global_ts_msec":1514197248783}
~~~~~~~~~~~~~~~~~~~~ SUMMARY ~~~~~~~~~~~~~~~~~~~~
~~ packets captured/processed: 145/145
~~ skipped flows.............: 0
~~ total layer4 data length..: 11022 bytes
~~ total detected protocols..: 1
~~ total active/idle flows...: 1/1
~~ total timeout flows.......: 0
~~~~~~~~~~~~~~~~~~~~~~~~~~~~~~~~~~~~~~~~~~~~~~~~~
~~ total memory allocated....: 5115270 bytes
~~ total memory freed........: 5115270 bytes
~~ total allocations/frees...: 113461/113461
~~~~~~~~~~~~~~~~~~~~~~~~~~~~~~~~~~~~~~~~~~~~~~~~~
~~ json string min len.......: 461 chars
~~ json string max len.......: 930 chars
~~ json string avg len.......: 679 chars
