flow_datalink,l3_proto,src_ip,dst_ip,l4_proto,src_port,dst_port,flow_state,flow_src_packets_processed,flow_dst_packets_processed,flow_first_seen,flow_src_last_pkt_time,flow_dst_last_pkt_time,flow_src_min_l4_payload_len,flow_dst_min_l4_payload_len,flow_src_max_l4_payload_len,flow_dst_max_l4_payload_len,flow_src_tot_l4_payload_len,flow_dst_tot_l4_payload_len,midstream,iat_min,iat_avg,iat_max,iat_stddev,iat_var,iat_ent,iat_data,pktlen_min,pktlen_avg,pktlen_max,pktlen_stddev,pktlen_var,pktlen_ent,pktlen_data,bins_c_to_s,bins_s_to_c,directions,entropies,proto,proto_id,encrypted,breed,category,confidence_id,confidence,risks
1,ip4,192.168.122.34,178.71.206.1,tcp,48987,6881,finished,12,20,1673446123917965,1673446124132868,1673446124132335,0,0,471,1440,1025,22693,0,8,13847.5,64959,17166.0,294672928.0,3.8,"18673,26924,29858,64959,29324,33873,54911,20576,19623,21996,21047,6908,279,229,213,159,199,287,569,92,484,33856,18,24514,384,131,356,353,18454,16,8",40,782.2,1480,666.4,444053.7,4.4,"60,52,40,238,464,40,511,280,108,419,328,90,1480,1480,1480,1480,1480,1480,1480,1480,1480,1480,40,40,1480,1480,1480,1480,1480,40,40,40","8,0,1,0,0,0,1,0,0,1,0,0,0,0,1,0,0,0,0,0,0,0,0,0,0,0,0,0,0,0,0,0,0,0,0,0,0,0,0,0,0,0,0,0,0,0,0,0","1,1,0,0,0,0,0,1,0,0,0,1,0,1,0,0,0,0,0,0,0,0,0,0,0,0,0,0,0,0,0,0,0,0,0,0,0,0,0,0,0,0,0,0,0,15,0,0","0,1,0,0,1,0,0,1,0,1,0,1,1,1,1,1,1,1,1,1,1,1,0,0,1,1,1,1,1,0,0,0","4.679967880,5.131024837,4.765311718,7.106909752,7.520512581,4.903055668,7.548049450,7.183899879,6.238460064,5.624160767,5.095487118,4.067485332,7.834874630,7.871198177,7.882282257,7.884436607,7.876652241,7.857866764,7.878300190,7.864074230,7.855942726,7.876870155,4.853056431,4.803055763,7.863341808,7.865004539,7.869568825,7.874233246,7.854714394,4.853055954,4.903056145,4.853055954",BitTorrent,37,0,Acceptable,Download,5,DPI (cache),"5"
