flow_datalink,l3_proto,src_ip,dst_ip,l4_proto,src_port,dst_port,flow_state,flow_src_packets_processed,flow_dst_packets_processed,flow_first_seen,flow_src_last_pkt_time,flow_dst_last_pkt_time,flow_src_min_l4_payload_len,flow_dst_min_l4_payload_len,flow_src_max_l4_payload_len,flow_dst_max_l4_payload_len,flow_src_tot_l4_payload_len,flow_dst_tot_l4_payload_len,midstream,iat_min,iat_avg,iat_max,iat_stddev,iat_var,iat_ent,iat_data,pktlen_min,pktlen_avg,pktlen_max,pktlen_stddev,pktlen_var,pktlen_ent,pktlen_data,bins_c_to_s,bins_s_to_c,directions,entropies,proto,proto_id,encrypted,breed,category,confidence_id,confidence,risks
1,ip4,127.0.0.1,127.0.0.1,tcp,46536,9042,finished,17,15,1450889498032587,1450889525230546,1450889525227132,0,0,321,25148,938,59385,0,11,1754596.9,26002233,6369210.5,40566842720256.0,1.3,"11,19,249,264,5672,5686,233,620,1533,1593,1631,2318,1136,3494,3539,2825,4760,1891,1781,667,2471,2015,1427,3423,25963183,26002233,1164047,1204436,1335,2304,5708",52,1937.6,25200,5902.9,34844348.0,2.0,"60,60,52,61,52,113,52,83,61,110,61,153,168,179,11131,52,105,543,373,366,243,52,21802,25200,52,110,52,126,133,125,130,143","9,2,3,2,0,0,0,0,0,0,1,0,0,0,0,0,0,0,0,0,0,0,0,0,0,0,0,0,0,0,0,0,0,0,0,0,0,0,0,0,0,0,0,0,0,0,0,0","4,2,2,1,0,1,0,0,0,1,0,0,0,0,0,1,0,0,0,0,0,0,0,0,0,0,0,0,0,0,0,0,0,0,0,0,0,0,0,0,0,0,0,0,0,0,0,3","0,1,0,0,1,1,0,0,1,0,1,0,1,0,1,0,0,1,0,1,1,0,1,1,0,1,0,0,1,0,1,0","4.356947899,4.780833244,4.606328011,4.416564465,4.644789696,5.177784443,4.606328011,4.859959602,4.473884106,5.159387589,4.505033970,5.351017952,4.924544334,5.412157059,3.751090527,4.637282372,5.276634216,4.988539696,5.158010483,4.843147755,4.920887947,4.661226749,5.202728748,4.642983913,4.675744057,5.390335560,4.661226749,5.410961628,4.876290798,5.477229118,5.139830112,5.335116386",Cassandra,264,0,Acceptable,Database,6,DPI,""
1,ip4,127.0.0.1,127.0.0.1,tcp,46537,9042,finished,18,14,1450889498074112,1450889535475611,1450889531765769,0,0,225,11446,794,12001,0,13,2293327.5,25937061,6507358.0,42345709961216.0,2.0,"13,21,671,688,5291,5315,288,749,1660,4537,3374,25897068,25937061,6031,46634,674,28,18,1162,1117,2315,1239,3343,41722,7689860,7730331,832,186,642,40128,3670158",52,452.3,11498,1984.7,3939065.0,1.7,"60,60,52,61,52,113,52,83,61,126,11498,52,187,52,99,126,52,125,52,133,130,52,143,275,52,99,80,52,87,80,52,277","10,2,4,0,1,0,0,1,0,0,0,0,0,0,0,0,0,0,0,0,0,0,0,0,0,0,0,0,0,0,0,0,0,0,0,0,0,0,0,0,0,0,0,0,0,0,0,0","8,2,2,0,0,0,1,0,0,0,0,0,0,0,0,0,0,0,0,0,0,0,0,0,0,0,0,0,0,0,0,0,0,0,0,0,0,0,0,0,0,0,0,0,0,0,0,1","0,1,0,0,1,1,0,0,1,0,1,0,0,1,1,0,1,0,1,1,1,0,0,1,0,0,1,0,0,1,0,0","4.423614979,4.826748371,4.697768211,4.527300358,4.697767735,5.244243145,4.697768211,4.935437202,4.551833153,5.263758659,3.921820164,4.805645943,5.681179523,4.659306049,5.163017273,5.385207176,4.659306049,5.483267784,4.659306049,4.881966591,5.109060287,4.805645943,5.340395927,5.132059097,4.728722572,5.154477119,4.869704247,4.637282848,4.956277847,4.844704151,4.584303856,5.709095955",Cassandra,264,0,Acceptable,Database,6,DPI,""
