flow_datalink,l3_proto,src_ip,dst_ip,l4_proto,src_port,dst_port,flow_state,flow_src_packets_processed,flow_dst_packets_processed,flow_first_seen,flow_src_last_pkt_time,flow_dst_last_pkt_time,flow_src_min_l4_payload_len,flow_dst_min_l4_payload_len,flow_src_max_l4_payload_len,flow_dst_max_l4_payload_len,flow_src_tot_l4_payload_len,flow_dst_tot_l4_payload_len,midstream,iat_min,iat_avg,iat_max,iat_stddev,iat_var,iat_ent,iat_data,pktlen_min,pktlen_avg,pktlen_max,pktlen_stddev,pktlen_var,pktlen_ent,pktlen_data,bins_c_to_s,bins_s_to_c,directions,entropies,proto,proto_id,encrypted,breed,category,confidence_id,confidence,risks
1,ip4,192.168.0.4,192.254.189.169,tcp,54337,80,finished,14,18,1381844050222515,1381844057134728,1381844055865656,0,0,739,1448,739,17637,0,139,405011.4,4861829,1193509.9,1424465723392.0,2.2,"180032,180140,139,193993,206403,1322,401505,596,594,735,724,4027,4555,8666,4603,3019,7560,3303,5323,8621,158972,3971,162953,3627,4243,7859,2612,2607,4861805,4861829,1269016",52,626.9,1500,665.6,443042.2,4.1,"64,60,52,791,52,1500,537,52,131,52,274,52,1500,1500,52,1500,1500,52,1500,1500,52,1500,1500,52,1500,1500,52,975,52,52,52,52","13,0,0,0,0,0,0,0,0,0,0,0,0,0,0,0,0,0,0,0,0,0,0,1,0,0,0,0,0,0,0,0,0,0,0,0,0,0,0,0,0,0,0,0,0,0,0,0","3,0,1,0,0,0,1,0,0,0,0,0,0,0,0,1,0,0,0,0,0,0,0,0,0,0,0,0,1,0,0,0,0,0,0,0,0,0,0,0,0,0,0,0,0,11,0,0","0,1,0,0,1,1,1,0,1,0,1,0,1,1,0,1,1,0,1,1,0,1,1,0,1,1,0,1,0,1,0,0","4.441382408,5.118823051,5.130219936,5.854406357,5.046594620,5.442737579,5.621041775,5.077241421,5.402398586,5.024262905,5.623777390,5.077241421,5.441255569,5.120078564,4.955154419,5.048518181,5.069016457,5.130219936,5.089414597,5.056834221,5.053296566,5.097548008,5.174168587,5.115702629,5.356103420,5.382487297,5.046594620,5.653643131,5.038779736,5.046595097,5.130219936,5.085056305",HTTP,7,0,Acceptable,Web,6,DPI,"36,43"
