flow_datalink,l3_proto,src_ip,dst_ip,l4_proto,src_port,dst_port,flow_state,flow_src_packets_processed,flow_dst_packets_processed,flow_first_seen,flow_src_last_pkt_time,flow_dst_last_pkt_time,flow_src_min_l4_payload_len,flow_dst_min_l4_payload_len,flow_src_max_l4_payload_len,flow_dst_max_l4_payload_len,flow_src_tot_l4_payload_len,flow_dst_tot_l4_payload_len,midstream,iat_min,iat_avg,iat_max,iat_stddev,iat_var,iat_ent,iat_data,pktlen_min,pktlen_avg,pktlen_max,pktlen_stddev,pktlen_var,pktlen_ent,pktlen_data,bins_c_to_s,bins_s_to_c,directions,entropies,proto,proto_id,encrypted,breed,category,confidence_id,confidence,risks
1,ip4,192.168.190.20,192.168.190.5,tcp,55630,119,finished,19,13,1258844926423672,1258844993785292,1258844993785209,0,0,31,1448,113,4808,0,29,4345908.0,25684268,7782391.0,60565611347968.0,3.1,"157,178,17001,17072,178,379,673149,673694,608,343,40452,19518042,19565845,7986,4770071,4784435,14326,95,29,25683555,25684268,770,12078373,12090740,12467,209,55,4543973,116,4544308,283",40,205.9,1500,397.4,157950.1,3.6,"60,60,52,176,52,65,52,99,78,52,101,52,65,1280,52,65,1500,52,172,52,83,102,52,63,1500,52,318,52,58,52,80,40","19,0,0,0,0,0,0,0,0,0,0,0,0,0,0,0,0,0,0,0,0,0,0,0,0,0,0,0,0,0,0,0,0,0,0,0,0,0,0,0,0,0,0,0,0,0,0,0","4,3,0,2,0,0,0,0,1,0,0,0,0,0,0,0,0,0,0,0,0,0,0,0,0,0,0,0,0,0,0,0,0,0,0,0,0,0,1,0,0,0,0,0,0,2,0,0","0,1,0,1,0,0,1,1,0,1,1,0,0,1,0,0,1,0,1,0,0,1,0,0,1,0,1,0,0,0,1,0","4.471673489,4.918822765,4.878231525,5.476410866,4.931209564,5.179985523,4.961856842,5.561774254,5.435857296,5.000318050,5.478010178,4.892747879,5.210754871,5.673897266,4.969671249,5.291449070,5.852569103,4.878231049,5.413592815,4.878231049,5.543476105,5.549430847,4.931209564,5.298630238,5.766685963,4.767184258,5.374790192,4.825252533,4.982897282,4.817437172,5.532413483,3.670482159",Usenet,93,0,Acceptable,Web,6,DPI,""
