flow_datalink,l3_proto,src_ip,dst_ip,l4_proto,src_port,dst_port,flow_state,flow_src_packets_processed,flow_dst_packets_processed,flow_first_seen,flow_src_last_pkt_time,flow_dst_last_pkt_time,flow_src_min_l4_payload_len,flow_dst_min_l4_payload_len,flow_src_max_l4_payload_len,flow_dst_max_l4_payload_len,flow_src_tot_l4_payload_len,flow_dst_tot_l4_payload_len,midstream,iat_min,iat_avg,iat_max,iat_stddev,iat_var,iat_ent,iat_data,pktlen_min,pktlen_avg,pktlen_max,pktlen_stddev,pktlen_var,pktlen_ent,pktlen_data,bins_c_to_s,bins_s_to_c,directions,entropies,proto,proto_id,encrypted,breed,category,confidence_id,confidence,risks
1,ip4,192.168.1.121,52.98.163.18,tcp,53429,443,finished,7,25,1626168078673569,1626168078741395,1626168078741532,0,0,1448,1318,6192,5635,1,0,4380.3,66556,14076.5,198149200.0,1.7,"0,1268,0,1,22712,2791,42219,7,1,1,2,1,1,3,1,2,0,1,1,1,1,2,1,1,1,66556,1,207,4,1,1",40,409.6,1488,443.8,196953.1,4.3,"1488,922,1488,1488,1006,40,40,1358,152,98,255,267,271,267,253,259,273,259,261,261,257,267,259,269,259,100,40,40,240,261,327,82","2,0,0,0,0,0,0,0,0,0,0,0,0,0,0,0,0,0,0,0,0,0,0,0,0,0,0,1,0,0,1,0,0,0,0,0,0,0,0,0,0,0,0,0,0,3,0,0","2,3,0,1,0,0,11,6,1,0,0,0,0,0,0,0,0,0,0,0,0,0,0,0,0,0,0,0,0,0,0,0,0,0,0,0,0,0,0,0,0,1,0,0,0,0,0,0","0,0,0,0,0,1,1,1,1,1,1,1,1,1,1,1,1,1,1,1,1,1,1,1,1,1,0,0,1,1,1,1","7.844867706,7.768162727,7.838919640,7.877963066,7.801912785,4.931687355,4.931687355,7.872855663,6.611027718,5.917587280,7.063786030,7.077864647,7.070313454,7.063032150,7.077404976,7.132514954,7.133229256,7.145859718,7.155868053,7.036940575,7.138390064,7.124177456,7.128092766,7.045049191,6.969915390,5.878566742,4.680641174,4.680641174,7.009124756,7.071732044,7.305675030,5.664766788",TLS,91,1,Safe,Web,6,DPI,""
1,ip4,192.168.1.121,52.98.163.18,tcp,53428,443,finished,12,20,1626168078673880,1626168078802752,1626168078815501,0,0,1448,1312,8443,4308,1,1,8725.6,48024,14356.9,206121952.0,3.3,"1,1055,23210,47617,37039,8,1,2,1,1,11720,448,454,9939,10211,1,619,25332,48024,32224,8,8662,433,9,3,3,2,1,2,508,12955",40,439.2,1488,490.6,240677.5,4.2,"1488,922,1278,40,1278,1352,175,259,438,82,85,40,74,40,52,1488,921,694,40,694,989,431,40,179,239,281,123,82,85,74,40,52","4,0,0,0,0,0,0,0,0,0,0,0,0,0,0,0,0,0,0,0,2,0,0,0,0,0,0,2,0,0,0,0,0,0,0,0,0,0,2,0,0,0,0,0,0,2,0,0","4,6,1,0,2,0,2,1,0,0,0,0,2,0,0,0,0,0,0,0,0,0,0,0,0,0,0,0,0,1,0,0,0,0,0,0,0,0,0,0,0,1,0,0,0,0,0,0","0,0,0,1,0,1,1,1,1,1,1,0,1,0,1,0,0,0,1,0,1,1,0,1,1,1,1,1,1,1,0,1","7.851675034,7.762215614,7.854618549,4.931687355,7.853376865,7.847486019,6.592478275,7.073016644,7.479730606,5.652988434,5.603165150,4.680641174,5.374660492,4.680641174,4.887658596,7.882281303,7.798806667,7.618238926,4.862814903,7.611861229,7.774961472,7.463752747,4.630641460,6.593664169,7.007197857,7.177185059,6.230616570,5.640376568,5.764585972,5.533047199,4.680641174,4.962661743",TLS,91,1,Safe,Web,6,DPI,""
