flow_datalink,l3_proto,src_ip,dst_ip,l4_proto,src_port,dst_port,flow_state,flow_src_packets_processed,flow_dst_packets_processed,flow_first_seen,flow_src_last_pkt_time,flow_dst_last_pkt_time,flow_src_min_l4_payload_len,flow_dst_min_l4_payload_len,flow_src_max_l4_payload_len,flow_dst_max_l4_payload_len,flow_src_tot_l4_payload_len,flow_dst_tot_l4_payload_len,midstream,iat_min,iat_avg,iat_max,iat_stddev,iat_var,iat_ent,iat_data,pktlen_min,pktlen_avg,pktlen_max,pktlen_stddev,pktlen_var,pktlen_ent,pktlen_data,bins_c_to_s,bins_s_to_c,directions,entropies,proto,proto_id,encrypted,breed,category,confidence_id,confidence,risks
1,ip4,192.168.22.5,192.168.22.4,udp,36286,4789,finished,32,0,1639650442941597,1639650443255719,1639650442941597,74,0,1454,0,35959,0,0,10,10133.0,140558,31047.2,963930240.0,2.2,"10532,1402,105,10,11439,530,9521,113264,10571,140558,101,64,3057,190,558,175,1284,181,1316,3621,187,402,189,2282,184,313,186,833,189,694,184",102,1151.7,1482,546.6,298767.6,4.8,"110,102,1482,1482,570,102,271,102,554,102,1482,1482,856,1482,1482,1482,1482,1482,1482,1482,1482,1482,1482,1482,1482,1482,1482,1482,1482,1482,1482,1482","0,0,5,0,0,0,0,1,0,0,0,0,0,0,0,0,2,0,0,0,0,0,0,0,0,1,0,0,0,0,0,0,0,0,0,0,0,0,0,0,0,0,0,0,0,23,0,0","0,0,0,0,0,0,0,0,0,0,0,0,0,0,0,0,0,0,0,0,0,0,0,0,0,0,0,0,0,0,0,0,0,0,0,0,0,0,0,0,0,0,0,0,0,0,0,0","0,0,0,0,0,0,0,0,0,0,0,0,0,0,0,0,0,0,0,0,0,0,0,0,0,0,0,0,0,0,0,0","5.583852291,5.651705265,7.826985836,7.861832619,7.623077869,5.619890690,7.052967072,5.635924816,7.564305782,5.565874100,7.866837978,7.859116077,7.762131214,7.859333515,7.877618790,7.863654613,7.851696491,7.874659538,7.855105877,7.845957756,7.883800030,7.862126827,7.878228188,7.846958637,7.850887299,7.866386890,7.866912842,7.871983051,7.852091789,7.857552052,7.852843761,7.854843616",VXLAN,64,0,Acceptable,Network,6,DPI,""
1,ip4,192.168.22.4,192.168.22.5,udp,40646,4789,finished,32,0,1639650442931548,1639650443264733,1639650442931548,74,0,392,0,3106,0,0,4,10747.9,150839,30032.6,901957440.0,2.5,"10329,305,11530,200,4,1301,10031,41817,81536,403,150839,3109,802,1504,1403,3811,602,2508,504,1003,903,802,707,803,710,2107,301,402,2307,401,201",102,125.1,420,68.2,4655.6,4.8,"110,102,420,102,102,102,166,267,102,102,285,102,102,102,102,102,102,102,102,102,102,102,102,102,102,102,102,102,102,102,102,102","0,0,28,0,1,0,0,1,1,0,0,0,1,0,0,0,0,0,0,0,0,0,0,0,0,0,0,0,0,0,0,0,0,0,0,0,0,0,0,0,0,0,0,0,0,0,0,0","0,0,0,0,0,0,0,0,0,0,0,0,0,0,0,0,0,0,0,0,0,0,0,0,0,0,0,0,0,0,0,0,0,0,0,0,0,0,0,0,0,0,0,0,0,0,0,0","0,0,0,0,0,0,0,0,0,0,0,0,0,0,0,0,0,0,0,0,0,0,0,0,0,0,0,0,0,0,0,0","5.313875198,5.603603840,6.154091835,5.623211861,5.630611897,5.623211384,6.288531303,6.880884647,5.615810394,5.596202850,7.036987305,5.564387798,5.603603840,5.596202850,5.623211384,5.564388275,5.583995819,5.556987286,5.591396332,5.603603840,5.576594353,5.623211384,5.544780254,5.603603840,5.603603840,5.623211384,5.642818928,5.588801384,5.603603363,5.635418415,5.635418415,5.655025959",VXLAN,64,0,Acceptable,Network,6,DPI,""
