     DAEMON-EVENT: init
     DAEMON-EVENT: [Processed: 0 pkts][ZLib][compressions: 0|diff: 0 / 0]
     DAEMON-EVENT: [Flows][active: 0 / 0|skipped: 0|!detected: 0|guessed: 0|detection-updates: 0|updates: 0]
              new: [.....1] [ip6][..udp] [....................................::1][51430] -> [....................................::1][.4443] 
         detected: [.....1] [ip6][..udp] [....................................::1][51430] -> [....................................::1][.4443] [QUIC][Unknown][Web][Acceptable][]
                   RISK: Known Proto on Non Std Port, Missing SNI TLS Extn, ALPN/SNI Mismatch
             idle: [.....1] [ip6][..udp] [....................................::1][51430] -> [....................................::1][.4443] [QUIC][Unknown][Web][Acceptable]
                   RISK: Known Proto on Non Std Port, Missing SNI TLS Extn, ALPN/SNI Mismatch
     DAEMON-EVENT: shutdown
