     DAEMON-EVENT: init
     DAEMON-EVENT: [Processed: 0 pkts][ZLib][compressions: 0|diff: 0 / 0]
     DAEMON-EVENT: [Flows][active: 0 / 0|skipped: 0|!detected: 0|guessed: 0|detection-updates: 0|updates: 0]
              new: [.....1] [ip4][..tcp] [.192.168.88.221][51882] -> [.192.168.88.231][.6379]
         detected: [.....1] [ip4][..tcp] [.192.168.88.221][51882] -> [.192.168.88.231][.6379] [RESP][Unknown][Database][Acceptable]
          analyse: [.....1] [ip4][..tcp] [.192.168.88.221][51882] -> [.192.168.88.231][.6379] [RESP][Unknown][Database][Acceptable]
                                         min|       max|       avg|    stddev|         variance|  entropy
                   [IAT.........: <    0.001|    15.070|     1.377|     3.744|     14016768.377|    2.200]
                   [PKTLEN......:     52.000| 20324.000|  2873.300|  5036.000|     25361708.000|    3.200]
                   [BINS(c->s)..: 16,1,0,0,0,0,0,0,0,0,0,0,0,0,0,0,0,0,0,0,0,0,0,0,0,0,0,0,0,0,0,0,0,0,0,0,0,0,0,0,0,0,0,0,0,0,0,0]
                   [BINS(s->c)..: 5,0,0,0,0,0,0,0,0,0,0,0,0,0,0,0,0,0,0,0,0,0,0,0,0,0,0,0,0,0,0,0,0,0,0,0,0,0,0,0,0,0,0,0,0,0,0,10]
                   [DIRECTIONS..: 0,1,0,0,1,1,0,1,0,1,0,1,0,1,0,1,0,1,0,1,0,1,0,1,0,0,1,0,0,1,0,1]
                   [IATS(ms)....: 3.1,3.2,0.5,2.0,1.4,2.8,0.1,0.1,1.8,1.8,0.0,0.0,0.0,0.0,1.6,1.6,0.1,0.0,0.7,0.7,0.0,0.0,0.1,0.0,3178.2,3181.4,3.3,15066.9,15069.9,3076.3,3076.5]
                   [PKTLENS.....: 60,60,52,69,52,7292,52,7292,52,10188,52,14532,52,4396,52,2948,52,20324,52,5844,52,5844,52,12041,52,66,59,52,52,52,94,57]
                   [ENTROPIES...: 4.8,5.3,5.1,5.3,5.1,4.7,5.0,4.7,5.0,4.6,5.2,4.6,5.2,4.6,5.2,4.7,5.2,4.7,5.1,4.7,5.2,4.7,5.1,4.7,5.2,5.3,5.2,5.2,5.2,5.1,5.4,5.2]
              end: [.....1] [ip4][..tcp] [.192.168.88.221][51882] -> [.192.168.88.231][.6379] [RESP][Unknown][Database][Acceptable]
     DAEMON-EVENT: shutdown
