     DAEMON-EVENT: init
     DAEMON-EVENT: [Processed: 0 pkts][ZLib][compressions: 0|diff: 0 / 0]
     DAEMON-EVENT: [Flows][active: 0 / 0|skipped: 0|!detected: 0|guessed: 0|detection-updates: 0|updates: 0]
              new: [.....1] [ip4][..udp] [..10.204.220.71][.6000] -> [.10.204.220.171][.6000]
         detected: [.....1] [ip4][..udp] [..10.204.220.71][.6000] -> [.10.204.220.171][.6000] [RTP][Unknown][Media][Acceptable]
     DAEMON-EVENT: [Processed: 15 pkts][ZLib][compressions: 0|diff: 0 / 0]
     DAEMON-EVENT: [Flows][active: 1 / 1|skipped: 0|!detected: 0|guessed: 0|detection-updates: 0|updates: 0]
              new: [.....2] [ip4][..udp] [.150.219.118.19][54234] -> [192.113.193.227][50003]
         detected: [.....2] [ip4][..udp] [.150.219.118.19][54234] -> [192.113.193.227][50003] [Discord][Unknown][Collaborative][Fun]
             idle: [.....1] [ip4][..udp] [..10.204.220.71][.6000] -> [.10.204.220.171][.6000] [RTP][Unknown][Media][Acceptable]
              new: [.....3] [ip4][..udp] [..10.140.67.167][55402] -> [..148.153.85.97][.6008]
         detected: [.....3] [ip4][..udp] [..10.140.67.167][55402] -> [..148.153.85.97][.6008] [RTP][Unknown][Media][Acceptable]
             idle: [.....2] [ip4][..udp] [.150.219.118.19][54234] -> [192.113.193.227][50003] [Discord][Unknown][Collaborative][Fun]
             idle: [.....3] [ip4][..udp] [..10.140.67.167][55402] -> [..148.153.85.97][.6008] [RTP][Unknown][Media][Acceptable]
     DAEMON-EVENT: shutdown
