00529{"daemon_event_id":1,"daemon_event_name":"init","thread_id":0,"packet_id":0,"source":"cfgs\/default\/pcap\/ossfuzz_seed_fake_traces_2.pcapng","alias":"nDPId-test","max-flows-per-thread":2048,"max-idle-flows-per-thread":64,"reader-thread-count":1,"flow-scan-interval":10000000,"generic-max-idle-time":600000000,"icmp-max-idle-time":120000000,"udp-max-idle-time":180000000,"tcp-max-idle-time":7560000000,"max-packets-per-flow-to-send":5,"max-packets-per-flow-to-process":32,"max-packets-per-flow-to-analyse":32,"global_ts_usec":0}
00592{"daemon_event_id":4,"daemon_event_name":"status","thread_id":0,"packet_id":1,"source":"cfgs\/default\/pcap\/ossfuzz_seed_fake_traces_2.pcapng","alias":"nDPId-test","packets-captured":1,"packets-processed":0,"total-skipped-flows":0,"total-l4-payload-len":0,"total-not-detected-flows":0,"total-guessed-flows":0,"total-detected-flows":0,"total-detection-updates":0,"total-updates":0,"current-active-flows":0,"total-active-flows":0,"total-idle-flows":0,"total-compressions":0,"total-compression-diff":0,"current-compression-diff":0,"total-events-serialized":2,"global_ts_usec":1258844926423672}
00795{"flow_event_id":1,"flow_event_name":"new","thread_id":0,"packet_id":1,"source":"cfgs\/default\/pcap\/ossfuzz_seed_fake_traces_2.pcapng","alias":"nDPId-test","flow_id":1,"flow_state":"info","flow_src_packets_processed":1,"flow_dst_packets_processed":0,"flow_first_seen":1258844926423672,"flow_src_last_pkt_time":1258844926423672,"flow_dst_last_pkt_time":1258844926423672,"flow_idle_time":7580000000,"flow_src_min_l4_payload_len":0,"flow_dst_min_l4_payload_len":0,"flow_src_max_l4_payload_len":0,"flow_dst_max_l4_payload_len":0,"flow_src_tot_l4_payload_len":0,"flow_dst_tot_l4_payload_len":0,"midstream":0,"thread_ts_usec":1258844926423672,"l3_proto":"ip4","src_ip":"172.26.235.166","dst_ip":"172.30.92.62","src_port":55630,"dst_port":119,"l4_proto":"tcp","flow_datalink":1,"flow_max_packets":5}
00573{"packet_event_id":2,"packet_event_name":"packet-flow","thread_id":0,"packet_id":1,"source":"cfgs\/default\/pcap\/ossfuzz_seed_fake_traces_2.pcapng","alias":"nDPId-test","flow_id":1,"flow_packet_id":1,"flow_src_last_pkt_time":1258844926423672,"flow_dst_last_pkt_time":1258844926423672,"flow_idle_time":7580000000,"pkt_datalink":1,"pkt_caplen":74,"pkt_type":2048,"pkt_l3_offset":14,"pkt_l4_offset":34,"pkt_len":74,"pkt_l4_len":40,"thread_ts_usec":1258844926423672,"pkt":"AEBjsiExABQqZoWVCABFAAA8fZdAAEAGHQesGuumrB5cPtlOAHfZ0lWUAAAAAKACFtBfGwAAAgQFtAQCCAoAyCgDAAAAAAEDAwY="}
00796{"flow_event_id":1,"flow_event_name":"new","thread_id":0,"packet_id":2,"source":"cfgs\/default\/pcap\/ossfuzz_seed_fake_traces_2.pcapng","alias":"nDPId-test","flow_id":2,"flow_state":"info","flow_src_packets_processed":1,"flow_dst_packets_processed":0,"flow_first_seen":1258844926423672,"flow_src_last_pkt_time":1258844926423672,"flow_dst_last_pkt_time":1258844926423672,"flow_idle_time":7580000000,"flow_src_min_l4_payload_len":0,"flow_dst_min_l4_payload_len":0,"flow_src_max_l4_payload_len":0,"flow_dst_max_l4_payload_len":0,"flow_src_tot_l4_payload_len":0,"flow_dst_tot_l4_payload_len":0,"midstream":0,"thread_ts_usec":1258844926423672,"l3_proto":"ip4","src_ip":"192.168.190.20","dst_ip":"192.168.190.5","src_port":55630,"dst_port":119,"l4_proto":"tcp","flow_datalink":1,"flow_max_packets":5}
00573{"packet_event_id":2,"packet_event_name":"packet-flow","thread_id":0,"packet_id":2,"source":"cfgs\/default\/pcap\/ossfuzz_seed_fake_traces_2.pcapng","alias":"nDPId-test","flow_id":2,"flow_packet_id":1,"flow_src_last_pkt_time":1258844926423672,"flow_dst_last_pkt_time":1258844926423672,"flow_idle_time":7580000000,"pkt_datalink":1,"pkt_caplen":74,"pkt_type":2048,"pkt_l3_offset":14,"pkt_l4_offset":34,"pkt_len":74,"pkt_l4_len":40,"thread_ts_usec":1258844926423672,"pkt":"AEBj1fcCABQqM3R+CABFAAA8fZdAAEAGv7nAqL4UwKi+BdlOAHfZ0lWUAAAAAKACFtABzgAAAgQFtAQCCAoAyCgDAAAAAAEDAwY="}
00573{"packet_event_id":2,"packet_event_name":"packet-flow","thread_id":0,"packet_id":3,"source":"cfgs\/default\/pcap\/ossfuzz_seed_fake_traces_2.pcapng","alias":"nDPId-test","flow_id":1,"flow_packet_id":2,"flow_src_last_pkt_time":1258844926423672,"flow_dst_last_pkt_time":1258844926423829,"flow_idle_time":7580000000,"pkt_datalink":1,"pkt_caplen":74,"pkt_type":2048,"pkt_l3_offset":14,"pkt_l4_offset":34,"pkt_len":74,"pkt_l4_len":40,"thread_ts_usec":1258844926423829,"pkt":"ABQqZoWVAEBjsiExCABFAAA8AABAAEAGmp6sHlw+rBrrpgB32U6dVo1l2dJVlaASFqDOUAAAAgQFtAQCCAoKz1tgAMgoAwEDAwQ="}
00573{"packet_event_id":2,"packet_event_name":"packet-flow","thread_id":0,"packet_id":4,"source":"cfgs\/default\/pcap\/ossfuzz_seed_fake_traces_2.pcapng","alias":"nDPId-test","flow_id":2,"flow_packet_id":2,"flow_src_last_pkt_time":1258844926423672,"flow_dst_last_pkt_time":1258844926423829,"flow_idle_time":7580000000,"pkt_datalink":1,"pkt_caplen":74,"pkt_type":2048,"pkt_l3_offset":14,"pkt_l4_offset":34,"pkt_len":74,"pkt_l4_len":40,"thread_ts_usec":1258844926423829,"pkt":"ABQqM3R+AEBj1fcCCABFAAA8AABAAEAGPVHAqL4FwKi+FAB32U6dVo1l2dJVlaASFqBxAwAAAgQFtAQCCAoKz1tgAMgoAwEDAwQ="}
00561{"packet_event_id":2,"packet_event_name":"packet-flow","thread_id":0,"packet_id":5,"source":"cfgs\/default\/pcap\/ossfuzz_seed_fake_traces_2.pcapng","alias":"nDPId-test","flow_id":1,"flow_packet_id":3,"flow_src_last_pkt_time":1258844926423850,"flow_dst_last_pkt_time":1258844926423829,"flow_idle_time":7580000000,"pkt_datalink":1,"pkt_caplen":66,"pkt_type":2048,"pkt_l3_offset":14,"pkt_l4_offset":34,"pkt_len":66,"pkt_l4_len":32,"thread_ts_usec":1258844926423850,"pkt":"AEBjsiExABQqZoWVCABFAAA0fZhAAEAGHQ6sGuumrB5cPtlOAHfZ0lWVnVaNZoAQAFwTXgAAAQEICgDIKAMKz1tg"}
00561{"packet_event_id":2,"packet_event_name":"packet-flow","thread_id":0,"packet_id":6,"source":"cfgs\/default\/pcap\/ossfuzz_seed_fake_traces_2.pcapng","alias":"nDPId-test","flow_id":2,"flow_packet_id":3,"flow_src_last_pkt_time":1258844926423850,"flow_dst_last_pkt_time":1258844926423829,"flow_idle_time":7580000000,"pkt_datalink":1,"pkt_caplen":66,"pkt_type":2048,"pkt_l3_offset":14,"pkt_l4_offset":34,"pkt_len":66,"pkt_l4_len":32,"thread_ts_usec":1258844926423850,"pkt":"AEBj1fcCABQqM3R+CABFAAA0fZhAAEAGv8DAqL4UwKi+BdlOAHfZ0lWVnVaNZoAQAFy2EAAAAQEICgDIKAMKz1tg"}
00732{"packet_event_id":2,"packet_event_name":"packet-flow","thread_id":0,"packet_id":7,"source":"cfgs\/default\/pcap\/ossfuzz_seed_fake_traces_2.pcapng","alias":"nDPId-test","flow_id":1,"flow_packet_id":4,"flow_src_last_pkt_time":1258844926423850,"flow_dst_last_pkt_time":1258844926440830,"flow_idle_time":7580000000,"pkt_datalink":1,"pkt_caplen":190,"pkt_type":2048,"pkt_l3_offset":14,"pkt_l4_offset":34,"pkt_len":190,"pkt_l4_len":156,"thread_ts_usec":1258844926440830,"pkt":"ABQqZoWVAEBjsiExCABFAACw1gZAAEAGxCOsHlw+rBrrpgB32U6dVo1m2dJVlYAYAWqsmwAAAQEICgrPW2QAyCgDMjAwIExlYWZub2RlIE5OVFAgRGFlbW9uLCB2ZXJzaW9uIDEuMTEuNy5yYzEgcnVubmluZyBhdCBkYXRhY2VudGVyLnZpc3RlLWZhbWlseS5uZXQgKG15IGZxZG46IGRhdGFjZW50ZXIudmlzdGUtZmFtaWx5Lm5ldCkNCg=="}
00732{"packet_event_id":2,"packet_event_name":"packet-flow","thread_id":0,"packet_id":8,"source":"cfgs\/default\/pcap\/ossfuzz_seed_fake_traces_2.pcapng","alias":"nDPId-test","flow_id":2,"flow_packet_id":4,"flow_src_last_pkt_time":1258844926423850,"flow_dst_last_pkt_time":1258844926440830,"flow_idle_time":7580000000,"pkt_datalink":1,"pkt_caplen":190,"pkt_type":2048,"pkt_l3_offset":14,"pkt_l4_offset":34,"pkt_len":190,"pkt_l4_len":156,"thread_ts_usec":1258844926440830,"pkt":"ABQqM3R+AEBj1fcCCABFAACw1gZAAEAGZtbAqL4FwKi+FAB32U6dVo1m2dJVlYAYAWpPTgAAAQEICgrPW2QAyCgDMjAwIExlYWZub2RlIE5OVFAgRGFlbW9uLCB2ZXJzaW9uIDEuMTEuNy5yYzEgcnVubmluZyBhdCBkYXRhY2VudGVyLnZpc3RlLWZhbWlseS5uZXQgKG15IGZxZG46IGRhdGFjZW50ZXIudmlzdGUtZmFtaWx5Lm5ldCkNCg=="}
00561{"packet_event_id":2,"packet_event_name":"packet-flow","thread_id":0,"packet_id":9,"source":"cfgs\/default\/pcap\/ossfuzz_seed_fake_traces_2.pcapng","alias":"nDPId-test","flow_id":1,"flow_packet_id":5,"flow_src_last_pkt_time":1258844926440922,"flow_dst_last_pkt_time":1258844926440830,"flow_idle_time":7580000000,"pkt_datalink":1,"pkt_caplen":66,"pkt_type":2048,"pkt_l3_offset":14,"pkt_l4_offset":34,"pkt_len":66,"pkt_l4_len":32,"thread_ts_usec":1258844926440922,"pkt":"AEBjsiExABQqZoWVCABFAAA0fZlAAEAGHQ2sGuumrB5cPtlOAHfZ0lWVnVaN4oAQAFwS2gAAAQEICgDIKAcKz1tk"}
00563{"packet_event_id":2,"packet_event_name":"packet-flow","thread_id":0,"packet_id":10,"source":"cfgs\/default\/pcap\/ossfuzz_seed_fake_traces_2.pcapng","alias":"nDPId-test","flow_id":2,"flow_packet_id":5,"flow_src_last_pkt_time":1258844926440922,"flow_dst_last_pkt_time":1258844926440830,"flow_idle_time":7580000000,"pkt_datalink":1,"pkt_caplen":66,"pkt_type":2048,"pkt_l3_offset":14,"pkt_l4_offset":34,"pkt_len":66,"pkt_l4_len":32,"thread_ts_usec":1258844926440922,"pkt":"AEBj1fcCABQqM3R+CABFAAA0fZlAAEAGv7\/AqL4UwKi+BdlOAHfZ0lWVnVaN4oAQAFy1jAAAAQEICgDIKAcKz1tk"}
00948{"flow_event_id":7,"flow_event_name":"detected","thread_id":0,"packet_id":11,"source":"cfgs\/default\/pcap\/ossfuzz_seed_fake_traces_2.pcapng","alias":"nDPId-test","flow_id":1,"flow_state":"info","flow_src_packets_processed":4,"flow_dst_packets_processed":2,"flow_first_seen":1258844926423672,"flow_src_last_pkt_time":1258844926441100,"flow_dst_last_pkt_time":1258844926440830,"flow_idle_time":7580000000,"flow_src_min_l4_payload_len":0,"flow_dst_min_l4_payload_len":0,"flow_src_max_l4_payload_len":21,"flow_dst_max_l4_payload_len":124,"flow_src_tot_l4_payload_len":21,"flow_dst_tot_l4_payload_len":124,"midstream":0,"thread_ts_usec":1258844926441100,"l3_proto":"ip4","src_ip":"172.26.235.166","dst_ip":"172.30.92.62","src_port":55630,"dst_port":119,"l4_proto":"tcp","ndpi": {"confidence": {"6":"DPI"},"proto":"Usenet","proto_id":"93","proto_by_ip":"Unknown","proto_by_ip_id":0,"encrypted":0,"breed":"Acceptable","category_id":5,"category":"Web"}}
00947{"flow_event_id":7,"flow_event_name":"detected","thread_id":0,"packet_id":12,"source":"cfgs\/default\/pcap\/ossfuzz_seed_fake_traces_2.pcapng","alias":"nDPId-test","flow_id":2,"flow_state":"info","flow_src_packets_processed":4,"flow_dst_packets_processed":2,"flow_first_seen":1258844926423672,"flow_src_last_pkt_time":1258844926441100,"flow_dst_last_pkt_time":1258844926440830,"flow_idle_time":7580000000,"flow_src_min_l4_payload_len":0,"flow_dst_min_l4_payload_len":0,"flow_src_max_l4_payload_len":6,"flow_dst_max_l4_payload_len":124,"flow_src_tot_l4_payload_len":6,"flow_dst_tot_l4_payload_len":124,"midstream":0,"thread_ts_usec":1258844926441100,"l3_proto":"ip4","src_ip":"192.168.190.20","dst_ip":"192.168.190.5","src_port":55630,"dst_port":119,"l4_proto":"tcp","ndpi": {"confidence": {"6":"DPI"},"proto":"Usenet","proto_id":"93","proto_by_ip":"Unknown","proto_by_ip_id":0,"encrypted":0,"breed":"Acceptable","category_id":5,"category":"Web"}}
00598{"daemon_event_id":4,"daemon_event_name":"status","thread_id":0,"packet_id":13,"source":"cfgs\/default\/pcap\/ossfuzz_seed_fake_traces_2.pcapng","alias":"nDPId-test","packets-captured":13,"packets-processed":12,"total-skipped-flows":0,"total-l4-payload-len":275,"total-not-detected-flows":0,"total-guessed-flows":0,"total-detected-flows":2,"total-detection-updates":0,"total-updates":0,"current-active-flows":2,"total-active-flows":2,"total-idle-flows":0,"total-compressions":0,"total-compression-diff":0,"current-compression-diff":0,"total-events-serialized":17,"global_ts_usec":1532126321356858}
00803{"flow_event_id":1,"flow_event_name":"new","thread_id":0,"packet_id":13,"source":"cfgs\/default\/pcap\/ossfuzz_seed_fake_traces_2.pcapng","alias":"nDPId-test","flow_id":3,"flow_state":"info","flow_src_packets_processed":1,"flow_dst_packets_processed":0,"flow_first_seen":1532126321356858,"flow_src_last_pkt_time":1532126321356858,"flow_dst_last_pkt_time":1532126321356858,"flow_idle_time":200000000,"flow_src_min_l4_payload_len":148,"flow_dst_min_l4_payload_len":0,"flow_src_max_l4_payload_len":148,"flow_dst_max_l4_payload_len":0,"flow_src_tot_l4_payload_len":148,"flow_dst_tot_l4_payload_len":0,"midstream":0,"thread_ts_usec":1532126321356858,"l3_proto":"ip4","src_ip":"10.147.205.42","dst_ip":"10.45.123.132","src_port":43462,"dst_port":51820,"l4_proto":"udp","flow_datalink":1,"flow_max_packets":5}
00734{"packet_event_id":2,"packet_event_name":"packet-flow","thread_id":0,"packet_id":13,"source":"cfgs\/default\/pcap\/ossfuzz_seed_fake_traces_2.pcapng","alias":"nDPId-test","flow_id":3,"flow_packet_id":1,"flow_src_last_pkt_time":1532126321356858,"flow_dst_last_pkt_time":1532126321356858,"flow_idle_time":200000000,"pkt_datalink":1,"pkt_caplen":190,"pkt_type":2048,"pkt_l3_offset":14,"pkt_l4_offset":34,"pkt_len":190,"pkt_l4_len":156,"thread_ts_usec":1532126321356858,"pkt":"ouY0KRatOjbl\/kz4CABFiACwAksAAEARGfwKk80qCi17hKnGymwAnLj3AQAAANg30DBfzsfI5cji4\/eYnu9gwijYIynWArax4rudBo+Jz51NRTJ4D20nJk97mHAf3Cek7ACutr7NvvIzLxtAhMrbk4I5NcASriVeeyXv8TlAwyH6a9ZqKoewYdsUMBc+k39Wk0neKFbcXyYWdj7ur8BTOwHdll5+x2l24o9oPWcSAAAAAAAAAAAAAAAAAAAAAA=="}
00793{"flow_event_id":1,"flow_event_name":"new","thread_id":0,"packet_id":14,"source":"cfgs\/default\/pcap\/ossfuzz_seed_fake_traces_2.pcapng","alias":"nDPId-test","flow_id":4,"flow_state":"info","flow_src_packets_processed":1,"flow_dst_packets_processed":0,"flow_first_seen":1532126321356858,"flow_src_last_pkt_time":1532126321356858,"flow_dst_last_pkt_time":1532126321356858,"flow_idle_time":200000000,"flow_src_min_l4_payload_len":148,"flow_dst_min_l4_payload_len":0,"flow_src_max_l4_payload_len":148,"flow_dst_max_l4_payload_len":0,"flow_src_tot_l4_payload_len":148,"flow_dst_tot_l4_payload_len":0,"midstream":0,"thread_ts_usec":1532126321356858,"l3_proto":"ip4","src_ip":"10.9.0.1","dst_ip":"10.9.0.2","src_port":43462,"dst_port":51820,"l4_proto":"udp","flow_datalink":1,"flow_max_packets":5}
00733{"packet_event_id":2,"packet_event_name":"packet-flow","thread_id":0,"packet_id":14,"source":"cfgs\/default\/pcap\/ossfuzz_seed_fake_traces_2.pcapng","alias":"nDPId-test","flow_id":4,"flow_packet_id":1,"flow_src_last_pkt_time":1532126321356858,"flow_dst_last_pkt_time":1532126321356858,"flow_idle_time":200000000,"pkt_datalink":1,"pkt_caplen":190,"pkt_type":2048,"pkt_l3_offset":14,"pkt_l4_offset":34,"pkt_len":190,"pkt_l4_len":156,"thread_ts_usec":1532126321356858,"pkt":"ouY0lLWDOjblv1r4CABFiACwAksAAEARY1YKCQABCgkAAqnGymwAnBTCAQAAANg30DBfzsfI5cji4\/eYnu9gwijYIynWArax4rudBo+Jz51NRTJ4D20nJk97mHAf3Cek7ACutr7NvvIzLxtAhMrbk4I5NcASriVeeyXv8TlAwyH6a9ZqKoewYdsUMBc+k39Wk0neKFbcXyYWdj7ur8BTOwHdll5+x2l24o9oPWcSAAAAAAAAAAAAAAAAAAAAAA=="}
00620{"packet_event_id":2,"packet_event_name":"packet-flow","thread_id":0,"packet_id":15,"source":"cfgs\/default\/pcap\/ossfuzz_seed_fake_traces_2.pcapng","alias":"nDPId-test","flow_id":3,"flow_packet_id":2,"flow_src_last_pkt_time":1532126321356858,"flow_dst_last_pkt_time":1532126321359376,"flow_idle_time":200000000,"pkt_datalink":1,"pkt_caplen":106,"pkt_type":2048,"pkt_l3_offset":14,"pkt_l4_offset":34,"pkt_len":106,"pkt_l4_len":72,"thread_ts_usec":1532126321359376,"pkt":"Ojbl\/kz4ouY0KRatCABFiABcKjkAAEAR8mEKLXuECpPNKspsqcYASMITAwAAADDQN9gAAAAAAAAAAAAAAAAAAAAAAAAAAAAAAAAAAAAAAAAAAAAAAAAAAAAAAAAAAAAAAAAAAAAAAAAAAA=="}
00619{"packet_event_id":2,"packet_event_name":"packet-flow","thread_id":0,"packet_id":16,"source":"cfgs\/default\/pcap\/ossfuzz_seed_fake_traces_2.pcapng","alias":"nDPId-test","flow_id":4,"flow_packet_id":2,"flow_src_last_pkt_time":1532126321356858,"flow_dst_last_pkt_time":1532126321359376,"flow_idle_time":200000000,"pkt_datalink":1,"pkt_caplen":106,"pkt_type":2048,"pkt_l3_offset":14,"pkt_l4_offset":34,"pkt_len":106,"pkt_l4_len":72,"thread_ts_usec":1532126321359376,"pkt":"Ojblv1r4ouY0lLWDCABFiABcKjkAAEARO7wKCQACCgkAAcpsqcYASMutAwAAANg30DAAAAAAAAAAAAAAAAAAAAAAAAAAAAAAAAAAAAAAAAAAAAAAAAAAAAAAAAAAAAAAAAAAAAAAAAAAAA=="}
00945{"flow_event_id":7,"flow_event_name":"detected","thread_id":0,"packet_id":16,"source":"cfgs\/default\/pcap\/ossfuzz_seed_fake_traces_2.pcapng","alias":"nDPId-test","flow_id":4,"flow_state":"info","flow_src_packets_processed":1,"flow_dst_packets_processed":1,"flow_first_seen":1532126321356858,"flow_src_last_pkt_time":1532126321356858,"flow_dst_last_pkt_time":1532126321359376,"flow_idle_time":200000000,"flow_src_min_l4_payload_len":148,"flow_dst_min_l4_payload_len":0,"flow_src_max_l4_payload_len":148,"flow_dst_max_l4_payload_len":64,"flow_src_tot_l4_payload_len":148,"flow_dst_tot_l4_payload_len":64,"midstream":0,"thread_ts_usec":1532126321359376,"l3_proto":"ip4","src_ip":"10.9.0.1","dst_ip":"10.9.0.2","src_port":43462,"dst_port":51820,"l4_proto":"udp","ndpi": {"confidence": {"6":"DPI"},"proto":"WireGuard","proto_id":"206","proto_by_ip":"Unknown","proto_by_ip_id":0,"encrypted":1,"breed":"Acceptable","category_id":2,"category":"VPN"}}
00987{"flow_event_id":3,"flow_event_name":"idle","thread_id":0,"packet_id":16,"source":"cfgs\/default\/pcap\/ossfuzz_seed_fake_traces_2.pcapng","alias":"nDPId-test","flow_id":1,"flow_state":"finished","flow_src_packets_processed":4,"flow_dst_packets_processed":2,"flow_first_seen":1258844926423672,"flow_src_last_pkt_time":1258844926441100,"flow_dst_last_pkt_time":1258844926440830,"flow_idle_time":7580000000,"flow_src_min_l4_payload_len":0,"flow_dst_min_l4_payload_len":0,"flow_src_max_l4_payload_len":21,"flow_dst_max_l4_payload_len":124,"flow_src_tot_l4_payload_len":21,"flow_dst_tot_l4_payload_len":124,"midstream":0,"thread_ts_usec":1532126321359376,"l3_proto":"ip4","src_ip":"172.26.235.166","dst_ip":"172.30.92.62","src_port":55630,"dst_port":119,"l4_proto":"tcp","flow_datalink":1,"flow_max_packets":5,"ndpi": {"confidence": {"6":"DPI"},"proto":"Usenet","proto_id":"93","proto_by_ip":"Unknown","proto_by_ip_id":0,"encrypted":0,"breed":"Acceptable","category_id":5,"category":"Web"}}
00986{"flow_event_id":3,"flow_event_name":"idle","thread_id":0,"packet_id":16,"source":"cfgs\/default\/pcap\/ossfuzz_seed_fake_traces_2.pcapng","alias":"nDPId-test","flow_id":2,"flow_state":"finished","flow_src_packets_processed":4,"flow_dst_packets_processed":2,"flow_first_seen":1258844926423672,"flow_src_last_pkt_time":1258844926441100,"flow_dst_last_pkt_time":1258844926440830,"flow_idle_time":7580000000,"flow_src_min_l4_payload_len":0,"flow_dst_min_l4_payload_len":0,"flow_src_max_l4_payload_len":6,"flow_dst_max_l4_payload_len":124,"flow_src_tot_l4_payload_len":6,"flow_dst_tot_l4_payload_len":124,"midstream":0,"thread_ts_usec":1532126321359376,"l3_proto":"ip4","src_ip":"192.168.190.20","dst_ip":"192.168.190.5","src_port":55630,"dst_port":119,"l4_proto":"tcp","flow_datalink":1,"flow_max_packets":5,"ndpi": {"confidence": {"6":"DPI"},"proto":"Usenet","proto_id":"93","proto_by_ip":"Unknown","proto_by_ip_id":0,"encrypted":0,"breed":"Acceptable","category_id":5,"category":"Web"}}
00964{"flow_event_id":6,"flow_event_name":"guessed","thread_id":0,"packet_id":16,"source":"cfgs\/default\/pcap\/ossfuzz_seed_fake_traces_2.pcapng","alias":"nDPId-test","flow_id":3,"flow_state":"info","flow_src_packets_processed":1,"flow_dst_packets_processed":1,"flow_first_seen":1532126321356858,"flow_src_last_pkt_time":1532126321356858,"flow_dst_last_pkt_time":1532126321359376,"flow_idle_time":200000000,"flow_src_min_l4_payload_len":148,"flow_dst_min_l4_payload_len":0,"flow_src_max_l4_payload_len":148,"flow_dst_max_l4_payload_len":64,"flow_src_tot_l4_payload_len":148,"flow_dst_tot_l4_payload_len":64,"midstream":0,"thread_ts_usec":1532126321359376,"l3_proto":"ip4","src_ip":"10.147.205.42","dst_ip":"10.45.123.132","src_port":43462,"dst_port":51820,"l4_proto":"udp","ndpi": {"confidence": {"1":"Match by port"},"proto":"WireGuard","proto_id":"206","proto_by_ip":"Unknown","proto_by_ip_id":0,"encrypted":1,"breed":"Acceptable","category_id":2,"category":"VPN"}}
00806{"flow_event_id":3,"flow_event_name":"idle","thread_id":0,"packet_id":16,"source":"cfgs\/default\/pcap\/ossfuzz_seed_fake_traces_2.pcapng","alias":"nDPId-test","flow_id":3,"flow_state":"info","flow_src_packets_processed":1,"flow_dst_packets_processed":1,"flow_first_seen":1532126321356858,"flow_src_last_pkt_time":1532126321356858,"flow_dst_last_pkt_time":1532126321359376,"flow_idle_time":200000000,"flow_src_min_l4_payload_len":148,"flow_dst_min_l4_payload_len":0,"flow_src_max_l4_payload_len":148,"flow_dst_max_l4_payload_len":64,"flow_src_tot_l4_payload_len":148,"flow_dst_tot_l4_payload_len":64,"midstream":0,"thread_ts_usec":1532126321359376,"l3_proto":"ip4","src_ip":"10.147.205.42","dst_ip":"10.45.123.132","src_port":43462,"dst_port":51820,"l4_proto":"udp","flow_datalink":1,"flow_max_packets":5}
00984{"flow_event_id":3,"flow_event_name":"idle","thread_id":0,"packet_id":16,"source":"cfgs\/default\/pcap\/ossfuzz_seed_fake_traces_2.pcapng","alias":"nDPId-test","flow_id":4,"flow_state":"finished","flow_src_packets_processed":1,"flow_dst_packets_processed":1,"flow_first_seen":1532126321356858,"flow_src_last_pkt_time":1532126321356858,"flow_dst_last_pkt_time":1532126321359376,"flow_idle_time":200000000,"flow_src_min_l4_payload_len":148,"flow_dst_min_l4_payload_len":0,"flow_src_max_l4_payload_len":148,"flow_dst_max_l4_payload_len":64,"flow_src_tot_l4_payload_len":148,"flow_dst_tot_l4_payload_len":64,"midstream":0,"thread_ts_usec":1532126321359376,"l3_proto":"ip4","src_ip":"10.9.0.1","dst_ip":"10.9.0.2","src_port":43462,"dst_port":51820,"l4_proto":"udp","flow_datalink":1,"flow_max_packets":5,"ndpi": {"confidence": {"6":"DPI"},"proto":"WireGuard","proto_id":"206","proto_by_ip":"Unknown","proto_by_ip_id":0,"encrypted":1,"breed":"Acceptable","category_id":2,"category":"VPN"}}
00600{"daemon_event_id":3,"daemon_event_name":"shutdown","thread_id":0,"packet_id":16,"source":"cfgs\/default\/pcap\/ossfuzz_seed_fake_traces_2.pcapng","alias":"nDPId-test","packets-captured":16,"packets-processed":16,"total-skipped-flows":0,"total-l4-payload-len":699,"total-not-detected-flows":0,"total-guessed-flows":1,"total-detected-flows":3,"total-detection-updates":0,"total-updates":0,"current-active-flows":0,"total-active-flows":4,"total-idle-flows":4,"total-compressions":0,"total-compression-diff":0,"current-compression-diff":0,"total-events-serialized":30,"global_ts_usec":1532126321359376}
~~~~~~~~~~~~~~~~~~~~ SUMMARY ~~~~~~~~~~~~~~~~~~~~
~~ packets captured/processed: 16/16
~~ skipped flows.............: 0
~~ total layer4 data length..: 699 bytes
~~ total detected protocols..: 3
~~ total active/idle flows...: 4/4
~~ total timeout flows.......: 0
~~~~~~~~~~~~~~~~~~~~~~~~~~~~~~~~~~~~~~~~~~~~~~~~~
~~ total memory allocated....: 7974959 bytes
~~ total memory freed........: 7974959 bytes
~~ total allocations/frees...: 148338/148338
~~~~~~~~~~~~~~~~~~~~~~~~~~~~~~~~~~~~~~~~~~~~~~~~~
~~ json string min len.......: 534 chars
~~ json string max len.......: 992 chars
~~ json string avg len.......: 762 chars
